recordedAt=2026-08-10T04:19:40.4363366+00:00 correlationId=90820e0d1ad14aa4bf2c953783171d41 component=Watch stage=HTTP_OK elapsedMs=66 endpoint=/api/contract statusCode=200 rowCount=1 bytes=59
recordedAt=2026-08-10T04:19:40.4796510+00:00 correlationId=b93a312874784d85a1205753165bce0d component=Watch stage=HTTP_OK elapsedMs=36 endpoint=/api/poll-health statusCode=200 rowCount=1 bytes=210
recordedAt=2026-08-10T04:19:40.5057003+00:00 correlationId=5aa0a50e771f4835bd789d6570a855a5 component=Watch stage=HTTP_OK elapsedMs=1 endpoint=/api/poll-health statusCode=200 rowCount=1 bytes=210
recordedAt=2026-08-10T04:19:40.5258542+00:00 correlationId=406c2c2b28c04bc68ce7e39e0983950e component=Watch stage=HTTP_OK elapsedMs=12 endpoint=/api/alerts statusCode=200 rowCount=0 bytes=46
recordedAt=2026-08-10T04:19:40.5271817+00:00 correlationId=e5c774b7e4d548538b84d42545b23734 component=Watch stage=HTTP_OK elapsedMs=7 endpoint=/api/demands statusCode=200 rowCount=1 bytes=436
recordedAt=2026-08-10T04:19:46.0623243+00:00 correlationId=230b1890816347d1933b70f691e87f28 component=Watch stage=HTTP_STATUS elapsedMs=20 endpoint=/api/demands rowCount=0 bytes=0 detail=Response status code does not indicate success: 503 (Service Unavailable). Host response: {"error":"fake Host offline"}
recordedAt=2026-08-10T04:19:46.0623244+00:00 correlationId=b72051bfffa44661a3944d86e6f4159d component=Watch stage=HTTP_STATUS elapsedMs=19 endpoint=/api/poll-health rowCount=0 bytes=0 detail=Response status code does not indicate success: 503 (Service Unavailable).
recordedAt=2026-08-10T04:19:46.0623345+00:00 correlationId=d1fd27afd16c4f23b34d7f16c0263d1c component=Watch stage=HTTP_STATUS elapsedMs=18 endpoint=/api/alerts statusCode=503 rowCount=0 bytes=29 detail={"error":"fake Host offline"}
recordedAt=2026-08-10T04:19:46.3227505+00:00 correlationId=47dd13730ae5478caa9002b00a8134da component=Watch stage=HTTP_OK elapsedMs=1 endpoint=/api/poll-health statusCode=200 rowCount=1 bytes=210
recordedAt=2026-08-10T04:19:46.3229160+00:00 correlationId=40df60c6c29244cab7a9daf31a7cabd3 component=Watch stage=HTTP_OK elapsedMs=1 endpoint=/api/alerts statusCode=200 rowCount=0 bytes=46
recordedAt=2026-08-10T04:19:46.3229485+00:00 correlationId=a6a58b8f1c98465eab436887cab438fa component=Watch stage=HTTP_OK elapsedMs=0 endpoint=/api/demands statusCode=200 rowCount=1 bytes=436
recordedAt=2026-08-10T04:20:19.8284867+00:00 correlationId=8d795ea17b934391a9f331dd8300c164 component=Watch stage=HTTP_OK elapsedMs=88 endpoint=/api/contract statusCode=200 rowCount=1 bytes=59
recordedAt=2026-08-10T04:20:19.8661297+00:00 correlationId=7f85a5e7864e44f4908795d9f5664802 component=Watch stage=HTTP_OK elapsedMs=33 endpoint=/api/poll-health statusCode=200 rowCount=1 bytes=210
recordedAt=2026-08-10T04:20:19.9038368+00:00 correlationId=ae7353835d444a7da785ba010048dc21 component=Watch stage=HTTP_OK elapsedMs=1 endpoint=/api/poll-health statusCode=200 rowCount=1 bytes=210
recordedAt=2026-08-10T04:20:19.9312971+00:00 correlationId=c27d886f777c49909cc6910e6f954baa component=Watch stage=HTTP_OK elapsedMs=19 endpoint=/api/alerts statusCode=200 rowCount=0 bytes=46
recordedAt=2026-08-10T04:20:19.9333188+00:00 correlationId=9713d93f22b04cfe8bb88dcd59f4e4fa component=Watch stage=HTTP_OK elapsedMs=14 endpoint=/api/demands statusCode=200 rowCount=1 bytes=436
recordedAt=2026-08-10T04:20:20.9465530+00:00 correlationId=5c5aae02189b46888f253f2162c27c52 component=Watch stage=HTTP_STATUS elapsedMs=3 endpoint=/api/alerts statusCode=503 rowCount=0 bytes=29 detail={"error":"fake Host offline"}
recordedAt=2026-08-10T04:20:20.9465822+00:00 correlationId=7ab3b648619c4238bf8eb4fbac6bb7af component=Watch stage=HTTP_STATUS elapsedMs=3 endpoint=/api/poll-health rowCount=0 bytes=0 detail=Response status code does not indicate success: 503 (Service Unavailable).
recordedAt=2026-08-10T04:20:20.9466357+00:00 correlationId=e808bcf44d3b4936aed6f32c3ebe04ce component=Watch stage=HTTP_STATUS elapsedMs=3 endpoint=/api/demands rowCount=0 bytes=0 detail=Response status code does not indicate success: 503 (Service Unavailable). Host response: {"error":"fake Host offline"}
recordedAt=2026-08-10T04:20:21.2827959+00:00 correlationId=a168e22a17b04312bb2d4f71711f94a6 component=Watch stage=HTTP_OK elapsedMs=1 endpoint=/api/poll-health statusCode=200 rowCount=1 bytes=210
recordedAt=2026-08-10T04:20:21.2829222+00:00 correlationId=513a9fba255c463ba1815bf7cfe43e4a component=Watch stage=HTTP_OK elapsedMs=0 endpoint=/api/alerts statusCode=200 rowCount=0 bytes=46
recordedAt=2026-08-10T04:20:21.2830439+00:00 correlationId=235894c5ef8e4b28a538dceb8cd42c45 component=Watch stage=HTTP_OK elapsedMs=0 endpoint=/api/demands statusCode=200 rowCount=1 bytes=436
