recordedAt=2026-08-10T01:20:58.6069877+00:00 correlationId=6c1fe2de3cc0471cad2c126066cc42db component=Watch stage=HTTP_OK elapsedMs=73 endpoint=/api/contract statusCode=200 rowCount=1 bytes=59
recordedAt=2026-08-10T01:20:58.6615960+00:00 correlationId=c1ebbe3db65d454f897571f615d801fd component=Watch stage=HTTP_OK elapsedMs=46 endpoint=/api/poll-health statusCode=200 rowCount=1 bytes=210
recordedAt=2026-08-10T01:20:58.6977880+00:00 correlationId=fcc042bf19ab4e00bd41d57c902c2c9f component=Watch stage=HTTP_OK elapsedMs=1 endpoint=/api/poll-health statusCode=200 rowCount=1 bytes=210
recordedAt=2026-08-10T01:20:58.7180697+00:00 correlationId=9d2b2540903c4fa2a1ce823d9e48d52f component=Watch stage=HTTP_OK elapsedMs=16 endpoint=/api/alerts statusCode=200 rowCount=0 bytes=46
recordedAt=2026-08-10T01:20:58.7194377+00:00 correlationId=6ed4d70c73304c61abecea77191493b7 component=Watch stage=HTTP_OK elapsedMs=10 endpoint=/api/demands statusCode=200 rowCount=1 bytes=436
recordedAt=2026-08-10T01:21:04.3230006+00:00 correlationId=b2363f49a73b4b8d876130656222ee2b component=Watch stage=HTTP_STATUS elapsedMs=3 endpoint=/api/alerts statusCode=503 rowCount=0 bytes=29 detail={"error":"fake Host offline"}
recordedAt=2026-08-10T01:21:04.3230155+00:00 correlationId=8d51b759cc194218a685e17bd62ebc26 component=Watch stage=HTTP_STATUS elapsedMs=3 endpoint=/api/demands rowCount=0 bytes=0 detail=Response status code does not indicate success: 503 (Service Unavailable). Host response: {"error":"fake Host offline"}
recordedAt=2026-08-10T01:21:04.3230186+00:00 correlationId=690eede747d14f96b6fb107ae5120753 component=Watch stage=HTTP_STATUS elapsedMs=2 endpoint=/api/poll-health rowCount=0 bytes=0 detail=Response status code does not indicate success: 503 (Service Unavailable).
recordedAt=2026-08-10T01:21:04.6081835+00:00 correlationId=046ec6d02c194fe086577a2a33404847 component=Watch stage=HTTP_OK elapsedMs=1 endpoint=/api/alerts statusCode=200 rowCount=0 bytes=46
recordedAt=2026-08-10T01:21:04.6082076+00:00 correlationId=17b8d83ebdd54c8399c9ad7c02744468 component=Watch stage=HTTP_OK elapsedMs=1 endpoint=/api/poll-health statusCode=200 rowCount=1 bytes=210
recordedAt=2026-08-10T01:21:04.6083462+00:00 correlationId=6d8f3c073c604d4ebc98676851db331c component=Watch stage=HTTP_OK elapsedMs=1 endpoint=/api/demands statusCode=200 rowCount=1 bytes=436
recordedAt=2026-08-10T01:21:36.1948456+00:00 correlationId=c3d7c146d558431795f0f79847ba62db component=Watch stage=HTTP_OK elapsedMs=80 endpoint=/api/contract statusCode=200 rowCount=1 bytes=59
recordedAt=2026-08-10T01:21:36.2296763+00:00 correlationId=0a0e0ca69d3b44e0a305d4b779e0f994 component=Watch stage=HTTP_OK elapsedMs=29 endpoint=/api/poll-health statusCode=200 rowCount=1 bytes=210
recordedAt=2026-08-10T01:21:36.2510220+00:00 correlationId=5095083c9a2c4f4485b92214b84160b5 component=Watch stage=HTTP_OK elapsedMs=6 endpoint=/api/poll-health statusCode=200 rowCount=1 bytes=210
recordedAt=2026-08-10T01:21:36.2666966+00:00 correlationId=25d6061940ae452da411a26e314f6a12 component=Watch stage=HTTP_OK elapsedMs=12 endpoint=/api/alerts statusCode=200 rowCount=0 bytes=46
recordedAt=2026-08-10T01:21:36.2680247+00:00 correlationId=fa6ee4c722274fc28ab7c1990098ab2d component=Watch stage=HTTP_OK elapsedMs=9 endpoint=/api/demands statusCode=200 rowCount=1 bytes=436
recordedAt=2026-08-10T01:21:37.2498549+00:00 correlationId=5a38e5e207724e1484d10a24708031ac component=Watch stage=HTTP_STATUS elapsedMs=4 endpoint=/api/alerts statusCode=503 rowCount=0 bytes=29 detail={"error":"fake Host offline"}
recordedAt=2026-08-10T01:21:37.2498549+00:00 correlationId=4c4b6a7e5844481aa05da0ef3b1d6f10 component=Watch stage=HTTP_STATUS elapsedMs=4 endpoint=/api/demands rowCount=0 bytes=0 detail=Response status code does not indicate success: 503 (Service Unavailable). Host response: {"error":"fake Host offline"}
recordedAt=2026-08-10T01:21:37.2498802+00:00 correlationId=11a1368aa56e4ac597decb4aef691841 component=Watch stage=HTTP_STATUS elapsedMs=4 endpoint=/api/poll-health rowCount=0 bytes=0 detail=Response status code does not indicate success: 503 (Service Unavailable).
recordedAt=2026-08-10T01:21:37.5878738+00:00 correlationId=fcc105cd9c0848c6b081fed484f9c982 component=Watch stage=HTTP_OK elapsedMs=1 endpoint=/api/alerts statusCode=200 rowCount=0 bytes=46
recordedAt=2026-08-10T01:21:37.5878812+00:00 correlationId=a64e20899b1e4959976cd1f3b6da221c component=Watch stage=HTTP_OK elapsedMs=1 endpoint=/api/poll-health statusCode=200 rowCount=1 bytes=210
recordedAt=2026-08-10T01:21:37.5881547+00:00 correlationId=4bb1ab4f9e4b436bab3f76e6fdc6f214 component=Watch stage=HTTP_OK elapsedMs=1 endpoint=/api/demands statusCode=200 rowCount=1 bytes=436
