recordedAt=2026-08-10T03:53:25.9205224+00:00 correlationId=91dc2603c9f54c498bb635788ba048e8 component=Watch stage=HTTP_OK elapsedMs=70 endpoint=/api/contract statusCode=200 rowCount=1 bytes=59
recordedAt=2026-08-10T03:53:25.9597650+00:00 correlationId=94cec0423aba4250ad0245ec424fd012 component=Watch stage=HTTP_OK elapsedMs=32 endpoint=/api/poll-health statusCode=200 rowCount=1 bytes=210
recordedAt=2026-08-10T03:53:25.9880679+00:00 correlationId=72e9ed96d7b049dabc56bd98911b7ab9 component=Watch stage=HTTP_OK elapsedMs=1 endpoint=/api/poll-health statusCode=200 rowCount=1 bytes=210
recordedAt=2026-08-10T03:53:26.0054712+00:00 correlationId=7bf936881e9749acbf7bdd41a0a98b4a component=Watch stage=HTTP_OK elapsedMs=14 endpoint=/api/alerts statusCode=200 rowCount=1 bytes=519
recordedAt=2026-08-10T03:53:26.0064051+00:00 correlationId=3e69b83d6452458faf05f39c2456ff02 component=Watch stage=HTTP_OK elapsedMs=11 endpoint=/api/demands statusCode=200 rowCount=1 bytes=436
recordedAt=2026-08-10T03:53:31.1153415+00:00 correlationId=6b60986a8ecd4fbab3f77fd7bec3a111 component=Watch stage=HTTP_OK elapsedMs=1 endpoint=/api/alerts statusCode=200 rowCount=1 bytes=519
recordedAt=2026-08-10T03:53:31.7197233+00:00 correlationId=36801a48a2df4b19ac40d9bdc410f9a1 component=Watch stage=HTTP_OK elapsedMs=2 endpoint=/api/demands/journey-visible-001 statusCode=200 rowCount=1 bytes=390
recordedAt=2026-08-10T03:53:31.9625337+00:00 correlationId=e11de6d6d73943f8a88451fb04b9ffcc component=Watch stage=HTTP_OK elapsedMs=1 endpoint=/api/demands/journey-visible-001 statusCode=200 rowCount=1 bytes=390
recordedAt=2026-08-10T03:53:32.1164923+00:00 correlationId=3d01a2d884d6401fb57cb9a3b4c5d916 component=Watch stage=HTTP_OK elapsedMs=1 endpoint=/api/demands/journey-visible-001 statusCode=200 rowCount=1 bytes=390
recordedAt=2026-08-10T03:53:32.1205859+00:00 correlationId=840b0889918c45f996e775ac0d0b2e4f component=Watch stage=HTTP_OK elapsedMs=1 endpoint=/api/demands statusCode=200 rowCount=1 bytes=436
recordedAt=2026-08-10T03:53:32.1535588+00:00 correlationId=9de64dfa54af406bb6bfe24585fcee98 component=Watch stage=HTTP_OK elapsedMs=1 endpoint=/api/demands/journey-visible-001 statusCode=200 rowCount=1 bytes=390
recordedAt=2026-08-10T03:53:32.9791593+00:00 correlationId=d9309b022515481fb388191766cc254c component=Watch stage=HTTP_OK elapsedMs=1 endpoint=/api/demands/journey-visible-001 statusCode=200 rowCount=1 bytes=390
recordedAt=2026-08-10T03:54:14.0124370+00:00 correlationId=bc5763320c6845e6b1b3b43ac354e839 component=Watch stage=HTTP_OK elapsedMs=134 endpoint=/api/contract statusCode=200 rowCount=1 bytes=59
recordedAt=2026-08-10T03:54:14.1083126+00:00 correlationId=e7952623edd0488cad0dbccb29f243f8 component=Watch stage=HTTP_OK elapsedMs=82 endpoint=/api/poll-health statusCode=200 rowCount=1 bytes=210
recordedAt=2026-08-10T03:54:14.1705553+00:00 correlationId=ea74f3b6b60e4704967b818ae834098a component=Watch stage=HTTP_OK elapsedMs=7 endpoint=/api/poll-health statusCode=200 rowCount=1 bytes=210
recordedAt=2026-08-10T03:54:14.2181054+00:00 correlationId=3c6ca3f73aa84df69f7ae280e7b3ecbd component=Watch stage=HTTP_OK elapsedMs=38 endpoint=/api/alerts statusCode=200 rowCount=1 bytes=519
recordedAt=2026-08-10T03:54:14.2420786+00:00 correlationId=0b9bf66d6e484e418508f112915a3d56 component=Watch stage=HTTP_OK elapsedMs=53 endpoint=/api/demands statusCode=200 rowCount=1 bytes=436
recordedAt=2026-08-10T03:54:14.7375453+00:00 correlationId=2a829bd9b0554066bd4f6158e81a22c7 component=Watch stage=HTTP_OK elapsedMs=1 endpoint=/api/alerts statusCode=200 rowCount=1 bytes=519
recordedAt=2026-08-10T03:54:15.6318062+00:00 correlationId=bbcd846f858948d3a46120550979be45 component=Watch stage=HTTP_OK elapsedMs=2 endpoint=/api/demands/journey-visible-001 statusCode=200 rowCount=1 bytes=390
recordedAt=2026-08-10T03:54:16.1283249+00:00 correlationId=d4c66ead5fde4172a0de79077d1c2644 component=Watch stage=HTTP_OK elapsedMs=1 endpoint=/api/demands/journey-visible-001 statusCode=200 rowCount=1 bytes=390
recordedAt=2026-08-10T03:54:16.3359494+00:00 correlationId=36525eac3d3c44ff811e569bae32cf91 component=Watch stage=HTTP_OK elapsedMs=2 endpoint=/api/demands/journey-visible-001 statusCode=200 rowCount=1 bytes=390
recordedAt=2026-08-10T03:54:16.3501070+00:00 correlationId=66b920ad3ae343e68d9bf3482bf99554 component=Watch stage=HTTP_OK elapsedMs=3 endpoint=/api/demands statusCode=200 rowCount=1 bytes=436
recordedAt=2026-08-10T03:54:16.4123892+00:00 correlationId=e98370cf5ab74996b12ba09966fbb289 component=Watch stage=HTTP_OK elapsedMs=1 endpoint=/api/demands/journey-visible-001 statusCode=200 rowCount=1 bytes=390
recordedAt=2026-08-10T03:54:17.1432273+00:00 correlationId=6057b0745cb3495c91d83db336456db6 component=Watch stage=HTTP_OK elapsedMs=1 endpoint=/api/demands/journey-visible-001 statusCode=200 rowCount=1 bytes=390
