recordedAt=2026-08-10T06:46:43.2376093+00:00 correlationId=4dc610d64879496b9358e353886a30ef component=Watch stage=HTTP_OK elapsedMs=67 endpoint=/api/contract statusCode=200 rowCount=1 bytes=59
recordedAt=2026-08-10T06:46:43.2816256+00:00 correlationId=a4b25694cf5b49bd81a5250648252408 component=Watch stage=HTTP_OK elapsedMs=39 endpoint=/api/poll-health statusCode=200 rowCount=1 bytes=210
recordedAt=2026-08-10T06:46:43.3129183+00:00 correlationId=3c2a111ad4bf41f3962b6d05a9a9fb30 component=Watch stage=HTTP_OK elapsedMs=1 endpoint=/api/poll-health statusCode=200 rowCount=1 bytes=210
recordedAt=2026-08-10T06:46:43.3377270+00:00 correlationId=49a93fd0e4714874aa11021483afc85d component=Watch stage=HTTP_OK elapsedMs=19 endpoint=/api/alerts statusCode=200 rowCount=1 bytes=519
recordedAt=2026-08-10T06:46:43.3377600+00:00 correlationId=1628ccc4d2144bb4a809ec0f062fd780 component=Watch stage=HTTP_OK elapsedMs=15 endpoint=/api/demands statusCode=200 rowCount=1 bytes=436
recordedAt=2026-08-10T06:46:48.3975575+00:00 correlationId=b2a3d8501ed841fca32d7dd246514558 component=Watch stage=HTTP_OK elapsedMs=1 endpoint=/api/alerts statusCode=200 rowCount=1 bytes=519
recordedAt=2026-08-10T06:46:49.0048588+00:00 correlationId=52461eb2ff294da7a4a4423b825e084f component=Watch stage=HTTP_OK elapsedMs=3 endpoint=/api/demands/journey-visible-001 statusCode=200 rowCount=1 bytes=390
recordedAt=2026-08-10T06:46:49.2148394+00:00 correlationId=80ff24d99405471d9d6d0e270d560b79 component=Watch stage=HTTP_OK elapsedMs=3 endpoint=/api/demands/journey-visible-001 statusCode=200 rowCount=1 bytes=390
recordedAt=2026-08-10T06:46:49.3841255+00:00 correlationId=724b40cebc8b41ac8407227e28e36532 component=Watch stage=HTTP_OK elapsedMs=1 endpoint=/api/demands/journey-visible-001 statusCode=200 rowCount=1 bytes=390
recordedAt=2026-08-10T06:46:49.3916002+00:00 correlationId=b56530a9f1404b83a15152cafec89f36 component=Watch stage=HTTP_OK elapsedMs=2 endpoint=/api/demands statusCode=200 rowCount=1 bytes=436
recordedAt=2026-08-10T06:46:49.4272425+00:00 correlationId=ddb1bb29ad514384b9ebd6da0bafef34 component=Watch stage=HTTP_OK elapsedMs=1 endpoint=/api/demands/journey-visible-001 statusCode=200 rowCount=1 bytes=390
recordedAt=2026-08-10T06:47:29.2006509+00:00 correlationId=78d7129ea71142c8923e3b6d372c3190 component=Watch stage=HTTP_OK elapsedMs=94 endpoint=/api/contract statusCode=200 rowCount=1 bytes=59
recordedAt=2026-08-10T06:47:29.2564962+00:00 correlationId=0db6a850a7da46a6a62a84451f9367da component=Watch stage=HTTP_OK elapsedMs=50 endpoint=/api/poll-health statusCode=200 rowCount=1 bytes=210
recordedAt=2026-08-10T06:47:29.2992679+00:00 correlationId=c7b395c2a9624291a2dded2fad59223a component=Watch stage=HTTP_OK elapsedMs=5 endpoint=/api/poll-health statusCode=200 rowCount=1 bytes=210
recordedAt=2026-08-10T06:47:29.3342735+00:00 correlationId=36e1160a51834e4fb399d38c1a256077 component=Watch stage=HTTP_OK elapsedMs=31 endpoint=/api/alerts statusCode=200 rowCount=1 bytes=519
recordedAt=2026-08-10T06:47:29.3342735+00:00 correlationId=f0070d0821a74e909db31447d16cfad4 component=Watch stage=HTTP_OK elapsedMs=21 endpoint=/api/demands statusCode=200 rowCount=1 bytes=436
recordedAt=2026-08-10T06:47:29.8062418+00:00 correlationId=b03cf16c488b4f2cb57342d79cf1fef3 component=Watch stage=HTTP_OK elapsedMs=1 endpoint=/api/alerts statusCode=200 rowCount=1 bytes=519
recordedAt=2026-08-10T06:47:30.6086519+00:00 correlationId=23344cda8a454f168b9e9b457f999f0a component=Watch stage=HTTP_OK elapsedMs=5 endpoint=/api/demands/journey-visible-001 statusCode=200 rowCount=1 bytes=390
recordedAt=2026-08-10T06:47:30.9845363+00:00 correlationId=c71c16f26a5a459da9b6f0f30f62053c component=Watch stage=HTTP_OK elapsedMs=2 endpoint=/api/demands/journey-visible-001 statusCode=200 rowCount=1 bytes=390
recordedAt=2026-08-10T06:47:30.9925213+00:00 correlationId=6659b6f392ff44d5b6ca196163aef0b2 component=Watch stage=HTTP_OK elapsedMs=4 endpoint=/api/demands statusCode=200 rowCount=1 bytes=436
recordedAt=2026-08-10T06:47:31.0360297+00:00 correlationId=6bdf0078262845809b5bbd947a9e3207 component=Watch stage=HTTP_OK elapsedMs=1 endpoint=/api/demands/journey-visible-001 statusCode=200 rowCount=1 bytes=390
recordedAt=2026-08-10T06:47:31.3470929+00:00 correlationId=501cf510486f4f16be93cfb9aee033d1 component=Watch stage=HTTP_OK elapsedMs=1 endpoint=/api/demands/journey-visible-001 statusCode=200 rowCount=1 bytes=390
