recordedAt=2026-08-10T01:17:57.8966705+00:00 correlationId=d5bd280dd3684de68e3fbf20f52518b0 component=Watch stage=HTTP_OK elapsedMs=70 endpoint=/api/contract statusCode=200 rowCount=1 bytes=59
recordedAt=2026-08-10T01:17:57.9466096+00:00 correlationId=18cfcab0f4e549cf95e220a48cf564dc component=Watch stage=HTTP_OK elapsedMs=46 endpoint=/api/poll-health statusCode=200 rowCount=1 bytes=210
recordedAt=2026-08-10T01:17:57.9848048+00:00 correlationId=226e408ceecd479abea11373d1e71661 component=Watch stage=HTTP_OK elapsedMs=1 endpoint=/api/poll-health statusCode=200 rowCount=1 bytes=210
recordedAt=2026-08-10T01:17:58.0193667+00:00 correlationId=e473a18378b741f6b95722dfcffd69fd component=Watch stage=HTTP_OK elapsedMs=20 endpoint=/api/alerts statusCode=200 rowCount=0 bytes=46
recordedAt=2026-08-10T01:17:58.0205660+00:00 correlationId=e1e7f1ee871a44378ae950a33ed89c9d component=Watch stage=HTTP_OK elapsedMs=19 endpoint=/api/demands statusCode=200 rowCount=1 bytes=436
recordedAt=2026-08-10T01:18:03.4037379+00:00 correlationId=ee158372c4c943c3803c1a7802d5f9b8 component=Watch stage=HTTP_STATUS elapsedMs=4 endpoint=/api/alerts statusCode=503 rowCount=0 bytes=29 detail={"error":"fake Host offline"}
recordedAt=2026-08-10T01:18:03.4037409+00:00 correlationId=3c515f43ffea40cb8b8089eb2dd6e241 component=Watch stage=HTTP_STATUS elapsedMs=4 endpoint=/api/demands rowCount=0 bytes=0 detail=Response status code does not indicate success: 503 (Service Unavailable). Host response: {"error":"fake Host offline"}
recordedAt=2026-08-10T01:18:03.4037652+00:00 correlationId=1a81cacfb1694bd08ae0bef9284758e0 component=Watch stage=HTTP_STATUS elapsedMs=4 endpoint=/api/poll-health rowCount=0 bytes=0 detail=Response status code does not indicate success: 503 (Service Unavailable).
recordedAt=2026-08-10T01:18:03.7116983+00:00 correlationId=018c7e30ad8647c9b30962cad891e28b component=Watch stage=HTTP_OK elapsedMs=1 endpoint=/api/poll-health statusCode=200 rowCount=1 bytes=210
recordedAt=2026-08-10T01:18:03.7119210+00:00 correlationId=abe8023bb98b492f80a59ea183ad6b3c component=Watch stage=HTTP_OK elapsedMs=1 endpoint=/api/alerts statusCode=200 rowCount=0 bytes=46
recordedAt=2026-08-10T01:18:03.7119612+00:00 correlationId=d626e2cbedb94beea22b444762d795f6 component=Watch stage=HTTP_OK elapsedMs=1 endpoint=/api/demands statusCode=200 rowCount=1 bytes=436
recordedAt=2026-08-10T01:18:33.5624237+00:00 correlationId=d5321b178ab243b0819d603e74b232ae component=Watch stage=HTTP_OK elapsedMs=68 endpoint=/api/contract statusCode=200 rowCount=1 bytes=59
recordedAt=2026-08-10T01:18:33.5997428+00:00 correlationId=2a3f47bef72547e3b3c75a32b40ff16d component=Watch stage=HTTP_OK elapsedMs=33 endpoint=/api/poll-health statusCode=200 rowCount=1 bytes=210
recordedAt=2026-08-10T01:18:33.6439367+00:00 correlationId=fced609812ae4c7985f07e30c8ef0d30 component=Watch stage=HTTP_OK elapsedMs=6 endpoint=/api/poll-health statusCode=200 rowCount=1 bytes=210
recordedAt=2026-08-10T01:18:33.6612097+00:00 correlationId=1d6ac76b98f64e5a8eee369837675d0e component=Watch stage=HTTP_OK elapsedMs=13 endpoint=/api/alerts statusCode=200 rowCount=0 bytes=46
recordedAt=2026-08-10T01:18:33.6626696+00:00 correlationId=3cebf36cf80c42c29d840d3430bff5c1 component=Watch stage=HTTP_OK elapsedMs=10 endpoint=/api/demands statusCode=200 rowCount=1 bytes=436
recordedAt=2026-08-10T01:18:34.6145255+00:00 correlationId=352f243d9b994cea90764003819ac90e component=Watch stage=HTTP_STATUS elapsedMs=2 endpoint=/api/demands rowCount=0 bytes=0 detail=Response status code does not indicate success: 503 (Service Unavailable). Host response: {"error":"fake Host offline"}
recordedAt=2026-08-10T01:18:34.6145255+00:00 correlationId=a4f54a596efd4f258b88fe0adea1b46b component=Watch stage=HTTP_STATUS elapsedMs=3 endpoint=/api/poll-health rowCount=0 bytes=0 detail=Response status code does not indicate success: 503 (Service Unavailable).
recordedAt=2026-08-10T01:18:34.6145382+00:00 correlationId=0df901b1efca4d0dbd3d9f8861370b68 component=Watch stage=HTTP_STATUS elapsedMs=2 endpoint=/api/alerts statusCode=503 rowCount=0 bytes=29 detail={"error":"fake Host offline"}
recordedAt=2026-08-10T01:18:34.9305850+00:00 correlationId=f7a9b2f0d10d4ba49cce4568fc0b7d38 component=Watch stage=HTTP_OK elapsedMs=1 endpoint=/api/poll-health statusCode=200 rowCount=1 bytes=210
recordedAt=2026-08-10T01:18:34.9307358+00:00 correlationId=e94f0fe6d1544e019f95a0c5262c0af8 component=Watch stage=HTTP_OK elapsedMs=0 endpoint=/api/alerts statusCode=200 rowCount=0 bytes=46
recordedAt=2026-08-10T01:18:34.9308812+00:00 correlationId=9ec4316d204b49b8aa69e66576765a3c component=Watch stage=HTTP_OK elapsedMs=0 endpoint=/api/demands statusCode=200 rowCount=1 bytes=436
