recordedAt=2026-08-10T02:59:10.9149328+00:00 correlationId=50da79e9d9af42958233f4f3388351f6 component=Watch stage=HTTP_OK elapsedMs=107 endpoint=/api/contract statusCode=200 rowCount=1 bytes=59
recordedAt=2026-08-10T02:59:10.9681609+00:00 correlationId=4bc274ee9bd64d049e7b070aa72c7c27 component=Watch stage=HTTP_OK elapsedMs=47 endpoint=/api/poll-health statusCode=200 rowCount=1 bytes=210
recordedAt=2026-08-10T02:59:10.9947029+00:00 correlationId=35c035e8b0014b3d904772271a95fa23 component=Watch stage=HTTP_OK elapsedMs=1 endpoint=/api/poll-health statusCode=200 rowCount=1 bytes=210
recordedAt=2026-08-10T02:59:11.0231943+00:00 correlationId=675935f5dc874b7dae925ed1b70dd8cf component=Watch stage=HTTP_OK elapsedMs=24 endpoint=/api/alerts statusCode=200 rowCount=0 bytes=46
recordedAt=2026-08-10T02:59:11.0291804+00:00 correlationId=f4021f4a34d44924821b35bb17a0c15b component=Watch stage=HTTP_OK elapsedMs=24 endpoint=/api/demands statusCode=200 rowCount=1 bytes=436
recordedAt=2026-08-10T02:59:16.5240747+00:00 correlationId=122d1aad27054cb7af1b94365f1fd3cc component=Watch stage=HTTP_STATUS elapsedMs=5 endpoint=/api/alerts statusCode=503 rowCount=0 bytes=29 detail={"error":"fake Host offline"}
recordedAt=2026-08-10T02:59:16.5240776+00:00 correlationId=ad4b4160be8a4773a58d583b282f1197 component=Watch stage=HTTP_STATUS elapsedMs=5 endpoint=/api/poll-health rowCount=0 bytes=0 detail=Response status code does not indicate success: 503 (Service Unavailable).
recordedAt=2026-08-10T02:59:16.5241112+00:00 correlationId=8bb18e024a934c01984a03c686dfcc9d component=Watch stage=HTTP_STATUS elapsedMs=4 endpoint=/api/demands rowCount=0 bytes=0 detail=Response status code does not indicate success: 503 (Service Unavailable). Host response: {"error":"fake Host offline"}
recordedAt=2026-08-10T02:59:16.8372661+00:00 correlationId=b19d969b6216438db285bb787815170e component=Watch stage=HTTP_OK elapsedMs=0 endpoint=/api/poll-health statusCode=200 rowCount=1 bytes=210
recordedAt=2026-08-10T02:59:16.8375281+00:00 correlationId=92ea3d6a4e0240138da9bacc4ca71ffd component=Watch stage=HTTP_OK elapsedMs=0 endpoint=/api/alerts statusCode=200 rowCount=0 bytes=46
recordedAt=2026-08-10T02:59:16.8375621+00:00 correlationId=c10da213489a44cfaf88a539f13566b7 component=Watch stage=HTTP_OK elapsedMs=0 endpoint=/api/demands statusCode=200 rowCount=1 bytes=436
recordedAt=2026-08-10T02:59:48.5678434+00:00 correlationId=3ab8e0eaba6d48abbccdc5485cf935b3 component=Watch stage=HTTP_OK elapsedMs=84 endpoint=/api/contract statusCode=200 rowCount=1 bytes=59
recordedAt=2026-08-10T02:59:48.6226435+00:00 correlationId=773e4889777b4851890bd0b5deef2ece component=Watch stage=HTTP_OK elapsedMs=50 endpoint=/api/poll-health statusCode=200 rowCount=1 bytes=210
recordedAt=2026-08-10T02:59:48.6641285+00:00 correlationId=6284acd1148046a1b9c71a5c6ec2c9d1 component=Watch stage=HTTP_OK elapsedMs=5 endpoint=/api/poll-health statusCode=200 rowCount=1 bytes=210
recordedAt=2026-08-10T02:59:48.6784324+00:00 correlationId=0fc0070007f0480e855f894a8e7cee96 component=Watch stage=HTTP_OK elapsedMs=10 endpoint=/api/alerts statusCode=200 rowCount=0 bytes=46
recordedAt=2026-08-10T02:59:48.6834719+00:00 correlationId=18ac9c1b61c6493e8af27e7a37928957 component=Watch stage=HTTP_OK elapsedMs=9 endpoint=/api/demands statusCode=200 rowCount=1 bytes=436
recordedAt=2026-08-10T02:59:49.6376221+00:00 correlationId=3843a530235d40a48234b6b0a0149f97 component=Watch stage=HTTP_STATUS elapsedMs=2 endpoint=/api/alerts statusCode=503 rowCount=0 bytes=29 detail={"error":"fake Host offline"}
recordedAt=2026-08-10T02:59:49.6376405+00:00 correlationId=f1b94fdce5d34d1a96e38860a785ede3 component=Watch stage=HTTP_STATUS elapsedMs=2 endpoint=/api/demands rowCount=0 bytes=0 detail=Response status code does not indicate success: 503 (Service Unavailable). Host response: {"error":"fake Host offline"}
recordedAt=2026-08-10T02:59:49.6376616+00:00 correlationId=556eea882ac34faa9caf0fd4076595df component=Watch stage=HTTP_STATUS elapsedMs=3 endpoint=/api/poll-health rowCount=0 bytes=0 detail=Response status code does not indicate success: 503 (Service Unavailable).
recordedAt=2026-08-10T02:59:49.9611394+00:00 correlationId=ad1286683a29484ba77796dd4a0d107d component=Watch stage=HTTP_OK elapsedMs=0 endpoint=/api/poll-health statusCode=200 rowCount=1 bytes=210
recordedAt=2026-08-10T02:59:49.9611791+00:00 correlationId=fdc43924eb7f47638d12c546935fd0f0 component=Watch stage=HTTP_OK elapsedMs=0 endpoint=/api/alerts statusCode=200 rowCount=0 bytes=46
recordedAt=2026-08-10T02:59:49.9612337+00:00 correlationId=d95e794481ad4f01b9329fb29882e0ee component=Watch stage=HTTP_OK elapsedMs=0 endpoint=/api/demands statusCode=200 rowCount=1 bytes=436
