recordedAt=2026-08-10T03:02:19.9618458+00:00 correlationId=94ce7c782ef648ac803cd198baba0176 component=Watch stage=HTTP_OK elapsedMs=69 endpoint=/api/contract statusCode=200 rowCount=1 bytes=59
recordedAt=2026-08-10T03:02:20.0036756+00:00 correlationId=f4b2c91c8d084d18848a9f468964e913 component=Watch stage=HTTP_OK elapsedMs=37 endpoint=/api/poll-health statusCode=200 rowCount=1 bytes=210
recordedAt=2026-08-10T03:02:20.0344011+00:00 correlationId=a56a0d3ab4144e08abdf66464c354b98 component=Watch stage=HTTP_OK elapsedMs=1 endpoint=/api/poll-health statusCode=200 rowCount=1 bytes=210
recordedAt=2026-08-10T03:02:20.0541693+00:00 correlationId=e02805e9706549b89da190f60a9386fc component=Watch stage=HTTP_OK elapsedMs=14 endpoint=/api/alerts statusCode=200 rowCount=0 bytes=46
recordedAt=2026-08-10T03:02:20.0551132+00:00 correlationId=41d8a8c23bbd48628b6776065b2a7135 component=Watch stage=HTTP_OK elapsedMs=7 endpoint=/api/demands statusCode=200 rowCount=1 bytes=436
recordedAt=2026-08-10T03:02:25.5655149+00:00 correlationId=153d085004f541fcb94e0e1dc1db7da9 component=Watch stage=HTTP_STATUS elapsedMs=2 endpoint=/api/alerts statusCode=503 rowCount=0 bytes=29 detail={"error":"fake Host offline"}
recordedAt=2026-08-10T03:02:25.5655016+00:00 correlationId=645d1a88b60245028bfad8d32602baaa component=Watch stage=HTTP_STATUS elapsedMs=2 endpoint=/api/demands rowCount=0 bytes=0 detail=Response status code does not indicate success: 503 (Service Unavailable). Host response: {"error":"fake Host offline"}
recordedAt=2026-08-10T03:02:25.5655117+00:00 correlationId=9224b16a29744061919d115937c36a17 component=Watch stage=HTTP_STATUS elapsedMs=3 endpoint=/api/poll-health rowCount=0 bytes=0 detail=Response status code does not indicate success: 503 (Service Unavailable).
recordedAt=2026-08-10T03:02:25.8697020+00:00 correlationId=a967355184bc460a9e75894b812aa29f component=Watch stage=HTTP_OK elapsedMs=1 endpoint=/api/poll-health statusCode=200 rowCount=1 bytes=210
recordedAt=2026-08-10T03:02:25.8699415+00:00 correlationId=c45bafd39b8b48aa806a64e05b808b9a component=Watch stage=HTTP_OK elapsedMs=0 endpoint=/api/alerts statusCode=200 rowCount=0 bytes=46
recordedAt=2026-08-10T03:02:25.8700191+00:00 correlationId=3b0f684255c64b3593ee76f677cb6174 component=Watch stage=HTTP_OK elapsedMs=0 endpoint=/api/demands statusCode=200 rowCount=1 bytes=436
recordedAt=2026-08-10T03:02:57.4444326+00:00 correlationId=34d418f9a72e40b49327c81befee087d component=Watch stage=HTTP_OK elapsedMs=70 endpoint=/api/contract statusCode=200 rowCount=1 bytes=59
recordedAt=2026-08-10T03:02:57.5007177+00:00 correlationId=d2d4781c54ca4947b6eda0c9408284a1 component=Watch stage=HTTP_OK elapsedMs=50 endpoint=/api/poll-health statusCode=200 rowCount=1 bytes=210
recordedAt=2026-08-10T03:02:57.5469261+00:00 correlationId=548d7b91c83e44b1912fc31eecce33ed component=Watch stage=HTTP_OK elapsedMs=1 endpoint=/api/poll-health statusCode=200 rowCount=1 bytes=210
recordedAt=2026-08-10T03:02:57.5690395+00:00 correlationId=871dca4f1f6d429881fa1bded3556878 component=Watch stage=HTTP_OK elapsedMs=18 endpoint=/api/alerts statusCode=200 rowCount=0 bytes=46
recordedAt=2026-08-10T03:02:57.5702022+00:00 correlationId=fbe622be65ea4067b72aee0b2feacd7f component=Watch stage=HTTP_OK elapsedMs=9 endpoint=/api/demands statusCode=200 rowCount=1 bytes=436
recordedAt=2026-08-10T03:02:58.5277527+00:00 correlationId=2d4b0d41a27b4677b82b8121e25f3162 component=Watch stage=HTTP_STATUS elapsedMs=3 endpoint=/api/alerts statusCode=503 rowCount=0 bytes=29 detail={"error":"fake Host offline"}
recordedAt=2026-08-10T03:02:58.5277612+00:00 correlationId=0a31822cecde458fa07fc7fb14273853 component=Watch stage=HTTP_STATUS elapsedMs=4 endpoint=/api/poll-health rowCount=0 bytes=0 detail=Response status code does not indicate success: 503 (Service Unavailable).
recordedAt=2026-08-10T03:02:58.5277897+00:00 correlationId=a75a79a51f9b446ebb7b3953bddf44c4 component=Watch stage=HTTP_STATUS elapsedMs=3 endpoint=/api/demands rowCount=0 bytes=0 detail=Response status code does not indicate success: 503 (Service Unavailable). Host response: {"error":"fake Host offline"}
recordedAt=2026-08-10T03:02:58.8545841+00:00 correlationId=1fa1a6b7bdfe42f2bef1c7d17e5c5f83 component=Watch stage=HTTP_OK elapsedMs=0 endpoint=/api/poll-health statusCode=200 rowCount=1 bytes=210
recordedAt=2026-08-10T03:02:58.8546202+00:00 correlationId=aef0e6700e2344a7a9cfb608f3d82163 component=Watch stage=HTTP_OK elapsedMs=0 endpoint=/api/alerts statusCode=200 rowCount=0 bytes=46
recordedAt=2026-08-10T03:02:58.8546999+00:00 correlationId=4ddb6754965844309a6cc017f1b54b41 component=Watch stage=HTTP_OK elapsedMs=0 endpoint=/api/demands statusCode=200 rowCount=1 bytes=436
