recordedAt=2026-08-10T02:07:30.5334167+00:00 correlationId=f899ae59d69f450ab29daaf9e99e10fe component=Watch stage=HTTP_OK elapsedMs=70 endpoint=/api/contract statusCode=200 rowCount=1 bytes=59
recordedAt=2026-08-10T02:07:30.5707950+00:00 correlationId=d4757ea5702a466792b02534d8eddcd1 component=Watch stage=HTTP_OK elapsedMs=31 endpoint=/api/poll-health statusCode=200 rowCount=1 bytes=210
recordedAt=2026-08-10T02:07:30.6052593+00:00 correlationId=ff464f30cc8b4faeb48da9c182622d48 component=Watch stage=HTTP_OK elapsedMs=2 endpoint=/api/poll-health statusCode=200 rowCount=1 bytes=210
recordedAt=2026-08-10T02:07:30.6311337+00:00 correlationId=859e163757874cbb8c2c009d68cff9ca component=Watch stage=HTTP_OK elapsedMs=18 endpoint=/api/alerts statusCode=200 rowCount=1 bytes=519
recordedAt=2026-08-10T02:07:30.6314113+00:00 correlationId=b11ead9a64ae40c68678cfa9c91cea2f component=Watch stage=HTTP_OK elapsedMs=14 endpoint=/api/demands statusCode=200 rowCount=1 bytes=436
recordedAt=2026-08-10T02:07:35.7413880+00:00 correlationId=61762c88dd4c4ad0b4c77155ce6acd5c component=Watch stage=HTTP_OK elapsedMs=1 endpoint=/api/alerts statusCode=200 rowCount=1 bytes=519
recordedAt=2026-08-10T02:07:36.3195212+00:00 correlationId=22d40e88139a4047a59ecfdec2b5fecb component=Watch stage=HTTP_OK elapsedMs=4 endpoint=/api/demands/journey-visible-001 statusCode=200 rowCount=1 bytes=390
recordedAt=2026-08-10T02:07:36.5228977+00:00 correlationId=55c2ba8fd4594b648a7cab1db2f1defb component=Watch stage=HTTP_OK elapsedMs=2 endpoint=/api/demands/journey-visible-001 statusCode=200 rowCount=1 bytes=390
recordedAt=2026-08-10T02:07:36.7086379+00:00 correlationId=f7de0acefde746de8258316449227f7d component=Watch stage=HTTP_OK elapsedMs=1 endpoint=/api/demands/journey-visible-001 statusCode=200 rowCount=1 bytes=390
recordedAt=2026-08-10T02:07:36.7145391+00:00 correlationId=cd7219ace5bf4f13894c349e02512711 component=Watch stage=HTTP_OK elapsedMs=1 endpoint=/api/demands statusCode=200 rowCount=1 bytes=436
recordedAt=2026-08-10T02:07:36.7652428+00:00 correlationId=44973e5c59694a68b1ea0862d052a724 component=Watch stage=HTTP_OK elapsedMs=1 endpoint=/api/demands/journey-visible-001 statusCode=200 rowCount=1 bytes=390
recordedAt=2026-08-10T02:07:37.5561042+00:00 correlationId=e9932ddfaf8b4718af0cfe273f99d175 component=Watch stage=HTTP_OK elapsedMs=1 endpoint=/api/demands/journey-visible-001 statusCode=200 rowCount=1 bytes=390
recordedAt=2026-08-10T02:08:18.0014507+00:00 correlationId=90c09934ac6c4cc68c26529f48bcd67c component=Watch stage=HTTP_OK elapsedMs=66 endpoint=/api/contract statusCode=200 rowCount=1 bytes=59
recordedAt=2026-08-10T02:08:18.0398741+00:00 correlationId=db570e4f40f1459e81892575997f9d4d component=Watch stage=HTTP_OK elapsedMs=33 endpoint=/api/poll-health statusCode=200 rowCount=1 bytes=210
recordedAt=2026-08-10T02:08:18.0713626+00:00 correlationId=f5e0b0330456479ab3d5ef0676097678 component=Watch stage=HTTP_OK elapsedMs=1 endpoint=/api/poll-health statusCode=200 rowCount=1 bytes=210
recordedAt=2026-08-10T02:08:18.0950515+00:00 correlationId=b20e3006d5a24615b36ea9174f14b992 component=Watch stage=HTTP_OK elapsedMs=15 endpoint=/api/demands statusCode=200 rowCount=1 bytes=436
recordedAt=2026-08-10T02:08:18.0950284+00:00 correlationId=5ce45139097d468a81f0939529d40b45 component=Watch stage=HTTP_OK elapsedMs=19 endpoint=/api/alerts statusCode=200 rowCount=1 bytes=519
recordedAt=2026-08-10T02:08:18.6186960+00:00 correlationId=528874c8cf2543bcb94ed2cd93c7d602 component=Watch stage=HTTP_OK elapsedMs=1 endpoint=/api/alerts statusCode=200 rowCount=1 bytes=519
recordedAt=2026-08-10T02:08:19.2714205+00:00 correlationId=409c155c67c64abbaf0ee8b9499703d8 component=Watch stage=HTTP_OK elapsedMs=2 endpoint=/api/demands/journey-visible-001 statusCode=200 rowCount=1 bytes=390
recordedAt=2026-08-10T02:08:19.5619720+00:00 correlationId=d0fb26d24f324413875bf307c80fd375 component=Watch stage=HTTP_OK elapsedMs=2 endpoint=/api/demands/journey-visible-001 statusCode=200 rowCount=1 bytes=390
recordedAt=2026-08-10T02:08:19.5690269+00:00 correlationId=932aa020641d4b42bc73084ddd95ae0b component=Watch stage=HTTP_OK elapsedMs=1 endpoint=/api/demands statusCode=200 rowCount=1 bytes=436
recordedAt=2026-08-10T02:08:19.6231342+00:00 correlationId=560d3eb4697c482db455edba82f75e24 component=Watch stage=HTTP_OK elapsedMs=1 endpoint=/api/demands/journey-visible-001 statusCode=200 rowCount=1 bytes=390
recordedAt=2026-08-10T02:08:19.9520680+00:00 correlationId=efd25d8ef57641ebb5f5ff45a310aa86 component=Watch stage=HTTP_OK elapsedMs=1 endpoint=/api/demands/journey-visible-001 statusCode=200 rowCount=1 bytes=390
