recordedAt=2026-08-10T02:52:30.4232620+00:00 correlationId=a5b82505a68d455ea852fa6e7a334354 component=Watch stage=HTTP_OK elapsedMs=83 endpoint=/api/contract statusCode=200 rowCount=1 bytes=59
recordedAt=2026-08-10T02:52:30.5154796+00:00 correlationId=4c7d9be1ea584e05a37a158290d7c161 component=Watch stage=HTTP_OK elapsedMs=87 endpoint=/api/poll-health statusCode=200 rowCount=1 bytes=210
recordedAt=2026-08-10T02:52:30.5692271+00:00 correlationId=a2b416f09aa24c96ba66c61aeaafa528 component=Watch stage=HTTP_OK elapsedMs=1 endpoint=/api/poll-health statusCode=200 rowCount=1 bytes=210
recordedAt=2026-08-10T02:52:30.6340537+00:00 correlationId=489f79cb8159455baf5384304402a60d component=Watch stage=HTTP_OK elapsedMs=52 endpoint=/api/demands statusCode=200 rowCount=1 bytes=436
recordedAt=2026-08-10T02:52:30.6527227+00:00 correlationId=767febb5844b48bebf9fc86420d03497 component=Watch stage=HTTP_OK elapsedMs=80 endpoint=/api/alerts statusCode=200 rowCount=1 bytes=519
recordedAt=2026-08-10T02:52:35.6621764+00:00 correlationId=cc0b3d26348c43e3a64f1b2b1a73b604 component=Watch stage=HTTP_OK elapsedMs=1 endpoint=/api/alerts statusCode=200 rowCount=1 bytes=519
recordedAt=2026-08-10T02:52:36.2822770+00:00 correlationId=247d5b70adb146f09dcaff69641d8324 component=Watch stage=HTTP_OK elapsedMs=2 endpoint=/api/demands/journey-visible-001 statusCode=200 rowCount=1 bytes=390
recordedAt=2026-08-10T02:52:36.4798977+00:00 correlationId=393ef8a0dc6c404ab370f0321a8dadb5 component=Watch stage=HTTP_OK elapsedMs=2 endpoint=/api/demands/journey-visible-001 statusCode=200 rowCount=1 bytes=390
recordedAt=2026-08-10T02:52:36.6853221+00:00 correlationId=7fa3efdccb10400aa4013584d025d273 component=Watch stage=HTTP_OK elapsedMs=1 endpoint=/api/demands/journey-visible-001 statusCode=200 rowCount=1 bytes=390
recordedAt=2026-08-10T02:52:36.6936516+00:00 correlationId=3c8b094f81b747f88ddec8c9c73fb284 component=Watch stage=HTTP_OK elapsedMs=1 endpoint=/api/demands statusCode=200 rowCount=1 bytes=436
recordedAt=2026-08-10T02:52:36.7571438+00:00 correlationId=883e9d779fff44859f9af6ba948fc1bf component=Watch stage=HTTP_OK elapsedMs=1 endpoint=/api/demands/journey-visible-001 statusCode=200 rowCount=1 bytes=390
recordedAt=2026-08-10T02:52:37.4998607+00:00 correlationId=1f283f5274974fc4a7aed5f948b156f9 component=Watch stage=HTTP_OK elapsedMs=1 endpoint=/api/demands/journey-visible-001 statusCode=200 rowCount=1 bytes=390
recordedAt=2026-08-10T02:53:16.9441833+00:00 correlationId=f4fe85380d5f4a86893da6fc34b51b1e component=Watch stage=HTTP_OK elapsedMs=68 endpoint=/api/contract statusCode=200 rowCount=1 bytes=59
recordedAt=2026-08-10T02:53:16.9848532+00:00 correlationId=91ae9752f1f64ad997b205df53819da9 component=Watch stage=HTTP_OK elapsedMs=36 endpoint=/api/poll-health statusCode=200 rowCount=1 bytes=210
recordedAt=2026-08-10T02:53:17.0204058+00:00 correlationId=1464bdfb988746128731aa546af64a1c component=Watch stage=HTTP_OK elapsedMs=1 endpoint=/api/poll-health statusCode=200 rowCount=1 bytes=210
recordedAt=2026-08-10T02:53:17.0420264+00:00 correlationId=69dd98cd7f264b949ad778fcf8718dbe component=Watch stage=HTTP_OK elapsedMs=9 endpoint=/api/demands statusCode=200 rowCount=1 bytes=436
recordedAt=2026-08-10T02:53:17.0420264+00:00 correlationId=7575ec2b312c4bbeb8209483c5592bf5 component=Watch stage=HTTP_OK elapsedMs=13 endpoint=/api/alerts statusCode=200 rowCount=1 bytes=519
recordedAt=2026-08-10T02:53:17.5738140+00:00 correlationId=9919bd56e3d04d2daf351092ec31b2c0 component=Watch stage=HTTP_OK elapsedMs=1 endpoint=/api/alerts statusCode=200 rowCount=1 bytes=519
recordedAt=2026-08-10T02:53:18.2067140+00:00 correlationId=7b95480e602941cca7e4db478519af40 component=Watch stage=HTTP_OK elapsedMs=2 endpoint=/api/demands/journey-visible-001 statusCode=200 rowCount=1 bytes=390
recordedAt=2026-08-10T02:53:18.5752142+00:00 correlationId=316a2ca2854a4c12a36d7683f0975c4c component=Watch stage=HTTP_OK elapsedMs=1 endpoint=/api/demands/journey-visible-001 statusCode=200 rowCount=1 bytes=390
recordedAt=2026-08-10T02:53:18.5872353+00:00 correlationId=7936abf712234af1844f0ec536b83c3a component=Watch stage=HTTP_OK elapsedMs=3 endpoint=/api/demands statusCode=200 rowCount=1 bytes=436
recordedAt=2026-08-10T02:53:18.6599771+00:00 correlationId=7fe451128e244e04af637d12f6f46e8c component=Watch stage=HTTP_OK elapsedMs=3 endpoint=/api/demands/journey-visible-001 statusCode=200 rowCount=1 bytes=390
recordedAt=2026-08-10T02:53:18.9743418+00:00 correlationId=8c2e2784f6fa408683d06019f8d084bd component=Watch stage=HTTP_OK elapsedMs=3 endpoint=/api/demands/journey-visible-001 statusCode=200 rowCount=1 bytes=390
