recordedAt=2026-08-10T03:18:00.5776956+00:00 correlationId=62a294db55844c6d9eead3f16dcd7ddf component=Watch stage=HTTP_OK elapsedMs=99 endpoint=/api/contract statusCode=200 rowCount=1 bytes=59
recordedAt=2026-08-10T03:18:00.6398968+00:00 correlationId=8d90eef6efd14a13a8c524660df1b07a component=Watch stage=HTTP_OK elapsedMs=52 endpoint=/api/poll-health statusCode=200 rowCount=1 bytes=210
recordedAt=2026-08-10T03:18:00.6674534+00:00 correlationId=9e26470f3db04edf9f70be31c3acfacc component=Watch stage=HTTP_OK elapsedMs=1 endpoint=/api/poll-health statusCode=200 rowCount=1 bytes=210
recordedAt=2026-08-10T03:18:00.6990471+00:00 correlationId=7cba6b0a5e9e4b9da7df558260c15d4c component=Watch stage=HTTP_OK elapsedMs=16 endpoint=/api/demands statusCode=200 rowCount=1 bytes=436
recordedAt=2026-08-10T03:18:00.6990472+00:00 correlationId=9c72d377f60a42039f76d657c300025d component=Watch stage=HTTP_OK elapsedMs=25 endpoint=/api/alerts statusCode=200 rowCount=1 bytes=519
recordedAt=2026-08-10T03:18:05.8159622+00:00 correlationId=105e84ed379c4800b838f04e6bd5331a component=Watch stage=HTTP_OK elapsedMs=1 endpoint=/api/alerts statusCode=200 rowCount=1 bytes=519
recordedAt=2026-08-10T03:18:06.4064175+00:00 correlationId=12ec707a6225429485cb6b3cbc5d1330 component=Watch stage=HTTP_OK elapsedMs=4 endpoint=/api/demands/journey-visible-001 statusCode=200 rowCount=1 bytes=390
recordedAt=2026-08-10T03:18:06.6625661+00:00 correlationId=6f02ae830eba48b2952455646c0fb169 component=Watch stage=HTTP_OK elapsedMs=2 endpoint=/api/demands/journey-visible-001 statusCode=200 rowCount=1 bytes=390
recordedAt=2026-08-10T03:18:06.9065744+00:00 correlationId=67aa2e62a7f4405685f065ad544b087e component=Watch stage=HTTP_OK elapsedMs=1 endpoint=/api/demands/journey-visible-001 statusCode=200 rowCount=1 bytes=390
recordedAt=2026-08-10T03:18:06.9141467+00:00 correlationId=1b44150023be4a02a8d3ee64776b0199 component=Watch stage=HTTP_OK elapsedMs=1 endpoint=/api/demands statusCode=200 rowCount=1 bytes=436
recordedAt=2026-08-10T03:18:06.9568017+00:00 correlationId=0a5fca671dfa41069d9dcda9ced000fb component=Watch stage=HTTP_OK elapsedMs=1 endpoint=/api/demands/journey-visible-001 statusCode=200 rowCount=1 bytes=390
recordedAt=2026-08-10T03:18:07.6854456+00:00 correlationId=b394f5a033cd4dd28d8cd236ae70439f component=Watch stage=HTTP_OK elapsedMs=1 endpoint=/api/demands/journey-visible-001 statusCode=200 rowCount=1 bytes=390
recordedAt=2026-08-10T03:18:48.0583553+00:00 correlationId=c5c9f4908b0a497fb6eae447681b1de2 component=Watch stage=HTTP_OK elapsedMs=113 endpoint=/api/contract statusCode=200 rowCount=1 bytes=59
recordedAt=2026-08-10T03:18:48.1611918+00:00 correlationId=ad6eae2b0d114433b9f38cd3af1eac91 component=Watch stage=HTTP_OK elapsedMs=91 endpoint=/api/poll-health statusCode=200 rowCount=1 bytes=210
recordedAt=2026-08-10T03:18:48.2441624+00:00 correlationId=a16fbd093a6a42008e6d418e9949b6cc component=Watch stage=HTTP_OK elapsedMs=53 endpoint=/api/poll-health statusCode=200 rowCount=1 bytes=210
recordedAt=2026-08-10T03:18:48.2672257+00:00 correlationId=467dfef0a7bb425dbc081a18be7d7e13 component=Watch stage=HTTP_OK elapsedMs=50 endpoint=/api/demands statusCode=200 rowCount=1 bytes=436
recordedAt=2026-08-10T03:18:48.2704051+00:00 correlationId=4c88a1c4b40d4317803d83a809f2d249 component=Watch stage=HTTP_OK elapsedMs=66 endpoint=/api/alerts statusCode=200 rowCount=1 bytes=519
recordedAt=2026-08-10T03:18:48.8014553+00:00 correlationId=121f265a1fcc48f9926e664bec96e30f component=Watch stage=HTTP_OK elapsedMs=1 endpoint=/api/alerts statusCode=200 rowCount=1 bytes=519
recordedAt=2026-08-10T03:18:49.5627843+00:00 correlationId=6ae260d007184072883266caee6a436a component=Watch stage=HTTP_OK elapsedMs=30 endpoint=/api/demands/journey-visible-001 statusCode=200 rowCount=1 bytes=390
recordedAt=2026-08-10T03:18:49.9932445+00:00 correlationId=73c7a24bcbbd4bca9d9807545d4103d2 component=Watch stage=HTTP_OK elapsedMs=1 endpoint=/api/demands/journey-visible-001 statusCode=200 rowCount=1 bytes=390
recordedAt=2026-08-10T03:18:50.0001912+00:00 correlationId=f1f29b41744548949f89330ff073f421 component=Watch stage=HTTP_OK elapsedMs=1 endpoint=/api/demands statusCode=200 rowCount=1 bytes=436
recordedAt=2026-08-10T03:18:50.0535684+00:00 correlationId=366a63d3705f4f9faef8c52a271abd6c component=Watch stage=HTTP_OK elapsedMs=1 endpoint=/api/demands/journey-visible-001 statusCode=200 rowCount=1 bytes=390
recordedAt=2026-08-10T03:18:50.2707532+00:00 correlationId=3e60693404f24c71959e981b17ab83d9 component=Watch stage=HTTP_OK elapsedMs=1 endpoint=/api/demands/journey-visible-001 statusCode=200 rowCount=1 bytes=390
