C:\MesIngest\23-epx-720-baseline-96dpi\run-20260819-113445-watch-ui-journeys\Source\mes\ingest\csharp\MesIngest.Watch.UiTests\MesIngest.Watch.UiTests.csproj : warning NU1801: 鏃犳硶鍔犺浇婧?https://api.nuget.org/v3/index.json 鐨勬湇鍔＄储寮曘€?
C:\MesIngest\23-epx-720-baseline-96dpi\run-20260819-113445-watch-ui-journeys\Source\mes\ingest\csharp\MesIngest.Watch.UiTests\MesIngest.Watch.UiTests.csproj : warning NU1801: 鏃犳硶鍔犺浇婧?https://api.nuget.org/v3/index.json 鐨勬湇鍔＄储寮曘€?
C:\MesIngest\23-epx-720-baseline-96dpi\run-20260819-113445-watch-ui-journeys\Source\mes\ingest\csharp\MesIngest.Watch.UiTests\MesIngest.Watch.UiTests.csproj : warning NU1801: 鏃犳硶鍔犺浇婧?https://api.nuget.org/v3/index.json 鐨勬湇鍔＄储寮曘€?
C:\MesIngest\23-epx-720-baseline-96dpi\run-20260819-113445-watch-ui-journeys\Source\mes\ingest\csharp\MesIngest.Watch.UiTests\MesIngest.Watch.UiTests.csproj : warning NU1801: 鏃犳硶鍔犺浇婧?https://api.nuget.org/v3/index.json 鐨勬湇鍔＄储寮曘€?
C:\MesIngest\23-epx-720-baseline-96dpi\run-20260819-113445-watch-ui-journeys\Source\mes\ingest\csharp\MesIngest.Watch.UiTests\MesIngest.Watch.UiTests.csproj : warning NU1801: 鏃犳硶鍔犺浇婧?https://api.nuget.org/v3/index.json 鐨勬湇鍔＄储寮曘€?
C:\MesIngest\23-epx-720-baseline-96dpi\run-20260819-113445-watch-ui-journeys\Source\mes\ingest\csharp\MesIngest.Watch.UiTests\MesIngest.Watch.UiTests.csproj : warning NU1603: Verify.XunitV3 31.16.1 渚濊禆浜?DiffEngine (>= 19.1.2)锛屼絾鎵句笉鍒?DiffEngine 19.1.2銆?宸茶В鍐?DiffEngine 19.1.3 鐨勮繎浼兼渶浣冲尮閰嶃€?
C:\MesIngest\23-epx-720-baseline-96dpi\run-20260819-113445-watch-ui-journeys\Source\mes\ingest\csharp\MesIngest.Watch.UiTests\MesIngest.Watch.UiTests.csproj : warning NU1603: xunit.v3.common 3.2.2 渚濊禆浜?Microsoft.Bcl.AsyncInterfaces (>= 6.0.0)锛屼絾鎵句笉鍒?Microsoft.Bcl.AsyncInterfaces 6.0.0銆?宸茶В鍐?Microsoft.Bcl.AsyncInterfaces 10.0.6 鐨勮繎浼兼渶浣冲尮閰嶃€?
C:\MesIngest\23-epx-720-baseline-96dpi\run-20260819-113445-watch-ui-journeys\Source\mes\ingest\csharp\MesIngest.Watch.UiTests\MesIngest.Watch.UiTests.csproj : warning NU1603: Microsoft.ApplicationInsights 2.23.0 渚濊禆浜?System.Diagnostics.DiagnosticSource (>= 5.0.0)锛屼絾鎵句笉鍒?System.Diagnostics.DiagnosticSource 5.0.0銆?宸茶В鍐?System.Diagnostics.DiagnosticSource 6.0.1 鐨勮繎浼兼渶浣冲尮閰嶃€?
C:\MesIngest\23-epx-720-baseline-96dpi\run-20260819-113445-watch-ui-journeys\Source\mes\ingest\csharp\MesIngest.Watch.UiTests\MesIngest.Watch.UiTests.csproj : warning NU1603: Azure.Identity 1.11.4 渚濊禆浜?System.Memory (>= 4.5.4)锛屼絾鎵句笉鍒?System.Memory 4.5.4銆?宸茶В鍐?System.Memory 4.6.0 鐨勮繎浼兼渶浣冲尮閰嶃€?
C:\MesIngest\23-epx-720-baseline-96dpi\run-20260819-113445-watch-ui-journeys\Source\mes\ingest\csharp\MesIngest.Watch.UiTests\MesIngest.Watch.UiTests.csproj : warning NU1603: Azure.Identity 1.11.4 渚濊禆浜?System.Security.Cryptography.ProtectedData (>= 4.7.0)锛屼絾鎵句笉鍒?System.Security.Cryptography.ProtectedData 4.7.0銆?宸茶В鍐?System.Security.Cryptography.ProtectedData 8.0.0 鐨勮繎浼兼渶浣冲尮閰嶃€?
C:\MesIngest\23-epx-720-baseline-96dpi\run-20260819-113445-watch-ui-journeys\Source\mes\ingest\csharp\MesIngest.Core\MesIngest.Core.csproj : warning NU1801: 鏃犳硶鍔犺浇婧?https://api.nuget.org/v3/index.json 鐨勬湇鍔＄储寮曘€?
C:\MesIngest\23-epx-720-baseline-96dpi\run-20260819-113445-watch-ui-journeys\Source\mes\ingest\csharp\MesIngest.Core\MesIngest.Core.csproj : warning NU1801: 鏃犳硶鍔犺浇婧?https://api.nuget.org/v3/index.json 鐨勬湇鍔＄储寮曘€?
C:\MesIngest\23-epx-720-baseline-96dpi\run-20260819-113445-watch-ui-journeys\Source\mes\ingest\csharp\MesIngest.Core\MesIngest.Core.csproj : warning NU1603: Azure.Identity 1.11.4 渚濊禆浜?System.Memory (>= 4.5.4)锛屼絾鎵句笉鍒?System.Memory 4.5.4銆?宸茶В鍐?System.Memory 4.6.0 鐨勮繎浼兼渶浣冲尮閰嶃€?
C:\MesIngest\23-epx-720-baseline-96dpi\run-20260819-113445-watch-ui-journeys\Source\mes\ingest\csharp\MesIngest.Core\MesIngest.Core.csproj : warning NU1603: Azure.Identity 1.11.4 渚濊禆浜?System.Security.Cryptography.ProtectedData (>= 4.7.0)锛屼絾鎵句笉鍒?System.Security.Cryptography.ProtectedData 4.7.0銆?宸茶В鍐?System.Security.Cryptography.ProtectedData 8.0.0 鐨勮繎浼兼渶浣冲尮閰嶃€?
C:\MesIngest\23-epx-720-baseline-96dpi\run-20260819-113445-watch-ui-journeys\Source\mes\ingest\csharp\MesIngest.Watch\MesIngest.Watch.csproj : warning NU1801: 鏃犳硶鍔犺浇婧?https://api.nuget.org/v3/index.json 鐨勬湇鍔＄储寮曘€?
C:\MesIngest\23-epx-720-baseline-96dpi\run-20260819-113445-watch-ui-journeys\Source\mes\ingest\csharp\MesIngest.Watch\MesIngest.Watch.csproj : warning NU1801: 鏃犳硶鍔犺浇婧?https://api.nuget.org/v3/index.json 鐨勬湇鍔＄储寮曘€?
C:\MesIngest\23-epx-720-baseline-96dpi\run-20260819-113445-watch-ui-journeys\Source\mes\ingest\csharp\MesIngest.Watch\MesIngest.Watch.csproj : warning NU1603: Azure.Identity 1.11.4 渚濊禆浜?System.Memory (>= 4.5.4)锛屼絾鎵句笉鍒?System.Memory 4.5.4銆?宸茶В鍐?System.Memory 4.6.0 鐨勮繎浼兼渶浣冲尮閰嶃€?
C:\MesIngest\23-epx-720-baseline-96dpi\run-20260819-113445-watch-ui-journeys\Source\mes\ingest\csharp\MesIngest.Watch\MesIngest.Watch.csproj : warning NU1603: Azure.Identity 1.11.4 渚濊禆浜?System.Security.Cryptography.ProtectedData (>= 4.7.0)锛屼絾鎵句笉鍒?System.Security.Cryptography.ProtectedData 4.7.0銆?宸茶В鍐?System.Security.Cryptography.ProtectedData 8.0.0 鐨勮繎浼兼渶浣冲尮閰嶃€?
xUnit.net v3 In-Process Runner v3.2.2+728c1dce01 (64-bit .NET 8.0.29)
  Discovering: MesIngest.Watch.UiTests
  Discovered:  MesIngest.Watch.UiTests
  Starting:    MesIngest.Watch.UiTests
    MesIngest.Watch.UiTests.WatchWorkspaceProductionJourneyTests.Operator_reviews_the_complete_production_workspace_and_records_the_shared_preview [FAIL]
      System.InvalidOperationException : Could not stabilize the client area at 720x450; got 720x600.
      Stack Trace:
        MesIngest.Watch.UiTests\WatchWindowNative.cs(104,0): at MesIngest.Watch.UiTests.WatchWindowNative.SetClientSize(IntPtr handle, Int32 width, Int32 height)
        MesIngest.Watch.UiTests\WatchWindowNative.cs(34,0): at MesIngest.Watch.UiTests.WatchWindowNative.SetClientSizeInEffectivePixels(IntPtr handle, Int32 width, Int32 height)
        MesIngest.Watch.UiTests\WatchWorkspaceProductionJourneyTests.cs(2496,0): at MesIngest.Watch.UiTests.WatchWorkspaceProductionJourneyTests.ApplyJourneyClientSize(IntPtr windowHandle)
        MesIngest.Watch.UiTests\WatchWorkspaceProductionJourneyTests.cs(659,0): at MesIngest.Watch.UiTests.WatchWorkspaceProductionJourneyTests.Operator_reviews_the_complete_production_workspace_and_records_the_shared_preview()
        MesIngest.Watch.UiTests\WatchWorkspaceProductionJourneyTests.cs(1157,0): at MesIngest.Watch.UiTests.WatchWorkspaceProductionJourneyTests.Operator_reviews_the_complete_production_workspace_and_records_the_shared_preview()
        MesIngest.Watch.UiTests\WatchWorkspaceProductionJourneyTests.cs(1157,0): at MesIngest.Watch.UiTests.WatchWorkspaceProductionJourneyTests.Operator_reviews_the_complete_production_workspace_and_records_the_shared_preview()
        --- End of stack trace from previous location ---
  Finished:    MesIngest.Watch.UiTests (ID = '7bafeffb9a29cc0ed12ce34420156c52deb2f114385352a5be02bd2b0c951d77')
=== TEST EXECUTION SUMMARY ===
   MesIngest.Watch.UiTests  Total: 1, Errors: 0, Failed: 1, Skipped: 0, Not Run: 0, Time: 7.817s
