recordedAt=2026-08-10T03:05:13.7496466+00:00 correlationId=547aa795f1bc4a4b880fa0ef1dd87ede component=Watch stage=HTTP_OK elapsedMs=135 endpoint=/api/contract statusCode=200 rowCount=1 bytes=59
recordedAt=2026-08-10T03:05:13.8443904+00:00 correlationId=e4c230168d9b4d75942d010b07d81137 component=Watch stage=HTTP_OK elapsedMs=84 endpoint=/api/poll-health statusCode=200 rowCount=1 bytes=210
recordedAt=2026-08-10T03:05:13.8906025+00:00 correlationId=efe6c79a4fa14805a9a47ae97c0665d6 component=Watch stage=HTTP_OK elapsedMs=6 endpoint=/api/poll-health statusCode=200 rowCount=1 bytes=210
recordedAt=2026-08-10T03:05:13.9163342+00:00 correlationId=01320ea1b6344ed58ce19b7b56ca0d09 component=Watch stage=HTTP_OK elapsedMs=21 endpoint=/api/alerts statusCode=200 rowCount=1 bytes=519
recordedAt=2026-08-10T03:05:13.9257476+00:00 correlationId=4b9d50cf43314da295b5822d095b268e component=Watch stage=HTTP_OK elapsedMs=20 endpoint=/api/demands statusCode=200 rowCount=1 bytes=436
recordedAt=2026-08-10T03:05:18.8904717+00:00 correlationId=ed83027f013a4cd3bb7d07f93d9c0eb4 component=Watch stage=HTTP_OK elapsedMs=2 endpoint=/api/alerts statusCode=200 rowCount=1 bytes=519
recordedAt=2026-08-10T03:05:19.5105620+00:00 correlationId=a0161b09260e4f53b365f0f0ef668428 component=Watch stage=HTTP_OK elapsedMs=2 endpoint=/api/demands/journey-visible-001 statusCode=200 rowCount=1 bytes=390
recordedAt=2026-08-10T03:05:19.6817902+00:00 correlationId=55a529fa89c646d79164b9a13f2f5623 component=Watch stage=HTTP_OK elapsedMs=1 endpoint=/api/demands/journey-visible-001 statusCode=200 rowCount=1 bytes=390
recordedAt=2026-08-10T03:05:19.8746798+00:00 correlationId=bcd3e09f57734a08b26121ed771c1b0f component=Watch stage=HTTP_OK elapsedMs=1 endpoint=/api/demands/journey-visible-001 statusCode=200 rowCount=1 bytes=390
recordedAt=2026-08-10T03:05:19.8786661+00:00 correlationId=c40773a114a04553ad3998cd891d1074 component=Watch stage=HTTP_OK elapsedMs=0 endpoint=/api/demands statusCode=200 rowCount=1 bytes=436
recordedAt=2026-08-10T03:05:19.9141594+00:00 correlationId=f4b327cb7f484962ab73fea54b1f9cff component=Watch stage=HTTP_OK elapsedMs=1 endpoint=/api/demands/journey-visible-001 statusCode=200 rowCount=1 bytes=390
recordedAt=2026-08-10T03:05:20.7097938+00:00 correlationId=34b35fabaccc4900942cc338eda9404c component=Watch stage=HTTP_OK elapsedMs=1 endpoint=/api/demands/journey-visible-001 statusCode=200 rowCount=1 bytes=390
recordedAt=2026-08-10T03:06:00.7087555+00:00 correlationId=a7e3b67addef42cb9650685beb5dd356 component=Watch stage=HTTP_OK elapsedMs=67 endpoint=/api/contract statusCode=200 rowCount=1 bytes=59
recordedAt=2026-08-10T03:06:00.7478648+00:00 correlationId=115d62bb6dbf4466914c319726148e0e component=Watch stage=HTTP_OK elapsedMs=33 endpoint=/api/poll-health statusCode=200 rowCount=1 bytes=210
recordedAt=2026-08-10T03:06:00.7825466+00:00 correlationId=dc6a3fa842d247f1aca52bb5e8f72a7b component=Watch stage=HTTP_OK elapsedMs=1 endpoint=/api/poll-health statusCode=200 rowCount=1 bytes=210
recordedAt=2026-08-10T03:06:00.8076218+00:00 correlationId=ce559b758efe44bd934a5bbd14a58dd8 component=Watch stage=HTTP_OK elapsedMs=12 endpoint=/api/demands statusCode=200 rowCount=1 bytes=436
recordedAt=2026-08-10T03:06:00.8076332+00:00 correlationId=7b28e81b6d1146bb8a216cf1d1d1bae8 component=Watch stage=HTTP_OK elapsedMs=17 endpoint=/api/alerts statusCode=200 rowCount=1 bytes=519
recordedAt=2026-08-10T03:06:01.3177487+00:00 correlationId=0144286ff25a4111932567463bb98a41 component=Watch stage=HTTP_OK elapsedMs=1 endpoint=/api/alerts statusCode=200 rowCount=1 bytes=519
recordedAt=2026-08-10T03:06:01.9655810+00:00 correlationId=5ed022bbd6614b61bd8574d59e81f8de component=Watch stage=HTTP_OK elapsedMs=3 endpoint=/api/demands/journey-visible-001 statusCode=200 rowCount=1 bytes=390
recordedAt=2026-08-10T03:06:02.1874912+00:00 correlationId=da72cd3513064de1a724d33bbb34d0cf component=Watch stage=HTTP_OK elapsedMs=1 endpoint=/api/demands/journey-visible-001 statusCode=200 rowCount=1 bytes=390
recordedAt=2026-08-10T03:06:02.1913123+00:00 correlationId=895e152ed2c64ea68d7c5c8bd8bba3ad component=Watch stage=HTTP_OK elapsedMs=0 endpoint=/api/demands statusCode=200 rowCount=1 bytes=436
recordedAt=2026-08-10T03:06:02.2427178+00:00 correlationId=c84a93e1bfa2424981045cc89cce6810 component=Watch stage=HTTP_OK elapsedMs=1 endpoint=/api/demands/journey-visible-001 statusCode=200 rowCount=1 bytes=390
recordedAt=2026-08-10T03:06:02.6731519+00:00 correlationId=96124db1880f4b51a90909defa1ec218 component=Watch stage=HTTP_OK elapsedMs=1 endpoint=/api/demands/journey-visible-001 statusCode=200 rowCount=1 bytes=390
