recordedAt=2026-08-10T03:47:19.9708501+00:00 correlationId=82a0df6e30fc4edebcd4a9defa426a00 component=Watch stage=HTTP_OK elapsedMs=70 endpoint=/api/contract statusCode=200 rowCount=1 bytes=59
recordedAt=2026-08-10T03:47:20.0073641+00:00 correlationId=55f75833f26a43a4a3d9a16ef1871806 component=Watch stage=HTTP_OK elapsedMs=30 endpoint=/api/poll-health statusCode=200 rowCount=1 bytes=210
recordedAt=2026-08-10T03:47:20.0532463+00:00 correlationId=f114cbf651044daba7f91e78b18d5990 component=Watch stage=HTTP_OK elapsedMs=1 endpoint=/api/poll-health statusCode=200 rowCount=1 bytes=210
recordedAt=2026-08-10T03:47:20.0826431+00:00 correlationId=56fceb13372e438b812c18b6189b213e component=Watch stage=HTTP_OK elapsedMs=23 endpoint=/api/alerts statusCode=200 rowCount=0 bytes=46
recordedAt=2026-08-10T03:47:20.0876497+00:00 correlationId=77db3e68a3e84a09ad0f95408cfad83e component=Watch stage=HTTP_OK elapsedMs=17 endpoint=/api/demands statusCode=200 rowCount=1 bytes=436
recordedAt=2026-08-10T03:47:26.6222710+00:00 correlationId=927d655f82004e6faed9334b1892718a component=Watch stage=HTTP_STATUS elapsedMs=37 endpoint=/api/alerts statusCode=503 rowCount=0 bytes=29 detail={"error":"fake Host offline"}
recordedAt=2026-08-10T03:47:26.6222931+00:00 correlationId=d05f4c24d3d143fca0203111485118d4 component=Watch stage=HTTP_STATUS elapsedMs=44 endpoint=/api/demands rowCount=0 bytes=0 detail=Response status code does not indicate success: 503 (Service Unavailable). Host response: {"error":"fake Host offline"}
recordedAt=2026-08-10T03:47:26.6224814+00:00 correlationId=5894158f28ae495393be1acdcef94d62 component=Watch stage=HTTP_STATUS elapsedMs=3 endpoint=/api/poll-health rowCount=0 bytes=0 detail=Response status code does not indicate success: 503 (Service Unavailable).
recordedAt=2026-08-10T03:47:26.9136228+00:00 correlationId=239d86a8a0264b7287162a43733775a5 component=Watch stage=HTTP_OK elapsedMs=62 endpoint=/api/poll-health statusCode=200 rowCount=1 bytes=210
recordedAt=2026-08-10T03:47:26.9144092+00:00 correlationId=5ab9c29c6e86422da5930e2791953551 component=Watch stage=HTTP_OK elapsedMs=62 endpoint=/api/alerts statusCode=200 rowCount=0 bytes=46
recordedAt=2026-08-10T03:47:26.9166724+00:00 correlationId=7ab49b9b56e34bbd879f906eaebe8fcf component=Watch stage=HTTP_OK elapsedMs=64 endpoint=/api/demands statusCode=200 rowCount=1 bytes=436
recordedAt=2026-08-10T03:47:59.6790674+00:00 correlationId=0f94e2ad38b340f78341c5cc47e1b91b component=Watch stage=HTTP_OK elapsedMs=70 endpoint=/api/contract statusCode=200 rowCount=1 bytes=59
recordedAt=2026-08-10T03:47:59.7125496+00:00 correlationId=89dc21d22d374c0aaf4cae8de70ef646 component=Watch stage=HTTP_OK elapsedMs=26 endpoint=/api/poll-health statusCode=200 rowCount=1 bytes=210
recordedAt=2026-08-10T03:47:59.7385055+00:00 correlationId=79e301c9321c4569ad8d2760df8cab0b component=Watch stage=HTTP_OK elapsedMs=3 endpoint=/api/poll-health statusCode=200 rowCount=1 bytes=210
recordedAt=2026-08-10T03:47:59.7576880+00:00 correlationId=1cb0a6463b2c4feaa8133c437b888d7e component=Watch stage=HTTP_OK elapsedMs=10 endpoint=/api/alerts statusCode=200 rowCount=0 bytes=46
recordedAt=2026-08-10T03:47:59.7589508+00:00 correlationId=6364e485a7c04f4285f867937dc50db2 component=Watch stage=HTTP_OK elapsedMs=5 endpoint=/api/demands statusCode=200 rowCount=1 bytes=436
recordedAt=2026-08-10T03:48:00.8752374+00:00 correlationId=0571d55861e640d7bbdef819af574343 component=Watch stage=HTTP_STATUS elapsedMs=3 endpoint=/api/alerts statusCode=503 rowCount=0 bytes=29 detail={"error":"fake Host offline"}
recordedAt=2026-08-10T03:48:00.8752495+00:00 correlationId=c7bb8a7f24964625a61734dbf80ac5e1 component=Watch stage=HTTP_STATUS elapsedMs=3 endpoint=/api/demands rowCount=0 bytes=0 detail=Response status code does not indicate success: 503 (Service Unavailable). Host response: {"error":"fake Host offline"}
recordedAt=2026-08-10T03:48:00.8752402+00:00 correlationId=f54816317e68468ebc7e6b00d215adcf component=Watch stage=HTTP_STATUS elapsedMs=3 endpoint=/api/poll-health rowCount=0 bytes=0 detail=Response status code does not indicate success: 503 (Service Unavailable).
recordedAt=2026-08-10T03:48:01.1466159+00:00 correlationId=5aac160e5bb4461a87072493e049ad3f component=Watch stage=HTTP_OK elapsedMs=1 endpoint=/api/poll-health statusCode=200 rowCount=1 bytes=210
recordedAt=2026-08-10T03:48:01.1469501+00:00 correlationId=73e1aa70e61647b39413ff9ca242073a component=Watch stage=HTTP_OK elapsedMs=0 endpoint=/api/alerts statusCode=200 rowCount=0 bytes=46
recordedAt=2026-08-10T03:48:01.1469997+00:00 correlationId=daa2c4c5f5264a4a87207a2ee4a645d5 component=Watch stage=HTTP_OK elapsedMs=0 endpoint=/api/demands statusCode=200 rowCount=1 bytes=436
