recordedAt=2026-08-10T03:11:31.1029672+00:00 correlationId=8c5105a0866d43c28e17260f450c32ca component=Watch stage=HTTP_OK elapsedMs=61 endpoint=/api/contract statusCode=200 rowCount=1 bytes=59
recordedAt=2026-08-10T03:11:31.1408389+00:00 correlationId=d53804f55747482ab86576e9ae591a30 component=Watch stage=HTTP_OK elapsedMs=33 endpoint=/api/poll-health statusCode=200 rowCount=1 bytes=210
recordedAt=2026-08-10T03:11:31.1580817+00:00 correlationId=65db54027da44a19a767f5b45c32e15c component=Watch stage=HTTP_OK elapsedMs=1 endpoint=/api/poll-health statusCode=200 rowCount=1 bytes=210
recordedAt=2026-08-10T03:11:31.1744816+00:00 correlationId=4026ae4c72344edb946afa1dd9de4d9d component=Watch stage=HTTP_OK elapsedMs=8 endpoint=/api/demands statusCode=200 rowCount=1 bytes=436
recordedAt=2026-08-10T03:11:31.1744816+00:00 correlationId=affb913f16d94bdd81b51a03377b6c31 component=Watch stage=HTTP_OK elapsedMs=12 endpoint=/api/alerts statusCode=200 rowCount=1 bytes=519
recordedAt=2026-08-10T03:11:36.3665350+00:00 correlationId=65a599b8f9d24bc980c155ad6be51301 component=Watch stage=HTTP_OK elapsedMs=1 endpoint=/api/alerts statusCode=200 rowCount=1 bytes=519
recordedAt=2026-08-10T03:11:36.9621881+00:00 correlationId=2e497806810f4bef985b081a6e2c451a component=Watch stage=HTTP_OK elapsedMs=3 endpoint=/api/demands/journey-visible-001 statusCode=200 rowCount=1 bytes=390
recordedAt=2026-08-10T03:11:37.1801815+00:00 correlationId=370e1071e09d4508bec1a69e38da3e25 component=Watch stage=HTTP_OK elapsedMs=1 endpoint=/api/demands/journey-visible-001 statusCode=200 rowCount=1 bytes=390
recordedAt=2026-08-10T03:11:37.3381031+00:00 correlationId=c9fbcb5924da45c3a1d60a13c0c90e6f component=Watch stage=HTTP_OK elapsedMs=1 endpoint=/api/demands/journey-visible-001 statusCode=200 rowCount=1 bytes=390
recordedAt=2026-08-10T03:11:37.3434784+00:00 correlationId=e23c96b696aa4f12bd94769e694eee9f component=Watch stage=HTTP_OK elapsedMs=1 endpoint=/api/demands statusCode=200 rowCount=1 bytes=436
recordedAt=2026-08-10T03:11:37.3762018+00:00 correlationId=b17d1e20e99f4b0686d254a1fc5369a9 component=Watch stage=HTTP_OK elapsedMs=1 endpoint=/api/demands/journey-visible-001 statusCode=200 rowCount=1 bytes=390
recordedAt=2026-08-10T03:11:38.2114789+00:00 correlationId=01e2544b7328413b8ba7925f347afa95 component=Watch stage=HTTP_OK elapsedMs=1 endpoint=/api/demands/journey-visible-001 statusCode=200 rowCount=1 bytes=390
recordedAt=2026-08-10T03:12:19.0239909+00:00 correlationId=fdfb82146ae540b28afbd09a836a9fcc component=Watch stage=HTTP_OK elapsedMs=80 endpoint=/api/contract statusCode=200 rowCount=1 bytes=59
recordedAt=2026-08-10T03:12:19.0670982+00:00 correlationId=c1e29fae4446405cb8c83c30510d7f20 component=Watch stage=HTTP_OK elapsedMs=37 endpoint=/api/poll-health statusCode=200 rowCount=1 bytes=210
recordedAt=2026-08-10T03:12:19.1178339+00:00 correlationId=195d16f84092402d892144ba360fdb15 component=Watch stage=HTTP_OK elapsedMs=1 endpoint=/api/poll-health statusCode=200 rowCount=1 bytes=210
recordedAt=2026-08-10T03:12:19.1403954+00:00 correlationId=e0eb2b8283db4f3690e887168ac6e1e3 component=Watch stage=HTTP_OK elapsedMs=10 endpoint=/api/demands statusCode=200 rowCount=1 bytes=436
recordedAt=2026-08-10T03:12:19.1403954+00:00 correlationId=83bda178ef164cd19e51f1a8c064cf80 component=Watch stage=HTTP_OK elapsedMs=17 endpoint=/api/alerts statusCode=200 rowCount=1 bytes=519
recordedAt=2026-08-10T03:12:19.6694832+00:00 correlationId=8b3d765cc3624057a7e3a34840eadc94 component=Watch stage=HTTP_OK elapsedMs=1 endpoint=/api/alerts statusCode=200 rowCount=1 bytes=519
recordedAt=2026-08-10T03:12:20.3480859+00:00 correlationId=30345a7487244ea4be1ed8a9b59903af component=Watch stage=HTTP_OK elapsedMs=2 endpoint=/api/demands/journey-visible-001 statusCode=200 rowCount=1 bytes=390
recordedAt=2026-08-10T03:12:20.5935274+00:00 correlationId=62a4e729ae04473e8086050d2f2b3588 component=Watch stage=HTTP_OK elapsedMs=1 endpoint=/api/demands/journey-visible-001 statusCode=200 rowCount=1 bytes=390
recordedAt=2026-08-10T03:12:20.5976669+00:00 correlationId=32c04b817bba4d3a967146e25839c20a component=Watch stage=HTTP_OK elapsedMs=0 endpoint=/api/demands statusCode=200 rowCount=1 bytes=436
recordedAt=2026-08-10T03:12:20.6484091+00:00 correlationId=3456080f1f534e3084d548af0b68b5b5 component=Watch stage=HTTP_OK elapsedMs=1 endpoint=/api/demands/journey-visible-001 statusCode=200 rowCount=1 bytes=390
recordedAt=2026-08-10T03:12:20.9565884+00:00 correlationId=30d5c7020b5e4a799fe3c3d4eb86cedd component=Watch stage=HTTP_OK elapsedMs=1 endpoint=/api/demands/journey-visible-001 statusCode=200 rowCount=1 bytes=390
