recordedAt=2026-08-10T04:16:25.7448539+00:00 correlationId=5628499a0bfe4114808484411d91d5a2 component=Watch stage=HTTP_OK elapsedMs=71 endpoint=/api/contract statusCode=200 rowCount=1 bytes=59
recordedAt=2026-08-10T04:16:25.7859565+00:00 correlationId=632dcfbbc93b468eb0ef6bf426b396fa component=Watch stage=HTTP_OK elapsedMs=36 endpoint=/api/poll-health statusCode=200 rowCount=1 bytes=210
recordedAt=2026-08-10T04:16:25.8256268+00:00 correlationId=4091ef7880244c359678087d8b0f6887 component=Watch stage=HTTP_OK elapsedMs=1 endpoint=/api/poll-health statusCode=200 rowCount=1 bytes=210
recordedAt=2026-08-10T04:16:25.8465052+00:00 correlationId=c5d2316262de42feaf82143e85c7498b component=Watch stage=HTTP_OK elapsedMs=15 endpoint=/api/alerts statusCode=200 rowCount=0 bytes=46
recordedAt=2026-08-10T04:16:25.8488822+00:00 correlationId=1fef244375574bd09eaac206f9be5ad4 component=Watch stage=HTTP_OK elapsedMs=12 endpoint=/api/demands statusCode=200 rowCount=1 bytes=436
recordedAt=2026-08-10T04:16:31.3872151+00:00 correlationId=39be0e2813a84ae98e197367ae109767 component=Watch stage=HTTP_STATUS elapsedMs=2 endpoint=/api/alerts statusCode=503 rowCount=0 bytes=29 detail={"error":"fake Host offline"}
recordedAt=2026-08-10T04:16:31.3872052+00:00 correlationId=9699244011db4f9da7a65a62b8c40a99 component=Watch stage=HTTP_STATUS elapsedMs=2 endpoint=/api/demands rowCount=0 bytes=0 detail=Response status code does not indicate success: 503 (Service Unavailable). Host response: {"error":"fake Host offline"}
recordedAt=2026-08-10T04:16:31.3872053+00:00 correlationId=ef81c5f2f7e04a5180e35a19d87447de component=Watch stage=HTTP_STATUS elapsedMs=2 endpoint=/api/poll-health rowCount=0 bytes=0 detail=Response status code does not indicate success: 503 (Service Unavailable).
recordedAt=2026-08-10T04:16:31.6984488+00:00 correlationId=f396967fa1564fa0ab76343e37b246f9 component=Watch stage=HTTP_OK elapsedMs=1 endpoint=/api/poll-health statusCode=200 rowCount=1 bytes=210
recordedAt=2026-08-10T04:16:31.7090732+00:00 correlationId=eec1e6c12a8c4eb2acce6c778b693137 component=Watch stage=HTTP_OK elapsedMs=11 endpoint=/api/demands statusCode=200 rowCount=1 bytes=436
recordedAt=2026-08-10T04:16:31.7095944+00:00 correlationId=ac27f6d61ae746c49a1522e18db99a25 component=Watch stage=HTTP_OK elapsedMs=11 endpoint=/api/alerts statusCode=200 rowCount=0 bytes=46
recordedAt=2026-08-10T04:17:05.0544367+00:00 correlationId=01acbfe5631c44a9a7d3e07e652db11c component=Watch stage=HTTP_OK elapsedMs=67 endpoint=/api/contract statusCode=200 rowCount=1 bytes=59
recordedAt=2026-08-10T04:17:05.0961253+00:00 correlationId=809c1167d29b40108ea824d6690eb226 component=Watch stage=HTTP_OK elapsedMs=36 endpoint=/api/poll-health statusCode=200 rowCount=1 bytes=210
recordedAt=2026-08-10T04:17:05.1317197+00:00 correlationId=06062d5b48ff4c0fa743b5073472d9cb component=Watch stage=HTTP_OK elapsedMs=1 endpoint=/api/poll-health statusCode=200 rowCount=1 bytes=210
recordedAt=2026-08-10T04:17:05.1512117+00:00 correlationId=fb75bc791d3e4a099c02b5ab422b7ec3 component=Watch stage=HTTP_OK elapsedMs=16 endpoint=/api/alerts statusCode=200 rowCount=0 bytes=46
recordedAt=2026-08-10T04:17:05.1522458+00:00 correlationId=7b8183db500d487d9d763329f68da457 component=Watch stage=HTTP_OK elapsedMs=13 endpoint=/api/demands statusCode=200 rowCount=1 bytes=436
recordedAt=2026-08-10T04:17:06.1310650+00:00 correlationId=5edcb7b77101478dac0ded58f4271d57 component=Watch stage=HTTP_STATUS elapsedMs=4 endpoint=/api/alerts statusCode=503 rowCount=0 bytes=29 detail={"error":"fake Host offline"}
recordedAt=2026-08-10T04:17:06.1310650+00:00 correlationId=cc539ee30d9d4635b2ac81128a88e637 component=Watch stage=HTTP_STATUS elapsedMs=5 endpoint=/api/poll-health rowCount=0 bytes=0 detail=Response status code does not indicate success: 503 (Service Unavailable).
recordedAt=2026-08-10T04:17:06.1310740+00:00 correlationId=b3303f88a33d453cae2b226894ac9777 component=Watch stage=HTTP_STATUS elapsedMs=4 endpoint=/api/demands rowCount=0 bytes=0 detail=Response status code does not indicate success: 503 (Service Unavailable). Host response: {"error":"fake Host offline"}
recordedAt=2026-08-10T04:17:06.4705412+00:00 correlationId=51cb4fa4b9ed4f5abb39a66906521354 component=Watch stage=HTTP_OK elapsedMs=1 endpoint=/api/poll-health statusCode=200 rowCount=1 bytes=210
recordedAt=2026-08-10T04:17:06.4706783+00:00 correlationId=1b476a2a3a574fd7a87db1801d98abf7 component=Watch stage=HTTP_OK elapsedMs=0 endpoint=/api/alerts statusCode=200 rowCount=0 bytes=46
recordedAt=2026-08-10T04:17:06.4707227+00:00 correlationId=f6fa17e3e5354c99adb992ea115dce5d component=Watch stage=HTTP_OK elapsedMs=0 endpoint=/api/demands statusCode=200 rowCount=1 bytes=436
