recordedAt=2026-08-10T04:13:10.7283688+00:00 correlationId=d1746f6758604e7181255d843e3507df component=Watch stage=HTTP_OK elapsedMs=89 endpoint=/api/contract statusCode=200 rowCount=1 bytes=59
recordedAt=2026-08-10T04:13:10.8079240+00:00 correlationId=b6fc3eaec1904f6c8fd7c6791a31f757 component=Watch stage=HTTP_OK elapsedMs=59 endpoint=/api/poll-health statusCode=200 rowCount=1 bytes=210
recordedAt=2026-08-10T04:13:10.8447230+00:00 correlationId=f7135f35f717452b9455378f67b27132 component=Watch stage=HTTP_OK elapsedMs=1 endpoint=/api/poll-health statusCode=200 rowCount=1 bytes=210
recordedAt=2026-08-10T04:13:10.8668234+00:00 correlationId=ae3a2e71f57b4165b7540bd32ffac25e component=Watch stage=HTTP_OK elapsedMs=11 endpoint=/api/alerts statusCode=200 rowCount=0 bytes=46
recordedAt=2026-08-10T04:13:10.8699972+00:00 correlationId=67d446880a8d4908911f3936e05e7c6e component=Watch stage=HTTP_OK elapsedMs=10 endpoint=/api/demands statusCode=200 rowCount=1 bytes=436
recordedAt=2026-08-10T04:13:16.3984409+00:00 correlationId=c58fa484d03745d88040fb964929d98a component=Watch stage=HTTP_STATUS elapsedMs=21 endpoint=/api/alerts statusCode=503 rowCount=0 bytes=29 detail={"error":"fake Host offline"}
recordedAt=2026-08-10T04:13:16.3984410+00:00 correlationId=9d2eea09613446d5b691633988587256 component=Watch stage=HTTP_STATUS elapsedMs=4 endpoint=/api/poll-health rowCount=0 bytes=0 detail=Response status code does not indicate success: 503 (Service Unavailable).
recordedAt=2026-08-10T04:13:16.3984619+00:00 correlationId=5d837941924f4f9a83d16b3347d9d456 component=Watch stage=HTTP_STATUS elapsedMs=32 endpoint=/api/demands rowCount=0 bytes=0 detail=Response status code does not indicate success: 503 (Service Unavailable). Host response: {"error":"fake Host offline"}
recordedAt=2026-08-10T04:13:16.6738475+00:00 correlationId=8cb58b461eca4edd9ac69018a4588fb3 component=Watch stage=HTTP_OK elapsedMs=1 endpoint=/api/poll-health statusCode=200 rowCount=1 bytes=210
recordedAt=2026-08-10T04:13:16.6741220+00:00 correlationId=3a6150e301e244e5a4c9ddc6d339ae4c component=Watch stage=HTTP_OK elapsedMs=1 endpoint=/api/alerts statusCode=200 rowCount=0 bytes=46
recordedAt=2026-08-10T04:13:16.6744848+00:00 correlationId=1e3b75d1ac5542fbbab32bdc272a9c4e component=Watch stage=HTTP_OK elapsedMs=1 endpoint=/api/demands statusCode=200 rowCount=1 bytes=436
recordedAt=2026-08-10T04:13:51.2098350+00:00 correlationId=49fe98341f914cf391f5424d043e7c6d component=Watch stage=HTTP_OK elapsedMs=69 endpoint=/api/contract statusCode=200 rowCount=1 bytes=59
recordedAt=2026-08-10T04:13:51.2539945+00:00 correlationId=8057a227a4d144c3a8a7c791e5827ffc component=Watch stage=HTTP_OK elapsedMs=38 endpoint=/api/poll-health statusCode=200 rowCount=1 bytes=210
recordedAt=2026-08-10T04:13:51.2863379+00:00 correlationId=baf5856f99fb4271843bdda7f7c5c78c component=Watch stage=HTTP_OK elapsedMs=5 endpoint=/api/poll-health statusCode=200 rowCount=1 bytes=210
recordedAt=2026-08-10T04:13:51.3092842+00:00 correlationId=8cc81714549548f3b85a55d59d7181fa component=Watch stage=HTTP_OK elapsedMs=19 endpoint=/api/alerts statusCode=200 rowCount=0 bytes=46
recordedAt=2026-08-10T04:13:51.3106122+00:00 correlationId=e2cfb89cfeab40fbb09d1dd5b80f729a component=Watch stage=HTTP_OK elapsedMs=14 endpoint=/api/demands statusCode=200 rowCount=1 bytes=436
recordedAt=2026-08-10T04:13:52.3177864+00:00 correlationId=2391d9ab7d1c49938bdbe340224613bd component=Watch stage=HTTP_STATUS elapsedMs=15 endpoint=/api/alerts statusCode=503 rowCount=0 bytes=29 detail={"error":"fake Host offline"}
recordedAt=2026-08-10T04:13:52.3177791+00:00 correlationId=bfee6fd678654674b1a664547445a473 component=Watch stage=HTTP_STATUS elapsedMs=14 endpoint=/api/demands rowCount=0 bytes=0 detail=Response status code does not indicate success: 503 (Service Unavailable). Host response: {"error":"fake Host offline"}
recordedAt=2026-08-10T04:13:52.3177791+00:00 correlationId=89305046f3b949e4940f24e5e80052a4 component=Watch stage=HTTP_STATUS elapsedMs=3 endpoint=/api/poll-health rowCount=0 bytes=0 detail=Response status code does not indicate success: 503 (Service Unavailable).
recordedAt=2026-08-10T04:13:52.6346280+00:00 correlationId=673dd82ad0b547ae84375d04ef7e15b0 component=Watch stage=HTTP_OK elapsedMs=1 endpoint=/api/poll-health statusCode=200 rowCount=1 bytes=210
recordedAt=2026-08-10T04:13:52.6347905+00:00 correlationId=d956d139ae30440bb230f5817367ef82 component=Watch stage=HTTP_OK elapsedMs=1 endpoint=/api/alerts statusCode=200 rowCount=0 bytes=46
recordedAt=2026-08-10T04:13:52.6349261+00:00 correlationId=78036d5e860c4536abb3714e7adc0371 component=Watch stage=HTTP_OK elapsedMs=1 endpoint=/api/demands statusCode=200 rowCount=1 bytes=436
