C:\MesIngest\area-live-sync-visual\run-20260821-015023-watch-window-visual\Source\mes\ingest\csharp\MesIngest.Watch.UiTests\MesIngest.Watch.UiTests.csproj : warning NU1801: 鏃犳硶鍔犺浇婧?https://api.nuget.org/v3/index.json 鐨勬湇鍔＄储寮曘€?
C:\MesIngest\area-live-sync-visual\run-20260821-015023-watch-window-visual\Source\mes\ingest\csharp\MesIngest.Watch.UiTests\MesIngest.Watch.UiTests.csproj : warning NU1801: 鏃犳硶鍔犺浇婧?https://api.nuget.org/v3/index.json 鐨勬湇鍔＄储寮曘€?
C:\MesIngest\area-live-sync-visual\run-20260821-015023-watch-window-visual\Source\mes\ingest\csharp\MesIngest.Watch.UiTests\MesIngest.Watch.UiTests.csproj : warning NU1801: 鏃犳硶鍔犺浇婧?https://api.nuget.org/v3/index.json 鐨勬湇鍔＄储寮曘€?
C:\MesIngest\area-live-sync-visual\run-20260821-015023-watch-window-visual\Source\mes\ingest\csharp\MesIngest.Watch.UiTests\MesIngest.Watch.UiTests.csproj : warning NU1801: 鏃犳硶鍔犺浇婧?https://api.nuget.org/v3/index.json 鐨勬湇鍔＄储寮曘€?
C:\MesIngest\area-live-sync-visual\run-20260821-015023-watch-window-visual\Source\mes\ingest\csharp\MesIngest.Watch.UiTests\MesIngest.Watch.UiTests.csproj : warning NU1603: xunit.v3.common 3.2.2 渚濊禆浜?Microsoft.Bcl.AsyncInterfaces (>= 6.0.0)锛屼絾鎵句笉鍒?Microsoft.Bcl.AsyncInterfaces 6.0.0銆?宸茶В鍐?Microsoft.Bcl.AsyncInterfaces 10.0.6 鐨勮繎浼兼渶浣冲尮閰嶃€?
C:\MesIngest\area-live-sync-visual\run-20260821-015023-watch-window-visual\Source\mes\ingest\csharp\MesIngest.Watch.UiTests\MesIngest.Watch.UiTests.csproj : warning NU1603: Microsoft.ApplicationInsights 2.23.0 渚濊禆浜?System.Diagnostics.DiagnosticSource (>= 5.0.0)锛屼絾鎵句笉鍒?System.Diagnostics.DiagnosticSource 5.0.0銆?宸茶В鍐?System.Diagnostics.DiagnosticSource 6.0.1 鐨勮繎浼兼渶浣冲尮閰嶃€?
C:\MesIngest\area-live-sync-visual\run-20260821-015023-watch-window-visual\Source\mes\ingest\csharp\MesIngest.Watch.UiTests\MesIngest.Watch.UiTests.csproj : warning NU1603: Azure.Identity 1.11.4 渚濊禆浜?System.Memory (>= 4.5.4)锛屼絾鎵句笉鍒?System.Memory 4.5.4銆?宸茶В鍐?System.Memory 4.6.0 鐨勮繎浼兼渶浣冲尮閰嶃€?
C:\MesIngest\area-live-sync-visual\run-20260821-015023-watch-window-visual\Source\mes\ingest\csharp\MesIngest.Watch.UiTests\MesIngest.Watch.UiTests.csproj : warning NU1603: Azure.Identity 1.11.4 渚濊禆浜?System.Security.Cryptography.ProtectedData (>= 4.7.0)锛屼絾鎵句笉鍒?System.Security.Cryptography.ProtectedData 4.7.0銆?宸茶В鍐?System.Security.Cryptography.ProtectedData 8.0.0 鐨勮繎浼兼渶浣冲尮閰嶃€?
C:\MesIngest\area-live-sync-visual\run-20260821-015023-watch-window-visual\Source\mes\ingest\csharp\MesIngest.Core\MesIngest.Core.csproj : warning NU1801: 鏃犳硶鍔犺浇婧?https://api.nuget.org/v3/index.json 鐨勬湇鍔＄储寮曘€?
C:\MesIngest\area-live-sync-visual\run-20260821-015023-watch-window-visual\Source\mes\ingest\csharp\MesIngest.Core\MesIngest.Core.csproj : warning NU1801: 鏃犳硶鍔犺浇婧?https://api.nuget.org/v3/index.json 鐨勬湇鍔＄储寮曘€?
C:\MesIngest\area-live-sync-visual\run-20260821-015023-watch-window-visual\Source\mes\ingest\csharp\MesIngest.Core\MesIngest.Core.csproj : warning NU1603: Azure.Identity 1.11.4 渚濊禆浜?System.Memory (>= 4.5.4)锛屼絾鎵句笉鍒?System.Memory 4.5.4銆?宸茶В鍐?System.Memory 4.6.0 鐨勮繎浼兼渶浣冲尮閰嶃€?
C:\MesIngest\area-live-sync-visual\run-20260821-015023-watch-window-visual\Source\mes\ingest\csharp\MesIngest.Core\MesIngest.Core.csproj : warning NU1603: Azure.Identity 1.11.4 渚濊禆浜?System.Security.Cryptography.ProtectedData (>= 4.7.0)锛屼絾鎵句笉鍒?System.Security.Cryptography.ProtectedData 4.7.0銆?宸茶В鍐?System.Security.Cryptography.ProtectedData 8.0.0 鐨勮繎浼兼渶浣冲尮閰嶃€?
C:\MesIngest\area-live-sync-visual\run-20260821-015023-watch-window-visual\Source\mes\ingest\csharp\MesIngest.Watch\MesIngest.Watch.csproj : warning NU1801: 鏃犳硶鍔犺浇婧?https://api.nuget.org/v3/index.json 鐨勬湇鍔＄储寮曘€?
C:\MesIngest\area-live-sync-visual\run-20260821-015023-watch-window-visual\Source\mes\ingest\csharp\MesIngest.Watch\MesIngest.Watch.csproj : warning NU1801: 鏃犳硶鍔犺浇婧?https://api.nuget.org/v3/index.json 鐨勬湇鍔＄储寮曘€?
C:\MesIngest\area-live-sync-visual\run-20260821-015023-watch-window-visual\Source\mes\ingest\csharp\MesIngest.Watch\MesIngest.Watch.csproj : warning NU1603: Azure.Identity 1.11.4 渚濊禆浜?System.Memory (>= 4.5.4)锛屼絾鎵句笉鍒?System.Memory 4.5.4銆?宸茶В鍐?System.Memory 4.6.0 鐨勮繎浼兼渶浣冲尮閰嶃€?
C:\MesIngest\area-live-sync-visual\run-20260821-015023-watch-window-visual\Source\mes\ingest\csharp\MesIngest.Watch\MesIngest.Watch.csproj : warning NU1603: Azure.Identity 1.11.4 渚濊禆浜?System.Security.Cryptography.ProtectedData (>= 4.7.0)锛屼絾鎵句笉鍒?System.Security.Cryptography.ProtectedData 4.7.0銆?宸茶В鍐?System.Security.Cryptography.ProtectedData 8.0.0 鐨勮繎浼兼渶浣冲尮閰嶃€?
xUnit.net v3 In-Process Runner v3.2.2+728c1dce01 (64-bit .NET 8.0.29)
  Discovering: MesIngest.Watch.UiTests
  Discovered:  MesIngest.Watch.UiTests
  Starting:    MesIngest.Watch.UiTests
    MesIngest.Watch.UiTests.WatchWorkspaceProductionJourneyTests.Operator_reviews_the_complete_production_workspace_and_records_the_shared_preview [FAIL]
      Window baseline mismatch for 03-demand-series-detail: colour changed at 1315,263: delta (-55,-32,-13) is not neutral. See C:\MesIngest\area-live-sync-visual\run-20260821-015023-watch-window-visual\Source\mes\ingest\csharp\TestResults\watch-ui\20260821-015114-032\production-workspace-19-22.
      Stack Trace:
        MesIngest.Watch.UiTests\WatchWindowBaseline.cs(73,0): at MesIngest.Watch.UiTests.WatchWindowBaseline.Verify(String baselineName, Byte[] actual, WatchJourneyEvidence evidence)
        MesIngest.Watch.UiTests\WatchWorkspaceProductionJourneyTests.cs(2590,0): at MesIngest.Watch.UiTests.WatchWorkspaceProductionJourneyTests.CaptureApprovedBaseline(WatchJourneyEvidence evidence, IntPtr windowHandle, String step)
        MesIngest.Watch.UiTests\WatchWorkspaceProductionJourneyTests.cs(848,0): at MesIngest.Watch.UiTests.WatchWorkspaceProductionJourneyTests.Operator_reviews_the_complete_production_workspace_and_records_the_shared_preview()
        MesIngest.Watch.UiTests\WatchWorkspaceProductionJourneyTests.cs(1176,0): at MesIngest.Watch.UiTests.WatchWorkspaceProductionJourneyTests.Operator_reviews_the_complete_production_workspace_and_records_the_shared_preview()
        MesIngest.Watch.UiTests\WatchWorkspaceProductionJourneyTests.cs(1176,0): at MesIngest.Watch.UiTests.WatchWorkspaceProductionJourneyTests.Operator_reviews_the_complete_production_workspace_and_records_the_shared_preview()
        --- End of stack trace from previous location ---
  Finished:    MesIngest.Watch.UiTests (ID = 'c53c3bb56f92c16af69538c4a34fe4743f159963ff38b62b90d0641d806a108d')
=== TEST EXECUTION SUMMARY ===
   MesIngest.Watch.UiTests  Total: 1, Errors: 0, Failed: 1, Skipped: 0, Not Run: 0, Time: 69.809s
