recordedAt=2026-08-10T03:11:50.3101568+00:00 correlationId=dd5a808e83534147bae67796cc7a34c3 component=Watch stage=HTTP_OK elapsedMs=66 endpoint=/api/contract statusCode=200 rowCount=1 bytes=59
recordedAt=2026-08-10T03:11:50.3577867+00:00 correlationId=fabf0a53078a4945bf56c173ddfdc6f8 component=Watch stage=HTTP_OK elapsedMs=42 endpoint=/api/poll-health statusCode=200 rowCount=1 bytes=210
recordedAt=2026-08-10T03:11:50.3926491+00:00 correlationId=ef054ae541f8402aa55bfb67ecdb8e4f component=Watch stage=HTTP_OK elapsedMs=1 endpoint=/api/poll-health statusCode=200 rowCount=1 bytes=210
recordedAt=2026-08-10T03:11:50.4100234+00:00 correlationId=a917acd4ad794627a22cbc5b324611db component=Watch stage=HTTP_OK elapsedMs=13 endpoint=/api/alerts statusCode=200 rowCount=0 bytes=46
recordedAt=2026-08-10T03:11:50.4126151+00:00 correlationId=5eea0067b02546e3ae2b30dd772fa6b0 component=Watch stage=HTTP_OK elapsedMs=8 endpoint=/api/demands statusCode=200 rowCount=1 bytes=436
recordedAt=2026-08-10T03:11:55.8592648+00:00 correlationId=5b51841e4ba84bdd8039511ee4612a7c component=Watch stage=HTTP_STATUS elapsedMs=17 endpoint=/api/poll-health rowCount=0 bytes=0 detail=Response status code does not indicate success: 503 (Service Unavailable).
recordedAt=2026-08-10T03:11:55.8592595+00:00 correlationId=5234c109c0ba43d28db4f8fbb97f90d8 component=Watch stage=HTTP_STATUS elapsedMs=19 endpoint=/api/demands rowCount=0 bytes=0 detail=Response status code does not indicate success: 503 (Service Unavailable). Host response: {"error":"fake Host offline"}
recordedAt=2026-08-10T03:11:55.8592955+00:00 correlationId=5166f4ad671a45e688c7b6237f565d58 component=Watch stage=HTTP_STATUS elapsedMs=15 endpoint=/api/alerts statusCode=503 rowCount=0 bytes=29 detail={"error":"fake Host offline"}
recordedAt=2026-08-10T03:11:56.1170965+00:00 correlationId=5aedb72587af43909db5150a4e6ea219 component=Watch stage=HTTP_OK elapsedMs=1 endpoint=/api/poll-health statusCode=200 rowCount=1 bytes=210
recordedAt=2026-08-10T03:11:56.1172444+00:00 correlationId=53974b6f9752497aaf822163fee0b334 component=Watch stage=HTTP_OK elapsedMs=0 endpoint=/api/alerts statusCode=200 rowCount=0 bytes=46
recordedAt=2026-08-10T03:11:56.1172764+00:00 correlationId=31dad2cb35474336a936f4802afb401a component=Watch stage=HTTP_OK elapsedMs=0 endpoint=/api/demands statusCode=200 rowCount=1 bytes=436
recordedAt=2026-08-10T03:12:30.4596624+00:00 correlationId=0e583e7cba134ef9a12c60bc87d4d0a0 component=Watch stage=HTTP_OK elapsedMs=74 endpoint=/api/contract statusCode=200 rowCount=1 bytes=59
recordedAt=2026-08-10T03:12:30.4982498+00:00 correlationId=2a73523fba854dd18ea2d49ca3d7b406 component=Watch stage=HTTP_OK elapsedMs=32 endpoint=/api/poll-health statusCode=200 rowCount=1 bytes=210
recordedAt=2026-08-10T03:12:30.5253917+00:00 correlationId=6aca6800d2704c318073149f6b7abbeb component=Watch stage=HTTP_OK elapsedMs=1 endpoint=/api/poll-health statusCode=200 rowCount=1 bytes=210
recordedAt=2026-08-10T03:12:30.5523495+00:00 correlationId=186ff91f53c04ed19853c32b820b4da3 component=Watch stage=HTTP_OK elapsedMs=21 endpoint=/api/alerts statusCode=200 rowCount=0 bytes=46
recordedAt=2026-08-10T03:12:30.5547275+00:00 correlationId=f96949688ca645e485cbb2b7c872030b component=Watch stage=HTTP_OK elapsedMs=15 endpoint=/api/demands statusCode=200 rowCount=1 bytes=436
recordedAt=2026-08-10T03:12:31.6333892+00:00 correlationId=e2a33cea72324cc2bd7a15f548d41557 component=Watch stage=HTTP_STATUS elapsedMs=3 endpoint=/api/alerts statusCode=503 rowCount=0 bytes=29 detail={"error":"fake Host offline"}
recordedAt=2026-08-10T03:12:31.6334086+00:00 correlationId=e43cb230cc2c44b99c57716235c5bb73 component=Watch stage=HTTP_STATUS elapsedMs=3 endpoint=/api/demands rowCount=0 bytes=0 detail=Response status code does not indicate success: 503 (Service Unavailable). Host response: {"error":"fake Host offline"}
recordedAt=2026-08-10T03:12:31.6334100+00:00 correlationId=c55d94bd57ee453591b1c5bd810d6448 component=Watch stage=HTTP_STATUS elapsedMs=3 endpoint=/api/poll-health rowCount=0 bytes=0 detail=Response status code does not indicate success: 503 (Service Unavailable).
recordedAt=2026-08-10T03:12:31.9680218+00:00 correlationId=f035ca51b567459785353fe2d8569368 component=Watch stage=HTTP_OK elapsedMs=1 endpoint=/api/poll-health statusCode=200 rowCount=1 bytes=210
recordedAt=2026-08-10T03:12:31.9681454+00:00 correlationId=921c6b33aeaa4ec291c3294d9c74d984 component=Watch stage=HTTP_OK elapsedMs=0 endpoint=/api/alerts statusCode=200 rowCount=0 bytes=46
recordedAt=2026-08-10T03:12:31.9681912+00:00 correlationId=0036c9a2aa8f42debb920f9546103fbe component=Watch stage=HTTP_OK elapsedMs=0 endpoint=/api/demands statusCode=200 rowCount=1 bytes=436
