recordedAt=2026-08-10T04:25:46.9541921+00:00 correlationId=48889f8e5d6c46c19b2a70633cfe70e1 component=Watch stage=HTTP_OK elapsedMs=79 endpoint=/api/contract statusCode=200 rowCount=1 bytes=59
recordedAt=2026-08-10T04:25:47.0066960+00:00 correlationId=936789dd296a4565a6ad47ff633d044d component=Watch stage=HTTP_OK elapsedMs=48 endpoint=/api/poll-health statusCode=200 rowCount=1 bytes=210
recordedAt=2026-08-10T04:25:47.0427666+00:00 correlationId=97b88bead9d1443da0df0c8d1f6cd6c7 component=Watch stage=HTTP_OK elapsedMs=1 endpoint=/api/poll-health statusCode=200 rowCount=1 bytes=210
recordedAt=2026-08-10T04:25:47.0742541+00:00 correlationId=890f8f8d5fe94338bc035a2ebab2dcd5 component=Watch stage=HTTP_OK elapsedMs=25 endpoint=/api/alerts statusCode=200 rowCount=1 bytes=519
recordedAt=2026-08-10T04:25:47.0742541+00:00 correlationId=dad1908ebf6b483a991a3d954fc35d0c component=Watch stage=HTTP_OK elapsedMs=11 endpoint=/api/demands statusCode=200 rowCount=1 bytes=436
recordedAt=2026-08-10T04:25:52.2386291+00:00 correlationId=8906e1f568ab44ffadea799b86a60df5 component=Watch stage=HTTP_OK elapsedMs=1 endpoint=/api/alerts statusCode=200 rowCount=1 bytes=519
recordedAt=2026-08-10T04:25:52.8749578+00:00 correlationId=fdd1769127d34aadaa5906ca57a7e8ab component=Watch stage=HTTP_OK elapsedMs=2 endpoint=/api/demands/journey-visible-001 statusCode=200 rowCount=1 bytes=390
recordedAt=2026-08-10T04:25:53.0680051+00:00 correlationId=4fc3662320d049918f9cb91f0db9c704 component=Watch stage=HTTP_OK elapsedMs=4 endpoint=/api/demands/journey-visible-001 statusCode=200 rowCount=1 bytes=390
recordedAt=2026-08-10T04:25:53.2751982+00:00 correlationId=8ef0ce7e45034277ac5d0ac5e69e674e component=Watch stage=HTTP_OK elapsedMs=1 endpoint=/api/demands/journey-visible-001 statusCode=200 rowCount=1 bytes=390
recordedAt=2026-08-10T04:25:53.2797286+00:00 correlationId=4af93093a1d74b55b3eadda486384045 component=Watch stage=HTTP_OK elapsedMs=1 endpoint=/api/demands statusCode=200 rowCount=1 bytes=436
recordedAt=2026-08-10T04:25:53.3151502+00:00 correlationId=43dacaa2335f4ae182ae56cd98f836a2 component=Watch stage=HTTP_OK elapsedMs=1 endpoint=/api/demands/journey-visible-001 statusCode=200 rowCount=1 bytes=390
recordedAt=2026-08-10T04:25:54.0835209+00:00 correlationId=2a8a3ae663714f82aabd2f4e595a1463 component=Watch stage=HTTP_OK elapsedMs=1 endpoint=/api/demands/journey-visible-001 statusCode=200 rowCount=1 bytes=390
recordedAt=2026-08-10T04:26:34.7269300+00:00 correlationId=bb314ff99efd46c2961300aad8860d80 component=Watch stage=HTTP_OK elapsedMs=71 endpoint=/api/contract statusCode=200 rowCount=1 bytes=59
recordedAt=2026-08-10T04:26:34.7704900+00:00 correlationId=a90b39053c174af1819bf5fb4c575d5e component=Watch stage=HTTP_OK elapsedMs=38 endpoint=/api/poll-health statusCode=200 rowCount=1 bytes=210
recordedAt=2026-08-10T04:26:34.8182332+00:00 correlationId=89ea199cd71645f4a75557dfa36132a0 component=Watch stage=HTTP_OK elapsedMs=3 endpoint=/api/poll-health statusCode=200 rowCount=1 bytes=210
recordedAt=2026-08-10T04:26:34.8411446+00:00 correlationId=fdf2344e725e49ab8683080cd965fc72 component=Watch stage=HTTP_OK elapsedMs=19 endpoint=/api/alerts statusCode=200 rowCount=1 bytes=519
recordedAt=2026-08-10T04:26:34.8411446+00:00 correlationId=28112c91a28c4022aaeefa39928bb9a0 component=Watch stage=HTTP_OK elapsedMs=15 endpoint=/api/demands statusCode=200 rowCount=1 bytes=436
recordedAt=2026-08-10T04:26:35.3707885+00:00 correlationId=53f67e1a7f4a452bbc413b151172d6d1 component=Watch stage=HTTP_OK elapsedMs=1 endpoint=/api/alerts statusCode=200 rowCount=1 bytes=519
recordedAt=2026-08-10T04:26:35.9748148+00:00 correlationId=9b02b1023b8f4ef882bb3fe13c69c436 component=Watch stage=HTTP_OK elapsedMs=2 endpoint=/api/demands/journey-visible-001 statusCode=200 rowCount=1 bytes=390
recordedAt=2026-08-10T04:26:36.2163471+00:00 correlationId=1e9513436378454e9dceae79fcca333d component=Watch stage=HTTP_OK elapsedMs=1 endpoint=/api/demands/journey-visible-001 statusCode=200 rowCount=1 bytes=390
recordedAt=2026-08-10T04:26:36.2238765+00:00 correlationId=8d6615bf8abd4cf3a692fa62320db962 component=Watch stage=HTTP_OK elapsedMs=1 endpoint=/api/demands statusCode=200 rowCount=1 bytes=436
recordedAt=2026-08-10T04:26:36.2738619+00:00 correlationId=48a4d69bd4354eb89676d5588ef8f2c0 component=Watch stage=HTTP_OK elapsedMs=1 endpoint=/api/demands/journey-visible-001 statusCode=200 rowCount=1 bytes=390
recordedAt=2026-08-10T04:26:36.6840462+00:00 correlationId=4541e94a701146cfb85f6dc8c7e566f7 component=Watch stage=HTTP_OK elapsedMs=1 endpoint=/api/demands/journey-visible-001 statusCode=200 rowCount=1 bytes=390
