recordedAt=2026-08-10T06:47:01.9464961+00:00 correlationId=62bf03df22b34600b06b9f25c10bb8e9 component=Watch stage=HTTP_OK elapsedMs=70 endpoint=/api/contract statusCode=200 rowCount=1 bytes=59
recordedAt=2026-08-10T06:47:01.9960836+00:00 correlationId=807eaf3d96c042e0bcd201035630dc64 component=Watch stage=HTTP_OK elapsedMs=43 endpoint=/api/poll-health statusCode=200 rowCount=1 bytes=210
recordedAt=2026-08-10T06:47:02.0365872+00:00 correlationId=6ed21f5016ae499caeed8a0899c9feee component=Watch stage=HTTP_OK elapsedMs=5 endpoint=/api/poll-health statusCode=200 rowCount=1 bytes=210
recordedAt=2026-08-10T06:47:02.0559073+00:00 correlationId=0a7cd8fc0830446fa6fdbfdf905f3622 component=Watch stage=HTTP_OK elapsedMs=15 endpoint=/api/alerts statusCode=200 rowCount=0 bytes=46
recordedAt=2026-08-10T06:47:02.0577761+00:00 correlationId=9a74a89482764a2e8ca3b625456531e5 component=Watch stage=HTTP_OK elapsedMs=12 endpoint=/api/demands statusCode=200 rowCount=1 bytes=436
recordedAt=2026-08-10T06:47:07.5695427+00:00 correlationId=d979d48f0698451b9e9558a7148688cd component=Watch stage=HTTP_STATUS elapsedMs=16 endpoint=/api/alerts statusCode=503 rowCount=0 bytes=29 detail={"error":"fake Host offline"}
recordedAt=2026-08-10T06:47:07.5695555+00:00 correlationId=f98e441195ef4ac3a4171ebeee24cc98 component=Watch stage=HTTP_STATUS elapsedMs=15 endpoint=/api/demands rowCount=0 bytes=0 detail=Response status code does not indicate success: 503 (Service Unavailable). Host response: {"error":"fake Host offline"}
recordedAt=2026-08-10T06:47:07.5696012+00:00 correlationId=9a146b9e42704e8b83ec7f311c630bd4 component=Watch stage=HTTP_STATUS elapsedMs=15 endpoint=/api/poll-health rowCount=0 bytes=0 detail=Response status code does not indicate success: 503 (Service Unavailable).
recordedAt=2026-08-10T06:47:07.7555344+00:00 correlationId=2f46266f85e64edaa548effeeab77688 component=Watch stage=HTTP_OK elapsedMs=1 endpoint=/api/poll-health statusCode=200 rowCount=1 bytes=210
recordedAt=2026-08-10T06:47:07.7556527+00:00 correlationId=118cc3aed28c4cd586399b14ce4e88a4 component=Watch stage=HTTP_OK elapsedMs=0 endpoint=/api/alerts statusCode=200 rowCount=0 bytes=46
recordedAt=2026-08-10T06:47:07.7557013+00:00 correlationId=bd5dc2937d36457ca2185a1c51e0da25 component=Watch stage=HTTP_OK elapsedMs=0 endpoint=/api/demands statusCode=200 rowCount=1 bytes=436
recordedAt=2026-08-10T06:47:39.5984432+00:00 correlationId=9591039bd9884af8a16fc4a1af3e0c1b component=Watch stage=HTTP_OK elapsedMs=68 endpoint=/api/contract statusCode=200 rowCount=1 bytes=59
recordedAt=2026-08-10T06:47:39.6317727+00:00 correlationId=6012562044c54abeb7c5afb27f62b1da component=Watch stage=HTTP_OK elapsedMs=29 endpoint=/api/poll-health statusCode=200 rowCount=1 bytes=210
recordedAt=2026-08-10T06:47:39.6508470+00:00 correlationId=2fb0faec833847dda6038abf36481e49 component=Watch stage=HTTP_OK elapsedMs=1 endpoint=/api/poll-health statusCode=200 rowCount=1 bytes=210
recordedAt=2026-08-10T06:47:39.6645211+00:00 correlationId=80f9c02ebf7541bd8ac2f8c2fdc04c9c component=Watch stage=HTTP_OK elapsedMs=10 endpoint=/api/alerts statusCode=200 rowCount=0 bytes=46
recordedAt=2026-08-10T06:47:39.6656726+00:00 correlationId=53bd23834fbc48a89728cacd5da615af component=Watch stage=HTTP_OK elapsedMs=7 endpoint=/api/demands statusCode=200 rowCount=1 bytes=436
recordedAt=2026-08-10T06:47:40.5408913+00:00 correlationId=411d75372177437ea60aab8b66a1f140 component=Watch stage=HTTP_STATUS elapsedMs=12 endpoint=/api/alerts statusCode=503 rowCount=0 bytes=29 detail={"error":"fake Host offline"}
recordedAt=2026-08-10T06:47:40.5409159+00:00 correlationId=01127f4bbee940b4a1913d7899b4e07f component=Watch stage=HTTP_STATUS elapsedMs=2 endpoint=/api/poll-health rowCount=0 bytes=0 detail=Response status code does not indicate success: 503 (Service Unavailable).
recordedAt=2026-08-10T06:47:40.5409063+00:00 correlationId=b5d753e44f284a7ea1e64b72325e8bcf component=Watch stage=HTTP_STATUS elapsedMs=11 endpoint=/api/demands rowCount=0 bytes=0 detail=Response status code does not indicate success: 503 (Service Unavailable). Host response: {"error":"fake Host offline"}
recordedAt=2026-08-10T06:47:40.8140411+00:00 correlationId=8e3c02c747b846b1824e291641a1b77d component=Watch stage=HTTP_OK elapsedMs=1 endpoint=/api/poll-health statusCode=200 rowCount=1 bytes=210
recordedAt=2026-08-10T06:47:40.8140906+00:00 correlationId=98f4484dc21941009d5b551a96b1e696 component=Watch stage=HTTP_OK elapsedMs=1 endpoint=/api/alerts statusCode=200 rowCount=0 bytes=46
recordedAt=2026-08-10T06:47:40.8142896+00:00 correlationId=82f5a4bdb2814a609bac7a80b0574d56 component=Watch stage=HTTP_OK elapsedMs=1 endpoint=/api/demands statusCode=200 rowCount=1 bytes=436
