recordedAt=2026-08-10T02:27:13.4966060+00:00 correlationId=5f1168f935f647deb4d126325a56d97b component=Watch stage=HTTP_OK elapsedMs=120 endpoint=/api/contract statusCode=200 rowCount=1 bytes=59
recordedAt=2026-08-10T02:27:13.5793376+00:00 correlationId=8d71ecabe8b74e51b9fc9718a98a65f9 component=Watch stage=HTTP_OK elapsedMs=78 endpoint=/api/poll-health statusCode=200 rowCount=1 bytes=210
recordedAt=2026-08-10T02:27:13.6148713+00:00 correlationId=552b91248434450a80e854d6f0603812 component=Watch stage=HTTP_OK elapsedMs=1 endpoint=/api/poll-health statusCode=200 rowCount=1 bytes=210
recordedAt=2026-08-10T02:27:13.6510401+00:00 correlationId=0bee79f0fa024e8cb2736b822acb52c3 component=Watch stage=HTTP_OK elapsedMs=23 endpoint=/api/alerts statusCode=200 rowCount=0 bytes=46
recordedAt=2026-08-10T02:27:13.6552703+00:00 correlationId=9edc3fe736f64a739162488198ee02a1 component=Watch stage=HTTP_OK elapsedMs=23 endpoint=/api/demands statusCode=200 rowCount=1 bytes=436
recordedAt=2026-08-10T02:27:18.9381980+00:00 correlationId=316ebc43a5cd4b9faf2455f82027fed6 component=Watch stage=HTTP_STATUS elapsedMs=4 endpoint=/api/alerts statusCode=503 rowCount=0 bytes=29 detail={"error":"fake Host offline"}
recordedAt=2026-08-10T02:27:18.9381925+00:00 correlationId=d23635cafeec4740a9a0b7fffc9a1309 component=Watch stage=HTTP_STATUS elapsedMs=4 endpoint=/api/demands rowCount=0 bytes=0 detail=Response status code does not indicate success: 503 (Service Unavailable). Host response: {"error":"fake Host offline"}
recordedAt=2026-08-10T02:27:18.9382578+00:00 correlationId=cf5ae0f46107408d9c61f7fe85c44cd2 component=Watch stage=HTTP_STATUS elapsedMs=5 endpoint=/api/poll-health rowCount=0 bytes=0 detail=Response status code does not indicate success: 503 (Service Unavailable).
recordedAt=2026-08-10T02:27:19.1768769+00:00 correlationId=660160e403794f22bb349c23c9f5917e component=Watch stage=HTTP_OK elapsedMs=1 endpoint=/api/alerts statusCode=200 rowCount=0 bytes=46
recordedAt=2026-08-10T02:27:19.1768815+00:00 correlationId=f55b9db929b5446cb59e53cab9d76744 component=Watch stage=HTTP_OK elapsedMs=1 endpoint=/api/poll-health statusCode=200 rowCount=1 bytes=210
recordedAt=2026-08-10T02:27:19.1771098+00:00 correlationId=c5bc631b624344e497d045f6028915ba component=Watch stage=HTTP_OK elapsedMs=1 endpoint=/api/demands statusCode=200 rowCount=1 bytes=436
recordedAt=2026-08-10T02:27:50.9421027+00:00 correlationId=55f58746717a4a1ea970d69f29eef6dc component=Watch stage=HTTP_OK elapsedMs=67 endpoint=/api/contract statusCode=200 rowCount=1 bytes=59
recordedAt=2026-08-10T02:27:50.9807344+00:00 correlationId=d96275029c5d4d758545e7594a4646bf component=Watch stage=HTTP_OK elapsedMs=34 endpoint=/api/poll-health statusCode=200 rowCount=1 bytes=210
recordedAt=2026-08-10T02:27:51.0087470+00:00 correlationId=30e68de6563d4b76bcbcfe418894ac71 component=Watch stage=HTTP_OK elapsedMs=1 endpoint=/api/poll-health statusCode=200 rowCount=1 bytes=210
recordedAt=2026-08-10T02:27:51.0275497+00:00 correlationId=9e12d9dbf8d74d15a84dfcfe739e751f component=Watch stage=HTTP_OK elapsedMs=13 endpoint=/api/alerts statusCode=200 rowCount=0 bytes=46
recordedAt=2026-08-10T02:27:51.0299782+00:00 correlationId=04cdfe148e9340c7ad35570b02d26d87 component=Watch stage=HTTP_OK elapsedMs=8 endpoint=/api/demands statusCode=200 rowCount=1 bytes=436
recordedAt=2026-08-10T02:27:52.1494977+00:00 correlationId=42c68d1c447c436fb8abd05639f1b9a5 component=Watch stage=HTTP_STATUS elapsedMs=4 endpoint=/api/alerts statusCode=503 rowCount=0 bytes=29 detail={"error":"fake Host offline"}
recordedAt=2026-08-10T02:27:52.1494978+00:00 correlationId=68b31e4a887040f0b3bb1c8d781194fe component=Watch stage=HTTP_STATUS elapsedMs=4 endpoint=/api/poll-health rowCount=0 bytes=0 detail=Response status code does not indicate success: 503 (Service Unavailable).
recordedAt=2026-08-10T02:27:52.1495903+00:00 correlationId=0804cd0d6a3b4beb82d8520dc668fb12 component=Watch stage=HTTP_STATUS elapsedMs=3 endpoint=/api/demands rowCount=0 bytes=0 detail=Response status code does not indicate success: 503 (Service Unavailable). Host response: {"error":"fake Host offline"}
recordedAt=2026-08-10T02:27:52.6084580+00:00 correlationId=ade678b8a9f34cf6b95ce15e39b3e231 component=Watch stage=HTTP_OK elapsedMs=1 endpoint=/api/poll-health statusCode=200 rowCount=1 bytes=210
recordedAt=2026-08-10T02:27:52.6086754+00:00 correlationId=4ed02ab023024f999160235e04635f60 component=Watch stage=HTTP_OK elapsedMs=1 endpoint=/api/alerts statusCode=200 rowCount=0 bytes=46
recordedAt=2026-08-10T02:27:52.6087320+00:00 correlationId=96dcc5c0a2de455cb10b5189fc69099d component=Watch stage=HTTP_OK elapsedMs=1 endpoint=/api/demands statusCode=200 rowCount=1 bytes=436
