recordedAt=2026-08-10T03:40:50.4821006+00:00 correlationId=c9aa798b8ae94a3a9bc707f721ee3ba7 component=Watch stage=HTTP_OK elapsedMs=67 endpoint=/api/contract statusCode=200 rowCount=1 bytes=59
recordedAt=2026-08-10T03:40:50.5190749+00:00 correlationId=72bc17c70a104067bfde43ce054cf9ce component=Watch stage=HTTP_OK elapsedMs=33 endpoint=/api/poll-health statusCode=200 rowCount=1 bytes=210
recordedAt=2026-08-10T03:40:50.5456697+00:00 correlationId=35ca6fde6eca4152a10672366da72c2b component=Watch stage=HTTP_OK elapsedMs=1 endpoint=/api/poll-health statusCode=200 rowCount=1 bytes=210
recordedAt=2026-08-10T03:40:50.5805711+00:00 correlationId=a073619216704ac796b240217f2f300a component=Watch stage=HTTP_OK elapsedMs=26 endpoint=/api/alerts statusCode=200 rowCount=0 bytes=46
recordedAt=2026-08-10T03:40:50.5814673+00:00 correlationId=0d435350be664cf7866dd5562dbc6704 component=Watch stage=HTTP_OK elapsedMs=20 endpoint=/api/demands statusCode=200 rowCount=1 bytes=436
recordedAt=2026-08-10T03:40:57.0218568+00:00 correlationId=369d665ab514422cad6e4b8cefe251bd component=Watch stage=HTTP_STATUS elapsedMs=2 endpoint=/api/alerts statusCode=503 rowCount=0 bytes=29 detail={"error":"fake Host offline"}
recordedAt=2026-08-10T03:40:57.0218646+00:00 correlationId=51fc2d6d76d84bb397fe61538c8cc27d component=Watch stage=HTTP_STATUS elapsedMs=2 endpoint=/api/poll-health rowCount=0 bytes=0 detail=Response status code does not indicate success: 503 (Service Unavailable).
recordedAt=2026-08-10T03:40:57.0218681+00:00 correlationId=9b23fe7ba48d4049a153202471709cce component=Watch stage=HTTP_STATUS elapsedMs=2 endpoint=/api/demands rowCount=0 bytes=0 detail=Response status code does not indicate success: 503 (Service Unavailable). Host response: {"error":"fake Host offline"}
recordedAt=2026-08-10T03:40:57.3077480+00:00 correlationId=7bfaed67d4c44ca3a587e4cb1a70579c component=Watch stage=HTTP_OK elapsedMs=2 endpoint=/api/poll-health statusCode=200 rowCount=1 bytes=210
recordedAt=2026-08-10T03:40:57.3080182+00:00 correlationId=214406d4c8534077954c03b59baa375e component=Watch stage=HTTP_OK elapsedMs=1 endpoint=/api/alerts statusCode=200 rowCount=0 bytes=46
recordedAt=2026-08-10T03:40:57.3080319+00:00 correlationId=4cb4b93aba924e2bb667d5eb65fcbdb1 component=Watch stage=HTTP_OK elapsedMs=1 endpoint=/api/demands statusCode=200 rowCount=1 bytes=436
recordedAt=2026-08-10T03:41:30.1615653+00:00 correlationId=e798f5d21013403caba471b5c8526416 component=Watch stage=HTTP_OK elapsedMs=65 endpoint=/api/contract statusCode=200 rowCount=1 bytes=59
recordedAt=2026-08-10T03:41:30.2040791+00:00 correlationId=684e155c47644d7a8c0ed0c6a8fecd02 component=Watch stage=HTTP_OK elapsedMs=35 endpoint=/api/poll-health statusCode=200 rowCount=1 bytes=210
recordedAt=2026-08-10T03:41:30.2405015+00:00 correlationId=a78c30d2c9ff4f8f8aefae5bcb66b44b component=Watch stage=HTTP_OK elapsedMs=1 endpoint=/api/poll-health statusCode=200 rowCount=1 bytes=210
recordedAt=2026-08-10T03:41:30.2598377+00:00 correlationId=698c1ebff86247489e015234ef3b2996 component=Watch stage=HTTP_OK elapsedMs=9 endpoint=/api/alerts statusCode=200 rowCount=0 bytes=46
recordedAt=2026-08-10T03:41:30.2638880+00:00 correlationId=b7190f34140b45449336ec295b0ef174 component=Watch stage=HTTP_OK elapsedMs=9 endpoint=/api/demands statusCode=200 rowCount=1 bytes=436
recordedAt=2026-08-10T03:41:31.2539073+00:00 correlationId=6c59229734c648cfa6b5d429ae739847 component=Watch stage=HTTP_STATUS elapsedMs=3 endpoint=/api/alerts statusCode=503 rowCount=0 bytes=29 detail={"error":"fake Host offline"}
recordedAt=2026-08-10T03:41:31.2539183+00:00 correlationId=623ae9181aa4426cb4529bc00fda1bba component=Watch stage=HTTP_STATUS elapsedMs=3 endpoint=/api/demands rowCount=0 bytes=0 detail=Response status code does not indicate success: 503 (Service Unavailable). Host response: {"error":"fake Host offline"}
recordedAt=2026-08-10T03:41:31.2539298+00:00 correlationId=ea7273df57854b909482515d153e675d component=Watch stage=HTTP_STATUS elapsedMs=3 endpoint=/api/poll-health rowCount=0 bytes=0 detail=Response status code does not indicate success: 503 (Service Unavailable).
recordedAt=2026-08-10T03:41:31.6513921+00:00 correlationId=f0105dc9b451406b8c1126b40f8b698d component=Watch stage=HTTP_OK elapsedMs=1 endpoint=/api/poll-health statusCode=200 rowCount=1 bytes=210
recordedAt=2026-08-10T03:41:31.6516116+00:00 correlationId=5cbf4c4db5e744aa83f4f75ec43ca791 component=Watch stage=HTTP_OK elapsedMs=1 endpoint=/api/alerts statusCode=200 rowCount=0 bytes=46
recordedAt=2026-08-10T03:41:31.6517306+00:00 correlationId=3f7cc01ef50e4286a6f637cfd581399b component=Watch stage=HTTP_OK elapsedMs=1 endpoint=/api/demands statusCode=200 rowCount=1 bytes=436
