recordedAt=2026-08-10T01:12:00.1662237+00:00 correlationId=362a63a5c1ca42b19d42d4b2c14f8e5b component=Watch stage=HTTP_OK elapsedMs=70 endpoint=/api/contract statusCode=200 rowCount=1 bytes=59
recordedAt=2026-08-10T01:12:00.2031191+00:00 correlationId=88ae98741382451aa79a7bf29f50041a component=Watch stage=HTTP_OK elapsedMs=31 endpoint=/api/poll-health statusCode=200 rowCount=1 bytes=210
recordedAt=2026-08-10T01:12:00.2276892+00:00 correlationId=466e03563aee4d25a216f331ae8c9abf component=Watch stage=HTTP_OK elapsedMs=2 endpoint=/api/poll-health statusCode=200 rowCount=1 bytes=210
recordedAt=2026-08-10T01:12:00.2443855+00:00 correlationId=1e5f16441a3042f7a845cbce5bfc2a3c component=Watch stage=HTTP_OK elapsedMs=10 endpoint=/api/alerts statusCode=200 rowCount=0 bytes=46
recordedAt=2026-08-10T01:12:00.2483542+00:00 correlationId=a6d6bdfc5d8c42c59cb7c3eab4af61f1 component=Watch stage=HTTP_OK elapsedMs=8 endpoint=/api/demands statusCode=200 rowCount=1 bytes=436
recordedAt=2026-08-10T01:12:05.6263202+00:00 correlationId=de74f16742204557b763f49a8736208a component=Watch stage=HTTP_STATUS elapsedMs=4 endpoint=/api/alerts statusCode=503 rowCount=0 bytes=29 detail={"error":"fake Host offline"}
recordedAt=2026-08-10T01:12:05.6263259+00:00 correlationId=0fc8a66dce63477e9dc04e66635c0845 component=Watch stage=HTTP_STATUS elapsedMs=11 endpoint=/api/demands rowCount=0 bytes=0 detail=Response status code does not indicate success: 503 (Service Unavailable). Host response: {"error":"fake Host offline"}
recordedAt=2026-08-10T01:12:05.6263236+00:00 correlationId=eb48860ffdd4437a8b55dcec72944a51 component=Watch stage=HTTP_STATUS elapsedMs=5 endpoint=/api/poll-health rowCount=0 bytes=0 detail=Response status code does not indicate success: 503 (Service Unavailable).
recordedAt=2026-08-10T01:12:05.8840756+00:00 correlationId=4f8915a113d64838849d223d026c5250 component=Watch stage=HTTP_OK elapsedMs=0 endpoint=/api/poll-health statusCode=200 rowCount=1 bytes=210
recordedAt=2026-08-10T01:12:05.8845071+00:00 correlationId=930eb8e053eb43038f8c1fe1e51a32ca component=Watch stage=HTTP_OK elapsedMs=1 endpoint=/api/alerts statusCode=200 rowCount=0 bytes=46
recordedAt=2026-08-10T01:12:05.8847390+00:00 correlationId=f69d310b27644f27b5169bb9abb7e2b2 component=Watch stage=HTTP_OK elapsedMs=1 endpoint=/api/demands statusCode=200 rowCount=1 bytes=436
recordedAt=2026-08-10T01:12:37.2931420+00:00 correlationId=c107223173794010ba3f729a998de850 component=Watch stage=HTTP_OK elapsedMs=90 endpoint=/api/contract statusCode=200 rowCount=1 bytes=59
recordedAt=2026-08-10T01:12:37.3354253+00:00 correlationId=8911e5ab09a848979be1e60ae551465d component=Watch stage=HTTP_OK elapsedMs=33 endpoint=/api/poll-health statusCode=200 rowCount=1 bytes=210
recordedAt=2026-08-10T01:12:37.3628316+00:00 correlationId=a206d7e4d33a4eecb86c1b36998def5c component=Watch stage=HTTP_OK elapsedMs=1 endpoint=/api/poll-health statusCode=200 rowCount=1 bytes=210
recordedAt=2026-08-10T01:12:37.3738761+00:00 correlationId=847a72181e464a7e802bb986af285a40 component=Watch stage=HTTP_OK elapsedMs=8 endpoint=/api/alerts statusCode=200 rowCount=0 bytes=46
recordedAt=2026-08-10T01:12:37.3755836+00:00 correlationId=b2685a8f5f9343b3b79112c35963f72c component=Watch stage=HTTP_OK elapsedMs=6 endpoint=/api/demands statusCode=200 rowCount=1 bytes=436
recordedAt=2026-08-10T01:12:38.3173873+00:00 correlationId=1317b1d3f6ea4fd0a8c38fc68a8542db component=Watch stage=HTTP_STATUS elapsedMs=2 endpoint=/api/alerts statusCode=503 rowCount=0 bytes=29 detail={"error":"fake Host offline"}
recordedAt=2026-08-10T01:12:38.3173899+00:00 correlationId=fd4bb7138c2e4e8c85aaf55e6f617e36 component=Watch stage=HTTP_STATUS elapsedMs=3 endpoint=/api/demands rowCount=0 bytes=0 detail=Response status code does not indicate success: 503 (Service Unavailable). Host response: {"error":"fake Host offline"}
recordedAt=2026-08-10T01:12:38.3174250+00:00 correlationId=efab2f9de87b45979d3efc93dc908ecb component=Watch stage=HTTP_STATUS elapsedMs=3 endpoint=/api/poll-health rowCount=0 bytes=0 detail=Response status code does not indicate success: 503 (Service Unavailable).
recordedAt=2026-08-10T01:12:38.5872279+00:00 correlationId=7b180a3bf6b2470680899f86b6ea329b component=Watch stage=HTTP_OK elapsedMs=0 endpoint=/api/poll-health statusCode=200 rowCount=1 bytes=210
recordedAt=2026-08-10T01:12:38.5873180+00:00 correlationId=03cb55287dda4abe85fd7fb08e61d63c component=Watch stage=HTTP_OK elapsedMs=0 endpoint=/api/alerts statusCode=200 rowCount=0 bytes=46
recordedAt=2026-08-10T01:12:38.5873539+00:00 correlationId=22820b93e36d41a9885135a6cccb3174 component=Watch stage=HTTP_OK elapsedMs=0 endpoint=/api/demands statusCode=200 rowCount=1 bytes=436
