recordedAt=2026-08-10T03:53:45.5956932+00:00 correlationId=bf68699ca9ef415faf81d3846b0420b2 component=Watch stage=HTTP_OK elapsedMs=86 endpoint=/api/contract statusCode=200 rowCount=1 bytes=59
recordedAt=2026-08-10T03:53:45.6670142+00:00 correlationId=716f1abe03d84f8da0177f46ae3e2c7f component=Watch stage=HTTP_OK elapsedMs=64 endpoint=/api/poll-health statusCode=200 rowCount=1 bytes=210
recordedAt=2026-08-10T03:53:45.7282127+00:00 correlationId=95635efb1e7a4c2f87137136cbc9abb9 component=Watch stage=HTTP_OK elapsedMs=1 endpoint=/api/poll-health statusCode=200 rowCount=1 bytes=210
recordedAt=2026-08-10T03:53:45.7582723+00:00 correlationId=f9d7bd6b03234b828060f42001a60005 component=Watch stage=HTTP_OK elapsedMs=25 endpoint=/api/alerts statusCode=200 rowCount=0 bytes=46
recordedAt=2026-08-10T03:53:45.7596974+00:00 correlationId=787c56ffa5624dbb83a0b31051f42d04 component=Watch stage=HTTP_OK elapsedMs=18 endpoint=/api/demands statusCode=200 rowCount=1 bytes=436
recordedAt=2026-08-10T03:53:51.2383591+00:00 correlationId=dd6906a6c4f44c7d94965cfa3beab237 component=Watch stage=HTTP_STATUS elapsedMs=3 endpoint=/api/alerts statusCode=503 rowCount=0 bytes=29 detail={"error":"fake Host offline"}
recordedAt=2026-08-10T03:53:51.2383593+00:00 correlationId=14ff0ce0eed040de87261878a3c18aa5 component=Watch stage=HTTP_STATUS elapsedMs=3 endpoint=/api/poll-health rowCount=0 bytes=0 detail=Response status code does not indicate success: 503 (Service Unavailable).
recordedAt=2026-08-10T03:53:51.2391441+00:00 correlationId=8aea13bbd95e484b902edf7fdf20c7db component=Watch stage=HTTP_STATUS elapsedMs=3 endpoint=/api/demands rowCount=0 bytes=0 detail=Response status code does not indicate success: 503 (Service Unavailable). Host response: {"error":"fake Host offline"}
recordedAt=2026-08-10T03:53:51.4512001+00:00 correlationId=ff4f90dc2a134c859245aca840bb5f6e component=Watch stage=HTTP_OK elapsedMs=1 endpoint=/api/poll-health statusCode=200 rowCount=1 bytes=210
recordedAt=2026-08-10T03:53:51.4513283+00:00 correlationId=e4a6cbd0504648c58a7ab1b714259a79 component=Watch stage=HTTP_OK elapsedMs=0 endpoint=/api/alerts statusCode=200 rowCount=0 bytes=46
recordedAt=2026-08-10T03:53:51.4513971+00:00 correlationId=bbf8d708260b44eca4698a3d93f55f0e component=Watch stage=HTTP_OK elapsedMs=0 endpoint=/api/demands statusCode=200 rowCount=1 bytes=436
recordedAt=2026-08-10T03:54:25.7594191+00:00 correlationId=a461c6d674214023bb4946a2377ef830 component=Watch stage=HTTP_OK elapsedMs=69 endpoint=/api/contract statusCode=200 rowCount=1 bytes=59
recordedAt=2026-08-10T03:54:25.7965709+00:00 correlationId=669edbf255bb4a10b076f04d2b899646 component=Watch stage=HTTP_OK elapsedMs=31 endpoint=/api/poll-health statusCode=200 rowCount=1 bytes=210
recordedAt=2026-08-10T03:54:25.8370569+00:00 correlationId=a8cfac0c12e143ef978db5c087eca3a2 component=Watch stage=HTTP_OK elapsedMs=1 endpoint=/api/poll-health statusCode=200 rowCount=1 bytes=210
recordedAt=2026-08-10T03:54:25.8588766+00:00 correlationId=ee716aa07d6b43e8b2985c73bc1182ac component=Watch stage=HTTP_OK elapsedMs=17 endpoint=/api/alerts statusCode=200 rowCount=0 bytes=46
recordedAt=2026-08-10T03:54:25.8607955+00:00 correlationId=7292e757668444ed9ce12bf053132c48 component=Watch stage=HTTP_OK elapsedMs=14 endpoint=/api/demands statusCode=200 rowCount=1 bytes=436
recordedAt=2026-08-10T03:54:26.8350689+00:00 correlationId=6d51ed7db67b49d496f566b8f599309b component=Watch stage=HTTP_STATUS elapsedMs=12 endpoint=/api/poll-health rowCount=0 bytes=0 detail=Response status code does not indicate success: 503 (Service Unavailable).
recordedAt=2026-08-10T03:54:26.8350783+00:00 correlationId=bc2af9728a3a4eb5ad58e63123a6b7f0 component=Watch stage=HTTP_STATUS elapsedMs=14 endpoint=/api/demands rowCount=0 bytes=0 detail=Response status code does not indicate success: 503 (Service Unavailable). Host response: {"error":"fake Host offline"}
recordedAt=2026-08-10T03:54:26.8350733+00:00 correlationId=48df7e256c6f40cf804299dde8474ed6 component=Watch stage=HTTP_STATUS elapsedMs=13 endpoint=/api/alerts statusCode=503 rowCount=0 bytes=29 detail={"error":"fake Host offline"}
recordedAt=2026-08-10T03:54:27.1416020+00:00 correlationId=cf751ff9b5f6463cb397a39b953a325f component=Watch stage=HTTP_OK elapsedMs=0 endpoint=/api/poll-health statusCode=200 rowCount=1 bytes=210
recordedAt=2026-08-10T03:54:27.1417691+00:00 correlationId=14bb561373b54aad9f57e62a22f5329d component=Watch stage=HTTP_OK elapsedMs=0 endpoint=/api/alerts statusCode=200 rowCount=0 bytes=46
recordedAt=2026-08-10T03:54:27.1418343+00:00 correlationId=73b5cbdf92124a6390017856e7c37027 component=Watch stage=HTTP_OK elapsedMs=0 endpoint=/api/demands statusCode=200 rowCount=1 bytes=436
