recordedAt=2026-08-10T03:37:36.6243410+00:00 correlationId=8a32337546a2425fb5006290767a5c4e component=Watch stage=HTTP_OK elapsedMs=64 endpoint=/api/contract statusCode=200 rowCount=1 bytes=59
recordedAt=2026-08-10T03:37:36.6637752+00:00 correlationId=37fb97013ac44b628262d84b0175af67 component=Watch stage=HTTP_OK elapsedMs=33 endpoint=/api/poll-health statusCode=200 rowCount=1 bytes=210
recordedAt=2026-08-10T03:37:36.6897423+00:00 correlationId=ee12b56ab7f940998e2ac7da63188c16 component=Watch stage=HTTP_OK elapsedMs=1 endpoint=/api/poll-health statusCode=200 rowCount=1 bytes=210
recordedAt=2026-08-10T03:37:36.7187439+00:00 correlationId=ab9a7ac903c5433b9ca34fd2305e3684 component=Watch stage=HTTP_OK elapsedMs=24 endpoint=/api/alerts statusCode=200 rowCount=0 bytes=46
recordedAt=2026-08-10T03:37:36.7202591+00:00 correlationId=e474418cff4d4f1690456b1df8c119ad component=Watch stage=HTTP_OK elapsedMs=19 endpoint=/api/demands statusCode=200 rowCount=1 bytes=436
recordedAt=2026-08-10T03:37:42.2617407+00:00 correlationId=8bce2713a0164f9b8107900a85246d8a component=Watch stage=HTTP_STATUS elapsedMs=14 endpoint=/api/demands rowCount=0 bytes=0 detail=Response status code does not indicate success: 503 (Service Unavailable). Host response: {"error":"fake Host offline"}
recordedAt=2026-08-10T03:37:42.2616467+00:00 correlationId=9d5ec271cde549479e96285ead494777 component=Watch stage=HTTP_STATUS elapsedMs=3 endpoint=/api/poll-health rowCount=0 bytes=0 detail=Response status code does not indicate success: 503 (Service Unavailable).
recordedAt=2026-08-10T03:37:42.2616609+00:00 correlationId=d6a7c474cb0649cf827fde9fecd485b0 component=Watch stage=HTTP_STATUS elapsedMs=4 endpoint=/api/alerts statusCode=503 rowCount=0 bytes=29 detail={"error":"fake Host offline"}
recordedAt=2026-08-10T03:37:42.5895391+00:00 correlationId=af91938788624b779242daec3958eacb component=Watch stage=HTTP_OK elapsedMs=1 endpoint=/api/poll-health statusCode=200 rowCount=1 bytes=210
recordedAt=2026-08-10T03:37:42.6067604+00:00 correlationId=8f50ee4bf19741509b094844d65278c6 component=Watch stage=HTTP_OK elapsedMs=18 endpoint=/api/alerts statusCode=200 rowCount=0 bytes=46
recordedAt=2026-08-10T03:37:42.6066717+00:00 correlationId=ce5170ea8d3943928d4c419c2464eb07 component=Watch stage=HTTP_OK elapsedMs=17 endpoint=/api/demands statusCode=200 rowCount=1 bytes=436
recordedAt=2026-08-10T03:38:14.9498308+00:00 correlationId=2b15a3cf8a514fe18e471c2bacb005d4 component=Watch stage=HTTP_OK elapsedMs=88 endpoint=/api/contract statusCode=200 rowCount=1 bytes=59
recordedAt=2026-08-10T03:38:15.0147464+00:00 correlationId=87b5a0b0aac1411991c5276e24beac69 component=Watch stage=HTTP_OK elapsedMs=56 endpoint=/api/poll-health statusCode=200 rowCount=1 bytes=210
recordedAt=2026-08-10T03:38:15.0497854+00:00 correlationId=c4c8eec58f6240889013aa77ad182ddf component=Watch stage=HTTP_OK elapsedMs=4 endpoint=/api/poll-health statusCode=200 rowCount=1 bytes=210
recordedAt=2026-08-10T03:38:15.0746954+00:00 correlationId=6d62ac4408004923b182bd658419618a component=Watch stage=HTTP_OK elapsedMs=16 endpoint=/api/alerts statusCode=200 rowCount=0 bytes=46
recordedAt=2026-08-10T03:38:15.0765127+00:00 correlationId=6a8364f280a74c4b929126fbcf8c8fd3 component=Watch stage=HTTP_OK elapsedMs=12 endpoint=/api/demands statusCode=200 rowCount=1 bytes=436
recordedAt=2026-08-10T03:38:16.1229154+00:00 correlationId=931d012212f24f5daa644d8b868f49a6 component=Watch stage=HTTP_STATUS elapsedMs=2 endpoint=/api/alerts statusCode=503 rowCount=0 bytes=29 detail={"error":"fake Host offline"}
recordedAt=2026-08-10T03:38:16.1229197+00:00 correlationId=e21cb4386cb046fe969975263995a80b component=Watch stage=HTTP_STATUS elapsedMs=2 endpoint=/api/demands rowCount=0 bytes=0 detail=Response status code does not indicate success: 503 (Service Unavailable). Host response: {"error":"fake Host offline"}
recordedAt=2026-08-10T03:38:16.1229600+00:00 correlationId=c200ea2c3b1643f6a96258269b6c57bf component=Watch stage=HTTP_STATUS elapsedMs=2 endpoint=/api/poll-health rowCount=0 bytes=0 detail=Response status code does not indicate success: 503 (Service Unavailable).
recordedAt=2026-08-10T03:38:16.4577815+00:00 correlationId=76abf1ff570b4174afe1fae518769851 component=Watch stage=HTTP_OK elapsedMs=1 endpoint=/api/poll-health statusCode=200 rowCount=1 bytes=210
recordedAt=2026-08-10T03:38:16.4578492+00:00 correlationId=4fd2c75d284f48aea10651bff6c8fcdf component=Watch stage=HTTP_OK elapsedMs=0 endpoint=/api/alerts statusCode=200 rowCount=0 bytes=46
recordedAt=2026-08-10T03:38:16.4579416+00:00 correlationId=13e8d41980334fa0816be3554650d145 component=Watch stage=HTTP_OK elapsedMs=0 endpoint=/api/demands statusCode=200 rowCount=1 bytes=436
