recordedAt=2026-08-10T03:18:20.3002325+00:00 correlationId=c95cba7814ed43b2aa49b87e27238ab7 component=Watch stage=HTTP_OK elapsedMs=81 endpoint=/api/contract statusCode=200 rowCount=1 bytes=59
recordedAt=2026-08-10T03:18:20.3391788+00:00 correlationId=12a74b2db7d3478faf670341559a3788 component=Watch stage=HTTP_OK elapsedMs=34 endpoint=/api/poll-health statusCode=200 rowCount=1 bytes=210
recordedAt=2026-08-10T03:18:20.3574041+00:00 correlationId=e218e8a53ecd4aa2ae6f495c7c182b4e component=Watch stage=HTTP_OK elapsedMs=1 endpoint=/api/poll-health statusCode=200 rowCount=1 bytes=210
recordedAt=2026-08-10T03:18:20.3805220+00:00 correlationId=07cc644bbb904e1693824d297d715894 component=Watch stage=HTTP_OK elapsedMs=17 endpoint=/api/alerts statusCode=200 rowCount=0 bytes=46
recordedAt=2026-08-10T03:18:20.3831205+00:00 correlationId=2e4ffbd177324ba1a9e1a285c226b35b component=Watch stage=HTTP_OK elapsedMs=12 endpoint=/api/demands statusCode=200 rowCount=1 bytes=436
recordedAt=2026-08-10T03:18:25.9362551+00:00 correlationId=f9b4a045cd6343a5b795c01419159812 component=Watch stage=HTTP_STATUS elapsedMs=2 endpoint=/api/alerts statusCode=503 rowCount=0 bytes=29 detail={"error":"fake Host offline"}
recordedAt=2026-08-10T03:18:25.9362786+00:00 correlationId=b4553cfe3b6f4db3b5a9236b6dd6ebbb component=Watch stage=HTTP_STATUS elapsedMs=3 endpoint=/api/poll-health rowCount=0 bytes=0 detail=Response status code does not indicate success: 503 (Service Unavailable).
recordedAt=2026-08-10T03:18:25.9362567+00:00 correlationId=5f75ff397bb940beac0bbb02c32ac2bd component=Watch stage=HTTP_STATUS elapsedMs=2 endpoint=/api/demands rowCount=0 bytes=0 detail=Response status code does not indicate success: 503 (Service Unavailable). Host response: {"error":"fake Host offline"}
recordedAt=2026-08-10T03:18:26.2177461+00:00 correlationId=03c55d7f5d7e4d4fb0dfd13f75c8b077 component=Watch stage=HTTP_OK elapsedMs=1 endpoint=/api/poll-health statusCode=200 rowCount=1 bytes=210
recordedAt=2026-08-10T03:18:26.2179794+00:00 correlationId=400af92ced234ea3bff18a9d5c84505c component=Watch stage=HTTP_OK elapsedMs=1 endpoint=/api/alerts statusCode=200 rowCount=0 bytes=46
recordedAt=2026-08-10T03:18:26.2181271+00:00 correlationId=3a0f84b4ab02496ba8354e8ee1d90aa5 component=Watch stage=HTTP_OK elapsedMs=0 endpoint=/api/demands statusCode=200 rowCount=1 bytes=436
recordedAt=2026-08-10T03:18:59.2905958+00:00 correlationId=037a1f606f9e48da9611747baa5993ae component=Watch stage=HTTP_OK elapsedMs=77 endpoint=/api/contract statusCode=200 rowCount=1 bytes=59
recordedAt=2026-08-10T03:18:59.3309419+00:00 correlationId=2b7bf1bef38747a182730556d1e3039f component=Watch stage=HTTP_OK elapsedMs=34 endpoint=/api/poll-health statusCode=200 rowCount=1 bytes=210
recordedAt=2026-08-10T03:18:59.3692345+00:00 correlationId=72ee88293a7343f0b581bba967fe6521 component=Watch stage=HTTP_OK elapsedMs=1 endpoint=/api/poll-health statusCode=200 rowCount=1 bytes=210
recordedAt=2026-08-10T03:18:59.3919524+00:00 correlationId=6065a8d14dff425b92463fba268692ab component=Watch stage=HTTP_OK elapsedMs=18 endpoint=/api/alerts statusCode=200 rowCount=0 bytes=46
recordedAt=2026-08-10T03:18:59.3953723+00:00 correlationId=1330904532374847bead1641cebb3e40 component=Watch stage=HTTP_OK elapsedMs=14 endpoint=/api/demands statusCode=200 rowCount=1 bytes=436
recordedAt=2026-08-10T03:19:00.4234171+00:00 correlationId=223fd563332e4296972f20c8de8f0c8c component=Watch stage=HTTP_STATUS elapsedMs=2 endpoint=/api/poll-health rowCount=0 bytes=0 detail=Response status code does not indicate success: 503 (Service Unavailable).
recordedAt=2026-08-10T03:19:00.4234156+00:00 correlationId=ec1372be5a4842cd82305f90110c83a0 component=Watch stage=HTTP_STATUS elapsedMs=2 endpoint=/api/demands rowCount=0 bytes=0 detail=Response status code does not indicate success: 503 (Service Unavailable). Host response: {"error":"fake Host offline"}
recordedAt=2026-08-10T03:19:00.4234278+00:00 correlationId=df308db26e7c48858c938f4c6122aefc component=Watch stage=HTTP_STATUS elapsedMs=3 endpoint=/api/alerts statusCode=503 rowCount=0 bytes=29 detail={"error":"fake Host offline"}
recordedAt=2026-08-10T03:19:00.7589112+00:00 correlationId=7e9750b0d98140f08e42ad36e35e08f9 component=Watch stage=HTTP_OK elapsedMs=0 endpoint=/api/poll-health statusCode=200 rowCount=1 bytes=210
recordedAt=2026-08-10T03:19:00.7590346+00:00 correlationId=8413fc40c6ad46b3a0f4dd610be91e18 component=Watch stage=HTTP_OK elapsedMs=0 endpoint=/api/alerts statusCode=200 rowCount=0 bytes=46
recordedAt=2026-08-10T03:19:00.7590913+00:00 correlationId=15c3558152244e589573cf3d824df27d component=Watch stage=HTTP_OK elapsedMs=0 endpoint=/api/demands statusCode=200 rowCount=1 bytes=436
