recordedAt=2026-08-10T05:17:24.9650045+00:00 correlationId=39c1aa6a7ca3437e88b62b85bffa747c component=Watch stage=HTTP_OK elapsedMs=68 endpoint=/api/contract statusCode=200 rowCount=1 bytes=59
recordedAt=2026-08-10T05:17:25.0028480+00:00 correlationId=7bc260b132ad4c449544db792cb5d516 component=Watch stage=HTTP_OK elapsedMs=33 endpoint=/api/poll-health statusCode=200 rowCount=1 bytes=210
recordedAt=2026-08-10T05:17:25.0336933+00:00 correlationId=e6d18e4bf5a54433a1582661b0b521c4 component=Watch stage=HTTP_OK elapsedMs=1 endpoint=/api/poll-health statusCode=200 rowCount=1 bytes=210
recordedAt=2026-08-10T05:17:25.0638116+00:00 correlationId=e5d055682a4b40d2852425ded3dc015f component=Watch stage=HTTP_OK elapsedMs=16 endpoint=/api/demands statusCode=200 rowCount=1 bytes=436
recordedAt=2026-08-10T05:17:25.0638459+00:00 correlationId=68de5d8e9026419588c235ee5c413c85 component=Watch stage=HTTP_OK elapsedMs=26 endpoint=/api/alerts statusCode=200 rowCount=1 bytes=519
recordedAt=2026-08-10T05:17:31.1888073+00:00 correlationId=972b5d5b7ee14390a3afa6a9da292d0c component=Watch stage=HTTP_OK elapsedMs=1 endpoint=/api/alerts statusCode=200 rowCount=1 bytes=519
recordedAt=2026-08-10T05:17:31.7556467+00:00 correlationId=c37fc4c6c7324400b25e41c87188bd91 component=Watch stage=HTTP_OK elapsedMs=4 endpoint=/api/demands/journey-visible-001 statusCode=200 rowCount=1 bytes=390
recordedAt=2026-08-10T05:17:31.9424599+00:00 correlationId=b90d0fbb28c040a9aab8461694195b42 component=Watch stage=HTTP_OK elapsedMs=1 endpoint=/api/demands/journey-visible-001 statusCode=200 rowCount=1 bytes=390
recordedAt=2026-08-10T05:17:32.1558349+00:00 correlationId=ed65263ac3e74e04a9bc5b84a9b6cb78 component=Watch stage=HTTP_OK elapsedMs=1 endpoint=/api/demands/journey-visible-001 statusCode=200 rowCount=1 bytes=390
recordedAt=2026-08-10T05:17:32.1604969+00:00 correlationId=33a46667fca643ab893ebd6cbef2d2e9 component=Watch stage=HTTP_OK elapsedMs=1 endpoint=/api/demands statusCode=200 rowCount=1 bytes=436
recordedAt=2026-08-10T05:17:32.1978394+00:00 correlationId=c4b5a1043a7c4085a966c95c1f89764e component=Watch stage=HTTP_OK elapsedMs=1 endpoint=/api/demands/journey-visible-001 statusCode=200 rowCount=1 bytes=390
recordedAt=2026-08-10T05:17:32.9598229+00:00 correlationId=205f55214b744861bbd690eb2f031906 component=Watch stage=HTTP_OK elapsedMs=1 endpoint=/api/demands/journey-visible-001 statusCode=200 rowCount=1 bytes=390
recordedAt=2026-08-10T05:18:11.3516213+00:00 correlationId=893f843f1ccc43c98dce73c7c95d79a1 component=Watch stage=HTTP_OK elapsedMs=86 endpoint=/api/contract statusCode=200 rowCount=1 bytes=59
recordedAt=2026-08-10T05:18:11.4043631+00:00 correlationId=2cb5a914b82f4283aef767c3b31ff459 component=Watch stage=HTTP_OK elapsedMs=48 endpoint=/api/poll-health statusCode=200 rowCount=1 bytes=210
recordedAt=2026-08-10T05:18:11.4372035+00:00 correlationId=62aaf9a1fe804628ace8d4b074b15a6f component=Watch stage=HTTP_OK elapsedMs=1 endpoint=/api/poll-health statusCode=200 rowCount=1 bytes=210
recordedAt=2026-08-10T05:18:11.4689544+00:00 correlationId=aadae75dc83e4b439980013899b064ea component=Watch stage=HTTP_OK elapsedMs=21 endpoint=/api/demands statusCode=200 rowCount=1 bytes=436
recordedAt=2026-08-10T05:18:11.4753203+00:00 correlationId=de9da3fe7692496e906b492acfb68789 component=Watch stage=HTTP_OK elapsedMs=32 endpoint=/api/alerts statusCode=200 rowCount=1 bytes=519
recordedAt=2026-08-10T05:18:11.9028840+00:00 correlationId=303bf3c8ac254b618ecc3cc76d0c616f component=Watch stage=HTTP_OK elapsedMs=1 endpoint=/api/alerts statusCode=200 rowCount=1 bytes=519
recordedAt=2026-08-10T05:18:12.5175789+00:00 correlationId=5dce188bf732469e91574faeb4da502e component=Watch stage=HTTP_OK elapsedMs=2 endpoint=/api/demands/journey-visible-001 statusCode=200 rowCount=1 bytes=390
recordedAt=2026-08-10T05:18:12.7546233+00:00 correlationId=bd6e35ec31d441eda8df8b9bb0dbbc01 component=Watch stage=HTTP_OK elapsedMs=1 endpoint=/api/demands/journey-visible-001 statusCode=200 rowCount=1 bytes=390
recordedAt=2026-08-10T05:18:12.7598052+00:00 correlationId=076efec148cb41f1a09dcb204e8a5d60 component=Watch stage=HTTP_OK elapsedMs=1 endpoint=/api/demands statusCode=200 rowCount=1 bytes=436
recordedAt=2026-08-10T05:18:12.8038743+00:00 correlationId=48fd096db1c04829be6323e713737b06 component=Watch stage=HTTP_OK elapsedMs=1 endpoint=/api/demands/journey-visible-001 statusCode=200 rowCount=1 bytes=390
recordedAt=2026-08-10T05:18:13.2829578+00:00 correlationId=1eef3d95522546c6a1a6a69e91637f22 component=Watch stage=HTTP_OK elapsedMs=1 endpoint=/api/demands/journey-visible-001 statusCode=200 rowCount=1 bytes=390
