recordedAt=2026-08-10T04:22:54.4894559+00:00 correlationId=525435df19e445e9a28b90c81ccd0430 component=Watch stage=HTTP_OK elapsedMs=67 endpoint=/api/contract statusCode=200 rowCount=1 bytes=59
recordedAt=2026-08-10T04:22:54.5309217+00:00 correlationId=9687b047ea08452ba63eda121de9b361 component=Watch stage=HTTP_OK elapsedMs=35 endpoint=/api/poll-health statusCode=200 rowCount=1 bytes=210
recordedAt=2026-08-10T04:22:54.5593489+00:00 correlationId=2b3a2930544844ee970733f2abd0d348 component=Watch stage=HTTP_OK elapsedMs=1 endpoint=/api/poll-health statusCode=200 rowCount=1 bytes=210
recordedAt=2026-08-10T04:22:54.5824486+00:00 correlationId=000053db13504766a7838bf6ddac7123 component=Watch stage=HTTP_OK elapsedMs=15 endpoint=/api/alerts statusCode=200 rowCount=0 bytes=46
recordedAt=2026-08-10T04:22:54.5845250+00:00 correlationId=f4a9183649674b80ba66dbcc8b065389 component=Watch stage=HTTP_OK elapsedMs=11 endpoint=/api/demands statusCode=200 rowCount=1 bytes=436
recordedAt=2026-08-10T04:23:00.1576848+00:00 correlationId=be71937b6fa04495be6bd9cfc5ccd2e3 component=Watch stage=HTTP_STATUS elapsedMs=3 endpoint=/api/alerts statusCode=503 rowCount=0 bytes=29 detail={"error":"fake Host offline"}
recordedAt=2026-08-10T04:23:00.1576946+00:00 correlationId=03ed9c379dfa4b6e9ae1a9563968468f component=Watch stage=HTTP_STATUS elapsedMs=3 endpoint=/api/poll-health rowCount=0 bytes=0 detail=Response status code does not indicate success: 503 (Service Unavailable).
recordedAt=2026-08-10T04:23:00.1576899+00:00 correlationId=56ff7cd25030460798e0c9fcc6e91839 component=Watch stage=HTTP_STATUS elapsedMs=12 endpoint=/api/demands rowCount=0 bytes=0 detail=Response status code does not indicate success: 503 (Service Unavailable). Host response: {"error":"fake Host offline"}
recordedAt=2026-08-10T04:23:00.4326046+00:00 correlationId=906798390a5849b6ba113f874c013aca component=Watch stage=HTTP_OK elapsedMs=0 endpoint=/api/alerts statusCode=200 rowCount=0 bytes=46
recordedAt=2026-08-10T04:23:00.4326260+00:00 correlationId=3032b7b488da49d8b6c5a943e000cbb4 component=Watch stage=HTTP_OK elapsedMs=1 endpoint=/api/poll-health statusCode=200 rowCount=1 bytes=210
recordedAt=2026-08-10T04:23:00.4326399+00:00 correlationId=36f44cc09b634895a9d767d29978eb3c component=Watch stage=HTTP_OK elapsedMs=0 endpoint=/api/demands statusCode=200 rowCount=1 bytes=436
recordedAt=2026-08-10T04:23:32.9199303+00:00 correlationId=a601ede4c44f4cfeb2e48e2d3be59f4a component=Watch stage=HTTP_OK elapsedMs=62 endpoint=/api/contract statusCode=200 rowCount=1 bytes=59
recordedAt=2026-08-10T04:23:32.9704228+00:00 correlationId=e5837b81a29a42139b9a02a18bdc13e4 component=Watch stage=HTTP_OK elapsedMs=42 endpoint=/api/poll-health statusCode=200 rowCount=1 bytes=210
recordedAt=2026-08-10T04:23:32.9988610+00:00 correlationId=a76219b9fb854279be24d12f2f0ccffc component=Watch stage=HTTP_OK elapsedMs=5 endpoint=/api/poll-health statusCode=200 rowCount=1 bytes=210
recordedAt=2026-08-10T04:23:33.0132675+00:00 correlationId=bf683d6c21984422bc761a5a39bf3169 component=Watch stage=HTTP_OK elapsedMs=10 endpoint=/api/alerts statusCode=200 rowCount=0 bytes=46
recordedAt=2026-08-10T04:23:33.0144523+00:00 correlationId=37b0c4b83e4d4044bfc979b0e0c41069 component=Watch stage=HTTP_OK elapsedMs=6 endpoint=/api/demands statusCode=200 rowCount=1 bytes=436
recordedAt=2026-08-10T04:23:33.9922836+00:00 correlationId=36e9686820a3446692602fed77b29ada component=Watch stage=HTTP_STATUS elapsedMs=4 endpoint=/api/alerts statusCode=503 rowCount=0 bytes=29 detail={"error":"fake Host offline"}
recordedAt=2026-08-10T04:23:33.9922869+00:00 correlationId=b77a143e3716443bbee1af14bed3be55 component=Watch stage=HTTP_STATUS elapsedMs=12 endpoint=/api/demands rowCount=0 bytes=0 detail=Response status code does not indicate success: 503 (Service Unavailable). Host response: {"error":"fake Host offline"}
recordedAt=2026-08-10T04:23:33.9922811+00:00 correlationId=edbcfccf061f4d7cb8503f0d402998d3 component=Watch stage=HTTP_STATUS elapsedMs=4 endpoint=/api/poll-health rowCount=0 bytes=0 detail=Response status code does not indicate success: 503 (Service Unavailable).
recordedAt=2026-08-10T04:23:34.3174896+00:00 correlationId=150c7b989b27493fb29b7fcdad579061 component=Watch stage=HTTP_OK elapsedMs=1 endpoint=/api/poll-health statusCode=200 rowCount=1 bytes=210
recordedAt=2026-08-10T04:23:34.3177487+00:00 correlationId=08a237ed941d48c6a12a4d6bffcd17f9 component=Watch stage=HTTP_OK elapsedMs=1 endpoint=/api/alerts statusCode=200 rowCount=0 bytes=46
recordedAt=2026-08-10T04:23:34.3179888+00:00 correlationId=79a30cc0838843dfa5d47d190b30c931 component=Watch stage=HTTP_OK elapsedMs=1 endpoint=/api/demands statusCode=200 rowCount=1 bytes=436
