recordedAt=2026-08-10T03:40:30.3948398+00:00 correlationId=e6fc2ac2f7e84a34959ee6f3d2dd9630 component=Watch stage=HTTP_OK elapsedMs=88 endpoint=/api/contract statusCode=200 rowCount=1 bytes=59
recordedAt=2026-08-10T03:40:30.4947054+00:00 correlationId=09cd47db11434160b5b1d2c432938b96 component=Watch stage=HTTP_OK elapsedMs=93 endpoint=/api/poll-health statusCode=200 rowCount=1 bytes=210
recordedAt=2026-08-10T03:40:30.5359508+00:00 correlationId=0d6707cb0ae7421ba03da96e9c123cd3 component=Watch stage=HTTP_OK elapsedMs=1 endpoint=/api/poll-health statusCode=200 rowCount=1 bytes=210
recordedAt=2026-08-10T03:40:30.5837550+00:00 correlationId=49f16607ddbf4e41932d0ae4993ec377 component=Watch stage=HTTP_OK elapsedMs=26 endpoint=/api/demands statusCode=200 rowCount=1 bytes=436
recordedAt=2026-08-10T03:40:30.5837550+00:00 correlationId=ca2e25975d9b4d909a0128e1d6d56c33 component=Watch stage=HTTP_OK elapsedMs=39 endpoint=/api/alerts statusCode=200 rowCount=1 bytes=519
recordedAt=2026-08-10T03:40:35.6192529+00:00 correlationId=8e4596836285418985e71afabaddb30f component=Watch stage=HTTP_OK elapsedMs=2 endpoint=/api/alerts statusCode=200 rowCount=1 bytes=519
recordedAt=2026-08-10T03:40:36.2776111+00:00 correlationId=97731fec2bf8486c82343c5dcf8f11ff component=Watch stage=HTTP_OK elapsedMs=5 endpoint=/api/demands/journey-visible-001 statusCode=200 rowCount=1 bytes=390
recordedAt=2026-08-10T03:40:36.6013775+00:00 correlationId=ea5d51d4784647629bc5af16a2bd6df8 component=Watch stage=HTTP_OK elapsedMs=5 endpoint=/api/demands/journey-visible-001 statusCode=200 rowCount=1 bytes=390
recordedAt=2026-08-10T03:40:36.8435738+00:00 correlationId=e9fd6b8023ca4b948c8b4bb8506e6608 component=Watch stage=HTTP_OK elapsedMs=1 endpoint=/api/demands/journey-visible-001 statusCode=200 rowCount=1 bytes=390
recordedAt=2026-08-10T03:40:36.8562498+00:00 correlationId=2510c0c9e9614a5d9c6bded5b2e224ae component=Watch stage=HTTP_OK elapsedMs=4 endpoint=/api/demands statusCode=200 rowCount=1 bytes=436
recordedAt=2026-08-10T03:40:36.9233167+00:00 correlationId=aff31e6261f04b44b6b5273525842b49 component=Watch stage=HTTP_OK elapsedMs=1 endpoint=/api/demands/journey-visible-001 statusCode=200 rowCount=1 bytes=390
recordedAt=2026-08-10T03:40:37.6512087+00:00 correlationId=75cfdd6c34234760b32795d2b0a0367d component=Watch stage=HTTP_OK elapsedMs=1 endpoint=/api/demands/journey-visible-001 statusCode=200 rowCount=1 bytes=390
recordedAt=2026-08-10T03:41:19.4691087+00:00 correlationId=c5e0d5b7d29641abb1419a7a8c6f5e6a component=Watch stage=HTTP_OK elapsedMs=105 endpoint=/api/contract statusCode=200 rowCount=1 bytes=59
recordedAt=2026-08-10T03:41:19.5442079+00:00 correlationId=255a5594f97a4854817f91b358de6938 component=Watch stage=HTTP_OK elapsedMs=67 endpoint=/api/poll-health statusCode=200 rowCount=1 bytes=210
recordedAt=2026-08-10T03:41:19.5950993+00:00 correlationId=d9e4720b108c4a21a84fdcc68046f0a8 component=Watch stage=HTTP_OK elapsedMs=6 endpoint=/api/poll-health statusCode=200 rowCount=1 bytes=210
recordedAt=2026-08-10T03:41:19.6299311+00:00 correlationId=36de6c479b844c32b44acbfc9686ff49 component=Watch stage=HTTP_OK elapsedMs=27 endpoint=/api/alerts statusCode=200 rowCount=1 bytes=519
recordedAt=2026-08-10T03:41:19.6315426+00:00 correlationId=0a32f060297d4ecca8d6f76c0a8b2670 component=Watch stage=HTTP_OK elapsedMs=17 endpoint=/api/demands statusCode=200 rowCount=1 bytes=436
recordedAt=2026-08-10T03:41:20.1815927+00:00 correlationId=2957d15e5e2c45908deede595163e217 component=Watch stage=HTTP_OK elapsedMs=1 endpoint=/api/alerts statusCode=200 rowCount=1 bytes=519
recordedAt=2026-08-10T03:41:20.8990345+00:00 correlationId=54d9b85f6aa145729bee86c362dd4cda component=Watch stage=HTTP_OK elapsedMs=2 endpoint=/api/demands/journey-visible-001 statusCode=200 rowCount=1 bytes=390
recordedAt=2026-08-10T03:41:21.1336763+00:00 correlationId=d081648467f44c0fab1346b4fbf013dd component=Watch stage=HTTP_OK elapsedMs=1 endpoint=/api/demands/journey-visible-001 statusCode=200 rowCount=1 bytes=390
recordedAt=2026-08-10T03:41:21.1423567+00:00 correlationId=de70eb6d6fba424389e646077550a19e component=Watch stage=HTTP_OK elapsedMs=1 endpoint=/api/demands statusCode=200 rowCount=1 bytes=436
recordedAt=2026-08-10T03:41:21.1799320+00:00 correlationId=88224b82f60e4c64ab262348ccb9f735 component=Watch stage=HTTP_OK elapsedMs=1 endpoint=/api/demands/journey-visible-001 statusCode=200 rowCount=1 bytes=390
recordedAt=2026-08-10T03:41:21.3935759+00:00 correlationId=3b659426339045fa992724dd8a368f8d component=Watch stage=HTTP_OK elapsedMs=1 endpoint=/api/demands/journey-visible-001 statusCode=200 rowCount=1 bytes=390
