recordedAt=2026-08-10T01:15:00.5335802+00:00 correlationId=a9e94025c8704b7aa15c638432af64a8 component=Watch stage=HTTP_OK elapsedMs=88 endpoint=/api/contract statusCode=200 rowCount=1 bytes=59
recordedAt=2026-08-10T01:15:00.5812762+00:00 correlationId=9768b0c4f6dd4167b42f362b4830f4fb component=Watch stage=HTTP_OK elapsedMs=41 endpoint=/api/poll-health statusCode=200 rowCount=1 bytes=210
recordedAt=2026-08-10T01:15:00.6116017+00:00 correlationId=133fab46ebf941f7a253d59706146346 component=Watch stage=HTTP_OK elapsedMs=1 endpoint=/api/poll-health statusCode=200 rowCount=1 bytes=210
recordedAt=2026-08-10T01:15:00.6309294+00:00 correlationId=5223766565f04c989dd8f16007325051 component=Watch stage=HTTP_OK elapsedMs=16 endpoint=/api/alerts statusCode=200 rowCount=0 bytes=46
recordedAt=2026-08-10T01:15:00.6355068+00:00 correlationId=1333eeb5f709443fa084d34bdabdb6ca component=Watch stage=HTTP_OK elapsedMs=15 endpoint=/api/demands statusCode=200 rowCount=1 bytes=436
recordedAt=2026-08-10T01:15:06.0884832+00:00 correlationId=c1a1e5e9f0fd4dfaa5c83d7af41eae2c component=Watch stage=HTTP_STATUS elapsedMs=2 endpoint=/api/alerts statusCode=503 rowCount=0 bytes=29 detail={"error":"fake Host offline"}
recordedAt=2026-08-10T01:15:06.0884875+00:00 correlationId=72d161d7a6c04e179dc8908ff2c3af72 component=Watch stage=HTTP_STATUS elapsedMs=2 endpoint=/api/poll-health rowCount=0 bytes=0 detail=Response status code does not indicate success: 503 (Service Unavailable).
recordedAt=2026-08-10T01:15:06.0885210+00:00 correlationId=d80cb5f688e94467a89d9143a18cdb82 component=Watch stage=HTTP_STATUS elapsedMs=2 endpoint=/api/demands rowCount=0 bytes=0 detail=Response status code does not indicate success: 503 (Service Unavailable). Host response: {"error":"fake Host offline"}
recordedAt=2026-08-10T01:15:06.3765950+00:00 correlationId=b9cbe54ee47f44efb3d7796d64d59f8e component=Watch stage=HTTP_OK elapsedMs=1 endpoint=/api/poll-health statusCode=200 rowCount=1 bytes=210
recordedAt=2026-08-10T01:15:06.3766594+00:00 correlationId=8b4bffdfbd3a4b41b3f8deba145f12ad component=Watch stage=HTTP_OK elapsedMs=1 endpoint=/api/alerts statusCode=200 rowCount=0 bytes=46
recordedAt=2026-08-10T01:15:06.3767401+00:00 correlationId=8867c7e9f0a54aadb8d50c15d3f62469 component=Watch stage=HTTP_OK elapsedMs=1 endpoint=/api/demands statusCode=200 rowCount=1 bytes=436
recordedAt=2026-08-10T01:15:36.4722888+00:00 correlationId=7fbce8e5502d47d28c97dd2d17b66685 component=Watch stage=HTTP_OK elapsedMs=64 endpoint=/api/contract statusCode=200 rowCount=1 bytes=59
recordedAt=2026-08-10T01:15:36.5104882+00:00 correlationId=287f96eb147545a49154383cdf8b5dea component=Watch stage=HTTP_OK elapsedMs=33 endpoint=/api/poll-health statusCode=200 rowCount=1 bytes=210
recordedAt=2026-08-10T01:15:36.5351508+00:00 correlationId=66ace213fed64877a3b5f9a64fae1bcb component=Watch stage=HTTP_OK elapsedMs=2 endpoint=/api/poll-health statusCode=200 rowCount=1 bytes=210
recordedAt=2026-08-10T01:15:36.5527533+00:00 correlationId=66ce4c8511534b439576af3cae20caed component=Watch stage=HTTP_OK elapsedMs=14 endpoint=/api/alerts statusCode=200 rowCount=0 bytes=46
recordedAt=2026-08-10T01:15:36.5539058+00:00 correlationId=db933759853f4fe69c89587f9d366bdf component=Watch stage=HTTP_OK elapsedMs=11 endpoint=/api/demands statusCode=200 rowCount=1 bytes=436
recordedAt=2026-08-10T01:15:37.5100795+00:00 correlationId=9e6e10705f144649aeb4a54a2aba3aa9 component=Watch stage=HTTP_STATUS elapsedMs=21 endpoint=/api/alerts statusCode=503 rowCount=0 bytes=29 detail={"error":"fake Host offline"}
recordedAt=2026-08-10T01:15:37.5100987+00:00 correlationId=0d18b04000f846078d3620ebfd996d9f component=Watch stage=HTTP_STATUS elapsedMs=4 endpoint=/api/poll-health rowCount=0 bytes=0 detail=Response status code does not indicate success: 503 (Service Unavailable).
recordedAt=2026-08-10T01:15:37.5101055+00:00 correlationId=67398a5c5d6641568cbad8ae760f0d08 component=Watch stage=HTTP_STATUS elapsedMs=13 endpoint=/api/demands rowCount=0 bytes=0 detail=Response status code does not indicate success: 503 (Service Unavailable). Host response: {"error":"fake Host offline"}
recordedAt=2026-08-10T01:15:37.7479906+00:00 correlationId=a136ea0a95f24c3f8a2c79680cca729a component=Watch stage=HTTP_OK elapsedMs=1 endpoint=/api/poll-health statusCode=200 rowCount=1 bytes=210
recordedAt=2026-08-10T01:15:37.7482168+00:00 correlationId=d88dadedce304fa19ad15e1bcc63f312 component=Watch stage=HTTP_OK elapsedMs=1 endpoint=/api/alerts statusCode=200 rowCount=0 bytes=46
recordedAt=2026-08-10T01:15:37.7482437+00:00 correlationId=efb5a88f826040439744d5e6e4b426d9 component=Watch stage=HTTP_OK elapsedMs=0 endpoint=/api/demands statusCode=200 rowCount=1 bytes=436
