recordedAt=2026-08-10T03:21:32.3011217+00:00 correlationId=7cba3f35cf384251b28a511eb243c6a3 component=Watch stage=HTTP_OK elapsedMs=84 endpoint=/api/contract statusCode=200 rowCount=1 bytes=59
recordedAt=2026-08-10T03:21:32.3436423+00:00 correlationId=36b87fcf68c849c4845118ca8254d050 component=Watch stage=HTTP_OK elapsedMs=36 endpoint=/api/poll-health statusCode=200 rowCount=1 bytes=210
recordedAt=2026-08-10T03:21:32.3933070+00:00 correlationId=b62c044f253b4efc8cea15b2f753240c component=Watch stage=HTTP_OK elapsedMs=17 endpoint=/api/poll-health statusCode=200 rowCount=1 bytes=210
recordedAt=2026-08-10T03:21:32.4158225+00:00 correlationId=b01858fbaa9c4d2ea30c61da089d7b00 component=Watch stage=HTTP_OK elapsedMs=14 endpoint=/api/demands statusCode=200 rowCount=1 bytes=436
recordedAt=2026-08-10T03:21:32.4158225+00:00 correlationId=741cbad8abe249f993e22d43208f59f8 component=Watch stage=HTTP_OK elapsedMs=21 endpoint=/api/alerts statusCode=200 rowCount=0 bytes=46
recordedAt=2026-08-10T03:21:37.8673105+00:00 correlationId=cb5ab97b962b4a8f875447f3402c9f04 component=Watch stage=HTTP_STATUS elapsedMs=2 endpoint=/api/alerts statusCode=503 rowCount=0 bytes=29 detail={"error":"fake Host offline"}
recordedAt=2026-08-10T03:21:37.8672685+00:00 correlationId=c3c89892b2804fe4a794c70d0d856b9c component=Watch stage=HTTP_STATUS elapsedMs=2 endpoint=/api/poll-health rowCount=0 bytes=0 detail=Response status code does not indicate success: 503 (Service Unavailable).
recordedAt=2026-08-10T03:21:37.8672562+00:00 correlationId=47c9a391caa7421e963169a8afadd113 component=Watch stage=HTTP_STATUS elapsedMs=2 endpoint=/api/demands rowCount=0 bytes=0 detail=Response status code does not indicate success: 503 (Service Unavailable). Host response: {"error":"fake Host offline"}
recordedAt=2026-08-10T03:21:38.1833949+00:00 correlationId=84e813e02c844bedb4aaf117de553147 component=Watch stage=HTTP_OK elapsedMs=1 endpoint=/api/poll-health statusCode=200 rowCount=1 bytes=210
recordedAt=2026-08-10T03:21:38.1835501+00:00 correlationId=5edfbe68d3fc4265a8cf47edc15ef2ab component=Watch stage=HTTP_OK elapsedMs=1 endpoint=/api/alerts statusCode=200 rowCount=0 bytes=46
recordedAt=2026-08-10T03:21:38.1836566+00:00 correlationId=ef5bcd96baa440c19fe79c422b05c695 component=Watch stage=HTTP_OK elapsedMs=0 endpoint=/api/demands statusCode=200 rowCount=1 bytes=436
recordedAt=2026-08-10T03:22:12.2329227+00:00 correlationId=a4db73f7ce8747448713cac75986dbf0 component=Watch stage=HTTP_OK elapsedMs=102 endpoint=/api/contract statusCode=200 rowCount=1 bytes=59
recordedAt=2026-08-10T03:22:12.3365775+00:00 correlationId=32304f1706be497caeddca5ac656dd0c component=Watch stage=HTTP_OK elapsedMs=98 endpoint=/api/poll-health statusCode=200 rowCount=1 bytes=210
recordedAt=2026-08-10T03:22:12.3961901+00:00 correlationId=1c6006c1d6414d2eaae30cccca770391 component=Watch stage=HTTP_OK elapsedMs=1 endpoint=/api/poll-health statusCode=200 rowCount=1 bytes=210
recordedAt=2026-08-10T03:22:12.4408117+00:00 correlationId=2fce348029d745489e70a8ff7088494a component=Watch stage=HTTP_OK elapsedMs=35 endpoint=/api/demands statusCode=200 rowCount=1 bytes=436
recordedAt=2026-08-10T03:22:12.4583679+00:00 correlationId=913b4cdb922e46e485ce941763d006d4 component=Watch stage=HTTP_OK elapsedMs=58 endpoint=/api/alerts statusCode=200 rowCount=0 bytes=46
recordedAt=2026-08-10T03:22:13.3939711+00:00 correlationId=ea8e77ec962b49dc89c3a9a71887ed84 component=Watch stage=HTTP_STATUS elapsedMs=4 endpoint=/api/alerts statusCode=503 rowCount=0 bytes=29 detail={"error":"fake Host offline"}
recordedAt=2026-08-10T03:22:13.3939710+00:00 correlationId=4470be9d67af4cd2a24f113a3e0f5bc0 component=Watch stage=HTTP_STATUS elapsedMs=4 endpoint=/api/poll-health rowCount=0 bytes=0 detail=Response status code does not indicate success: 503 (Service Unavailable).
recordedAt=2026-08-10T03:22:13.3939857+00:00 correlationId=713ed6cf54454bc1baa0a7067a7bdaed component=Watch stage=HTTP_STATUS elapsedMs=4 endpoint=/api/demands rowCount=0 bytes=0 detail=Response status code does not indicate success: 503 (Service Unavailable). Host response: {"error":"fake Host offline"}
recordedAt=2026-08-10T03:22:13.7261699+00:00 correlationId=8104d2d3e92a4aa0899ab1e6fda777e1 component=Watch stage=HTTP_OK elapsedMs=0 endpoint=/api/alerts statusCode=200 rowCount=0 bytes=46
recordedAt=2026-08-10T03:22:13.7261699+00:00 correlationId=a6d6ad7b6140460f89ae54ae74fc03dd component=Watch stage=HTTP_OK elapsedMs=1 endpoint=/api/poll-health statusCode=200 rowCount=1 bytes=210
recordedAt=2026-08-10T03:22:13.7262053+00:00 correlationId=5457a65c998f4480806288330d3f615f component=Watch stage=HTTP_OK elapsedMs=0 endpoint=/api/demands statusCode=200 rowCount=1 bytes=436
