recordedAt=2026-08-10T03:15:08.3676498+00:00 correlationId=85936e90d32948ce88208d289a150a4f component=Watch stage=HTTP_OK elapsedMs=69 endpoint=/api/contract statusCode=200 rowCount=1 bytes=59
recordedAt=2026-08-10T03:15:08.4129905+00:00 correlationId=8e211bea5ca74724a289f1dc41992a50 component=Watch stage=HTTP_OK elapsedMs=38 endpoint=/api/poll-health statusCode=200 rowCount=1 bytes=210
recordedAt=2026-08-10T03:15:08.4449817+00:00 correlationId=9fac2b9110744b1fb8d2e781db404739 component=Watch stage=HTTP_OK elapsedMs=7 endpoint=/api/poll-health statusCode=200 rowCount=1 bytes=210
recordedAt=2026-08-10T03:15:08.4805841+00:00 correlationId=42b4853cf81a474a9c61343d88ca12c2 component=Watch stage=HTTP_OK elapsedMs=30 endpoint=/api/alerts statusCode=200 rowCount=0 bytes=46
recordedAt=2026-08-10T03:15:08.4859216+00:00 correlationId=f08e14b7f6d34d9e83d7d7b0f56d6561 component=Watch stage=HTTP_OK elapsedMs=25 endpoint=/api/demands statusCode=200 rowCount=1 bytes=436
recordedAt=2026-08-10T03:15:13.9724675+00:00 correlationId=ef43d5e9cb874fa2a2557d68ca248c5b component=Watch stage=HTTP_STATUS elapsedMs=3 endpoint=/api/alerts statusCode=503 rowCount=0 bytes=29 detail={"error":"fake Host offline"}
recordedAt=2026-08-10T03:15:13.9724700+00:00 correlationId=7eb4526ea0bd48b4bb845bf629d6242d component=Watch stage=HTTP_STATUS elapsedMs=3 endpoint=/api/demands rowCount=0 bytes=0 detail=Response status code does not indicate success: 503 (Service Unavailable). Host response: {"error":"fake Host offline"}
recordedAt=2026-08-10T03:15:13.9724900+00:00 correlationId=92d08861de6d45d6b455c31d1d60d715 component=Watch stage=HTTP_STATUS elapsedMs=3 endpoint=/api/poll-health rowCount=0 bytes=0 detail=Response status code does not indicate success: 503 (Service Unavailable).
recordedAt=2026-08-10T03:15:14.2744576+00:00 correlationId=ff06a124d01645b88addf92563562bf1 component=Watch stage=HTTP_OK elapsedMs=1 endpoint=/api/poll-health statusCode=200 rowCount=1 bytes=210
recordedAt=2026-08-10T03:15:14.2892021+00:00 correlationId=a4116a5afaa543ceb6148666e6316cbd component=Watch stage=HTTP_OK elapsedMs=15 endpoint=/api/demands statusCode=200 rowCount=1 bytes=436
recordedAt=2026-08-10T03:15:14.2896668+00:00 correlationId=1b33f842f8e24543861ce5b1dd5a067f component=Watch stage=HTTP_OK elapsedMs=15 endpoint=/api/alerts statusCode=200 rowCount=0 bytes=46
recordedAt=2026-08-10T03:15:46.9281341+00:00 correlationId=fff6ba87b0b94bd58f9b61befc9c9cac component=Watch stage=HTTP_OK elapsedMs=67 endpoint=/api/contract statusCode=200 rowCount=1 bytes=59
recordedAt=2026-08-10T03:15:46.9605586+00:00 correlationId=12400d1f1b4a48368b1e8b10fa08a87b component=Watch stage=HTTP_OK elapsedMs=28 endpoint=/api/poll-health statusCode=200 rowCount=1 bytes=210
recordedAt=2026-08-10T03:15:46.9865759+00:00 correlationId=613ba1f9b0474e5986559eb8526907ea component=Watch stage=HTTP_OK elapsedMs=2 endpoint=/api/poll-health statusCode=200 rowCount=1 bytes=210
recordedAt=2026-08-10T03:15:46.9994923+00:00 correlationId=fc995c1bd53c402a9342e0b6eb81e51d component=Watch stage=HTTP_OK elapsedMs=10 endpoint=/api/alerts statusCode=200 rowCount=0 bytes=46
recordedAt=2026-08-10T03:15:47.0010213+00:00 correlationId=dc8075b22f214895a023d4db4072ead3 component=Watch stage=HTTP_OK elapsedMs=8 endpoint=/api/demands statusCode=200 rowCount=1 bytes=436
recordedAt=2026-08-10T03:15:48.0762499+00:00 correlationId=afc15e09157c47759b8b8121a051743b component=Watch stage=HTTP_STATUS elapsedMs=2 endpoint=/api/alerts statusCode=503 rowCount=0 bytes=29 detail={"error":"fake Host offline"}
recordedAt=2026-08-10T03:15:48.0762537+00:00 correlationId=3c0969797b074a4aba7dc9b3645a7343 component=Watch stage=HTTP_STATUS elapsedMs=2 endpoint=/api/demands rowCount=0 bytes=0 detail=Response status code does not indicate success: 503 (Service Unavailable). Host response: {"error":"fake Host offline"}
recordedAt=2026-08-10T03:15:48.0762665+00:00 correlationId=320cb71960504ae6a2dbc73a4657f422 component=Watch stage=HTTP_STATUS elapsedMs=2 endpoint=/api/poll-health rowCount=0 bytes=0 detail=Response status code does not indicate success: 503 (Service Unavailable).
recordedAt=2026-08-10T03:15:48.4246806+00:00 correlationId=86c4cb083c214df3891ed38e4396f6c8 component=Watch stage=HTTP_OK elapsedMs=0 endpoint=/api/alerts statusCode=200 rowCount=0 bytes=46
recordedAt=2026-08-10T03:15:48.4246965+00:00 correlationId=2efc9bd688b94163971353c218123b6d component=Watch stage=HTTP_OK elapsedMs=0 endpoint=/api/poll-health statusCode=200 rowCount=1 bytes=210
recordedAt=2026-08-10T03:15:48.4247274+00:00 correlationId=fadde9dc7a4644e686bf80731a4be4e5 component=Watch stage=HTTP_OK elapsedMs=0 endpoint=/api/demands statusCode=200 rowCount=1 bytes=436
