info: MesIngest.Latency[0]
      correlationId=48b69e3069fd46f88631b0dbc7ff911c component=Oracle stage=ORACLE_QUERY elapsedMs=11 rowCount=1
info: MesIngest.Latency[0]
      correlationId=48b69e3069fd46f88631b0dbc7ff911c component=SqlServer stage=SQL_QUERY elapsedMs=0 rowCount=0
info: MesIngest.Latency[0]
      correlationId=48b69e3069fd46f88631b0dbc7ff911c component=SqlServer stage=SQL_QUERY elapsedMs=0 rowCount=0
info: MesIngest.Latency[0]
      correlationId=48b69e3069fd46f88631b0dbc7ff911c component=SqlServer stage=SQL_TRANSACTION elapsedMs=3 rowCount=2
info: MesIngest.Latency[0]
      correlationId=48b69e3069fd46f88631b0dbc7ff911c component=SqlServer stage=SQL_WRITE elapsedMs=3 rowCount=2
info: MesIngest.Latency[0]
      correlationId=48b69e3069fd46f88631b0dbc7ff911c component=SqlServer stage=SQL_WRITE elapsedMs=0 rowCount=1
info: MesIngest.Host.PollHostedService[0]
      Continuous poll disabled; PollHostedService idle.
info: Microsoft.Hosting.Lifetime[14]
      Now listening on: http://127.0.0.1:51673
info: Microsoft.Hosting.Lifetime[0]
      Application started. Press Ctrl+C to shut down.
info: Microsoft.Hosting.Lifetime[0]
      Hosting environment: Production
info: Microsoft.Hosting.Lifetime[0]
      Content root path: C:\MesIngest\13-sqlserver-final-gate-3\run-20260810-144121-watch-package-release\CleanInstall\MesIngest\service
info: MesIngest.Latency[0]
      correlationId=671223ed484043dc8a74c9e220758fe6 component=Host stage=HTTP_OK elapsedMs=214 endpoint=/api/contract statusCode=200
info: MesIngest.Latency[0]
      correlationId=2c14932cac1148878364c35aaf3e3219 component=Host stage=HTTP_OK elapsedMs=331 endpoint=/openapi/v1.json statusCode=200
info: MesIngest.Latency[0]
      correlationId=7382b92ecb6446729004a16cae484769 component=SqlServer stage=SQL_QUERY elapsedMs=3 rowCount=0
info: MesIngest.Latency[0]
      correlationId=7382b92ecb6446729004a16cae484769 component=SqlServer stage=SQL_QUERY elapsedMs=2 rowCount=1
info: MesIngest.Latency[0]
      correlationId=7382b92ecb6446729004a16cae484769 component=Host stage=HTTP_OK elapsedMs=38 endpoint=/api/demands statusCode=200
info: MesIngest.Latency[0]
      correlationId=f635def4677e42ec867d4b4576f9c2ec component=SqlServer stage=SQL_QUERY elapsedMs=0 rowCount=0
info: MesIngest.Latency[0]
      correlationId=f635def4677e42ec867d4b4576f9c2ec component=Host stage=HTTP_OK elapsedMs=2 endpoint=/api/alerts statusCode=200
info: MesIngest.Latency[0]
      correlationId=7e421b6b51e04955a96633b04434c0d8 component=SqlServer stage=SQL_QUERY elapsedMs=0 rowCount=1
info: MesIngest.Latency[0]
      correlationId=7e421b6b51e04955a96633b04434c0d8 component=SqlServer stage=SQL_QUERY elapsedMs=0 rowCount=1
info: MesIngest.Latency[0]
      correlationId=7e421b6b51e04955a96633b04434c0d8 component=Host stage=HTTP_OK elapsedMs=14 endpoint=/api/poll-health statusCode=200
info: MesIngest.Latency[0]
      correlationId=30daf54f8f4e4d5497f9c3e7a132e521 component=SqlServer stage=SQL_QUERY elapsedMs=0 rowCount=1
info: MesIngest.Latency[0]
      correlationId=30daf54f8f4e4d5497f9c3e7a132e521 component=Host stage=HTTP_OK elapsedMs=12 endpoint=/api/demand-changes statusCode=200
info: MesIngest.Latency[0]
      correlationId=7aa665ee202a4c8e948f53446a02a90b component=Host stage=HTTP_OK elapsedMs=2 endpoint=/api/contract statusCode=200
info: MesIngest.Latency[0]
      correlationId=e2ffdb2b11d1488e927b9bcea6e3d64f component=SqlServer stage=SQL_QUERY elapsedMs=0 rowCount=1
info: MesIngest.Latency[0]
      correlationId=e2ffdb2b11d1488e927b9bcea6e3d64f component=SqlServer stage=SQL_QUERY elapsedMs=0 rowCount=1
info: MesIngest.Latency[0]
      correlationId=e2ffdb2b11d1488e927b9bcea6e3d64f component=Host stage=HTTP_OK elapsedMs=0 endpoint=/api/poll-health statusCode=200
info: MesIngest.Latency[0]
      correlationId=36bdf33726cd4b799fdb82f98eca225e component=SqlServer stage=SQL_QUERY elapsedMs=0 rowCount=1

