recordedAt=2026-08-10T07:01:44.1871276+00:00 correlationId=ddc81efb17e248f2b2f2d9e184c64516 component=Watch stage=HTTP_OK elapsedMs=70 endpoint=/api/contract statusCode=200 rowCount=1 bytes=59
recordedAt=2026-08-10T07:01:44.2465685+00:00 correlationId=341a58e317c1413e8759ec9b52e0c23a component=Watch stage=HTTP_OK elapsedMs=51 endpoint=/api/poll-health statusCode=200 rowCount=1 bytes=210
recordedAt=2026-08-10T07:01:44.2751006+00:00 correlationId=5798c96085c945c78a788148b1da6e77 component=Watch stage=HTTP_OK elapsedMs=1 endpoint=/api/poll-health statusCode=200 rowCount=1 bytes=210
recordedAt=2026-08-10T07:01:44.2901225+00:00 correlationId=e760367d3b3b4457b5c04960c7cbc4df component=Watch stage=HTTP_OK elapsedMs=11 endpoint=/api/alerts statusCode=200 rowCount=0 bytes=46
recordedAt=2026-08-10T07:01:44.2919298+00:00 correlationId=623b6c35ea2240e98e031092f894d51e component=Watch stage=HTTP_OK elapsedMs=8 endpoint=/api/demands statusCode=200 rowCount=1 bytes=436
recordedAt=2026-08-10T07:01:49.8115328+00:00 correlationId=eb820f9dbb894d1e9091f7bff2564aa2 component=Watch stage=HTTP_STATUS elapsedMs=14 endpoint=/api/alerts statusCode=503 rowCount=0 bytes=29 detail={"error":"fake Host offline"}
recordedAt=2026-08-10T07:01:49.8115328+00:00 correlationId=f883b35f8a054b45894fe537e92757a1 component=Watch stage=HTTP_STATUS elapsedMs=14 endpoint=/api/demands rowCount=0 bytes=0 detail=Response status code does not indicate success: 503 (Service Unavailable). Host response: {"error":"fake Host offline"}
recordedAt=2026-08-10T07:01:49.8115327+00:00 correlationId=e887540158054b718e2077b470f5ad56 component=Watch stage=HTTP_STATUS elapsedMs=3 endpoint=/api/poll-health rowCount=0 bytes=0 detail=Response status code does not indicate success: 503 (Service Unavailable).
recordedAt=2026-08-10T07:01:49.9851220+00:00 correlationId=562dbb606dc64ae187605a3ac37a8799 component=Watch stage=HTTP_OK elapsedMs=0 endpoint=/api/poll-health statusCode=200 rowCount=1 bytes=210
recordedAt=2026-08-10T07:01:49.9851330+00:00 correlationId=9bc8a59953cc4dfcbf6ba7323c242b98 component=Watch stage=HTTP_OK elapsedMs=0 endpoint=/api/alerts statusCode=200 rowCount=0 bytes=46
recordedAt=2026-08-10T07:01:49.9851613+00:00 correlationId=f0d6907f46a74671820f7920f485c1ef component=Watch stage=HTTP_OK elapsedMs=0 endpoint=/api/demands statusCode=200 rowCount=1 bytes=436
recordedAt=2026-08-10T07:02:19.6878691+00:00 correlationId=a4757cd47c5b44a2add9197a02be0285 component=Watch stage=HTTP_OK elapsedMs=81 endpoint=/api/contract statusCode=200 rowCount=1 bytes=59
recordedAt=2026-08-10T07:02:19.7332833+00:00 correlationId=9b381e2be7db4f589e2841e87008145f component=Watch stage=HTTP_OK elapsedMs=39 endpoint=/api/poll-health statusCode=200 rowCount=1 bytes=210
recordedAt=2026-08-10T07:02:19.7745765+00:00 correlationId=70407573e49b4a8b8ba4323a1bd75570 component=Watch stage=HTTP_OK elapsedMs=5 endpoint=/api/poll-health statusCode=200 rowCount=1 bytes=210
recordedAt=2026-08-10T07:02:19.7931331+00:00 correlationId=41527833d9694b00b92677f637888633 component=Watch stage=HTTP_OK elapsedMs=11 endpoint=/api/alerts statusCode=200 rowCount=0 bytes=46
recordedAt=2026-08-10T07:02:19.7953889+00:00 correlationId=3d8c44b0ddfd4e1090e73d5d1774edf3 component=Watch stage=HTTP_OK elapsedMs=6 endpoint=/api/demands statusCode=200 rowCount=1 bytes=436
recordedAt=2026-08-10T07:02:20.6467073+00:00 correlationId=65d648ada16a4b63ae14a13df39d14b4 component=Watch stage=HTTP_STATUS elapsedMs=16 endpoint=/api/alerts statusCode=503 rowCount=0 bytes=29 detail={"error":"fake Host offline"}
recordedAt=2026-08-10T07:02:20.6467261+00:00 correlationId=61621509720149e8b170a1dc79d0844b component=Watch stage=HTTP_STATUS elapsedMs=6 endpoint=/api/poll-health rowCount=0 bytes=0 detail=Response status code does not indicate success: 503 (Service Unavailable).
recordedAt=2026-08-10T07:02:20.6467046+00:00 correlationId=17fd2c13046f470dac6e3066a6cd0ab4 component=Watch stage=HTTP_STATUS elapsedMs=16 endpoint=/api/demands rowCount=0 bytes=0 detail=Response status code does not indicate success: 503 (Service Unavailable). Host response: {"error":"fake Host offline"}
recordedAt=2026-08-10T07:02:20.9060423+00:00 correlationId=2d99c586d98545b590d5a1416e1b796d component=Watch stage=HTTP_OK elapsedMs=0 endpoint=/api/poll-health statusCode=200 rowCount=1 bytes=210
recordedAt=2026-08-10T07:02:20.9060701+00:00 correlationId=78d7dd474908469080db6c084bcd78c8 component=Watch stage=HTTP_OK elapsedMs=0 endpoint=/api/alerts statusCode=200 rowCount=0 bytes=46
recordedAt=2026-08-10T07:02:20.9061113+00:00 correlationId=6136e979687e4294a4867812b7bd025b component=Watch stage=HTTP_OK elapsedMs=0 endpoint=/api/demands statusCode=200 rowCount=1 bytes=436
