recordedAt=2026-08-10T05:17:45.2865621+00:00 correlationId=ec9d1d8a3fcd4fc2a1e30be900f7eb6a component=Watch stage=HTTP_OK elapsedMs=62 endpoint=/api/contract statusCode=200 rowCount=1 bytes=59
recordedAt=2026-08-10T05:17:45.3321262+00:00 correlationId=d19ea3c7517c4e09877cadaad83002c3 component=Watch stage=HTTP_OK elapsedMs=41 endpoint=/api/poll-health statusCode=200 rowCount=1 bytes=210
recordedAt=2026-08-10T05:17:45.3598401+00:00 correlationId=01d8822dfe0c4f6d93b10e3309e751e7 component=Watch stage=HTTP_OK elapsedMs=1 endpoint=/api/poll-health statusCode=200 rowCount=1 bytes=210
recordedAt=2026-08-10T05:17:45.3874006+00:00 correlationId=8f4cb6ce396e48c4a085ded8445476fa component=Watch stage=HTTP_OK elapsedMs=17 endpoint=/api/alerts statusCode=200 rowCount=0 bytes=46
recordedAt=2026-08-10T05:17:45.3981878+00:00 correlationId=45dcea4a85b44f048784ca811df5d0f8 component=Watch stage=HTTP_OK elapsedMs=23 endpoint=/api/demands statusCode=200 rowCount=1 bytes=436
recordedAt=2026-08-10T05:17:51.0375950+00:00 correlationId=4e149526b85a45aab72d596a0aa82f9b component=Watch stage=HTTP_STATUS elapsedMs=20 endpoint=/api/demands rowCount=0 bytes=0 detail=Response status code does not indicate success: 503 (Service Unavailable). Host response: {"error":"fake Host offline"}
recordedAt=2026-08-10T05:17:51.0375884+00:00 correlationId=cad5e6b3031f4356bcee78510fbfecda component=Watch stage=HTTP_STATUS elapsedMs=9 endpoint=/api/poll-health rowCount=0 bytes=0 detail=Response status code does not indicate success: 503 (Service Unavailable).
recordedAt=2026-08-10T05:17:51.0376381+00:00 correlationId=1066139a773c4be793d9347776eb6c00 component=Watch stage=HTTP_STATUS elapsedMs=10 endpoint=/api/alerts statusCode=503 rowCount=0 bytes=29 detail={"error":"fake Host offline"}
recordedAt=2026-08-10T05:17:51.2021957+00:00 correlationId=b21bcda7ab1e417eadb1277fab2b9045 component=Watch stage=HTTP_OK elapsedMs=2 endpoint=/api/poll-health statusCode=200 rowCount=1 bytes=210
recordedAt=2026-08-10T05:17:51.2022893+00:00 correlationId=39de0f3ff0f7453ea500e301dc300f7c component=Watch stage=HTTP_OK elapsedMs=1 endpoint=/api/alerts statusCode=200 rowCount=0 bytes=46
recordedAt=2026-08-10T05:17:51.2025001+00:00 correlationId=3a7a950b6bc140869d7fdfd55a76948e component=Watch stage=HTTP_OK elapsedMs=1 endpoint=/api/demands statusCode=200 rowCount=1 bytes=436
recordedAt=2026-08-10T05:18:21.4499776+00:00 correlationId=fa1a04b4081c4746b1304d43a4a1cd37 component=Watch stage=HTTP_OK elapsedMs=69 endpoint=/api/contract statusCode=200 rowCount=1 bytes=59
recordedAt=2026-08-10T05:18:21.5082532+00:00 correlationId=89cb01d418fe4abda557a9abd432cfb0 component=Watch stage=HTTP_OK elapsedMs=52 endpoint=/api/poll-health statusCode=200 rowCount=1 bytes=210
recordedAt=2026-08-10T05:18:21.5547146+00:00 correlationId=1b2e1ffe61184bcbbfb6f2dda8346eec component=Watch stage=HTTP_OK elapsedMs=1 endpoint=/api/poll-health statusCode=200 rowCount=1 bytes=210
recordedAt=2026-08-10T05:18:21.5795888+00:00 correlationId=80db08aca4f2438c9da1f06e624896ae component=Watch stage=HTTP_OK elapsedMs=17 endpoint=/api/alerts statusCode=200 rowCount=0 bytes=46
recordedAt=2026-08-10T05:18:21.5817677+00:00 correlationId=5f8c26639dc74a8c92410d9f893b8008 component=Watch stage=HTTP_OK elapsedMs=13 endpoint=/api/demands statusCode=200 rowCount=1 bytes=436
recordedAt=2026-08-10T05:18:22.5259801+00:00 correlationId=53bbf80fa7b34ee1bba89cca900b2088 component=Watch stage=HTTP_STATUS elapsedMs=3 endpoint=/api/demands rowCount=0 bytes=0 detail=Response status code does not indicate success: 503 (Service Unavailable). Host response: {"error":"fake Host offline"}
recordedAt=2026-08-10T05:18:22.5259726+00:00 correlationId=20f142b0daa34d55b179a49f4681bccc component=Watch stage=HTTP_STATUS elapsedMs=4 endpoint=/api/poll-health rowCount=0 bytes=0 detail=Response status code does not indicate success: 503 (Service Unavailable).
recordedAt=2026-08-10T05:18:22.5259942+00:00 correlationId=44a69e92e74244ed8c6034c3fccf8291 component=Watch stage=HTTP_STATUS elapsedMs=4 endpoint=/api/alerts statusCode=503 rowCount=0 bytes=29 detail={"error":"fake Host offline"}
recordedAt=2026-08-10T05:18:22.8574489+00:00 correlationId=63e928ad0d3a4d2bad2e187c3440f3a0 component=Watch stage=HTTP_OK elapsedMs=1 endpoint=/api/poll-health statusCode=200 rowCount=1 bytes=210
recordedAt=2026-08-10T05:18:22.8576959+00:00 correlationId=800da1dbe12e44c58def6e6da2fca80d component=Watch stage=HTTP_OK elapsedMs=1 endpoint=/api/alerts statusCode=200 rowCount=0 bytes=46
recordedAt=2026-08-10T05:18:22.8577762+00:00 correlationId=1611a0f5921c465d84cd5691516c8708 component=Watch stage=HTTP_OK elapsedMs=0 endpoint=/api/demands statusCode=200 rowCount=1 bytes=436
