recordedAt=2026-08-10T03:56:58.1416847+00:00 correlationId=3c5b99b1797f4128a779b885444ce2b3 component=Watch stage=HTTP_OK elapsedMs=78 endpoint=/api/contract statusCode=200 rowCount=1 bytes=59
recordedAt=2026-08-10T03:56:58.1859405+00:00 correlationId=556ae06d7e0e453ea8bf137956abc07a component=Watch stage=HTTP_OK elapsedMs=37 endpoint=/api/poll-health statusCode=200 rowCount=1 bytes=210
recordedAt=2026-08-10T03:56:58.2027370+00:00 correlationId=32fa2c3ad4f34175a8167ab0a0377c41 component=Watch stage=HTTP_OK elapsedMs=1 endpoint=/api/poll-health statusCode=200 rowCount=1 bytes=210
recordedAt=2026-08-10T03:56:58.2235988+00:00 correlationId=81be170c20ef4388b76ed20c1628db79 component=Watch stage=HTTP_OK elapsedMs=16 endpoint=/api/alerts statusCode=200 rowCount=0 bytes=46
recordedAt=2026-08-10T03:56:58.2254638+00:00 correlationId=f11b480429694e038142b174f83d5b7e component=Watch stage=HTTP_OK elapsedMs=9 endpoint=/api/demands statusCode=200 rowCount=1 bytes=436
recordedAt=2026-08-10T03:57:03.6920475+00:00 correlationId=d13ce1802f254c31a41c0bda9d205ce4 component=Watch stage=HTTP_STATUS elapsedMs=6 endpoint=/api/alerts statusCode=503 rowCount=0 bytes=29 detail={"error":"fake Host offline"}
recordedAt=2026-08-10T03:57:03.6920502+00:00 correlationId=5d66d9ee464645e2a384c1a60a884b1b component=Watch stage=HTTP_STATUS elapsedMs=6 endpoint=/api/poll-health rowCount=0 bytes=0 detail=Response status code does not indicate success: 503 (Service Unavailable).
recordedAt=2026-08-10T03:57:03.6921127+00:00 correlationId=c3d7ad4e7aee4dc4a383fe8d1f61f2ae component=Watch stage=HTTP_STATUS elapsedMs=6 endpoint=/api/demands rowCount=0 bytes=0 detail=Response status code does not indicate success: 503 (Service Unavailable). Host response: {"error":"fake Host offline"}
recordedAt=2026-08-10T03:57:04.0174460+00:00 correlationId=f51d7216e72948318e478cd10144d422 component=Watch stage=HTTP_OK elapsedMs=0 endpoint=/api/poll-health statusCode=200 rowCount=1 bytes=210
recordedAt=2026-08-10T03:57:04.0176387+00:00 correlationId=93209b6011da4d0a9b343ab27cd42e7f component=Watch stage=HTTP_OK elapsedMs=0 endpoint=/api/alerts statusCode=200 rowCount=0 bytes=46
recordedAt=2026-08-10T03:57:04.0177406+00:00 correlationId=1c4e794d8cbc4446b6a0d29cfcfeb94d component=Watch stage=HTTP_OK elapsedMs=0 endpoint=/api/demands statusCode=200 rowCount=1 bytes=436
recordedAt=2026-08-10T03:57:37.4000917+00:00 correlationId=a920831554884a428face06e6f9c9984 component=Watch stage=HTTP_OK elapsedMs=72 endpoint=/api/contract statusCode=200 rowCount=1 bytes=59
recordedAt=2026-08-10T03:57:37.4376753+00:00 correlationId=cd68115f3e84420799ec6b5ab29aa1de component=Watch stage=HTTP_OK elapsedMs=33 endpoint=/api/poll-health statusCode=200 rowCount=1 bytes=210
recordedAt=2026-08-10T03:57:37.4865561+00:00 correlationId=e510d6309d6d4511bd27c83bb7f3246f component=Watch stage=HTTP_OK elapsedMs=3 endpoint=/api/poll-health statusCode=200 rowCount=1 bytes=210
recordedAt=2026-08-10T03:57:37.5009538+00:00 correlationId=680efa39c6db49ef863356824de12fa8 component=Watch stage=HTTP_OK elapsedMs=11 endpoint=/api/alerts statusCode=200 rowCount=0 bytes=46
recordedAt=2026-08-10T03:57:37.5046874+00:00 correlationId=c2149fcbba1f4c7a9f21e2e2a749fe5e component=Watch stage=HTTP_OK elapsedMs=9 endpoint=/api/demands statusCode=200 rowCount=1 bytes=436
recordedAt=2026-08-10T03:57:38.5277336+00:00 correlationId=e024c6d979a04b28a87986f8bc1896b2 component=Watch stage=HTTP_STATUS elapsedMs=40 endpoint=/api/alerts statusCode=503 rowCount=0 bytes=29 detail={"error":"fake Host offline"}
recordedAt=2026-08-10T03:57:38.5277127+00:00 correlationId=40cf36b3906145fa9f650727620021ec component=Watch stage=HTTP_STATUS elapsedMs=40 endpoint=/api/demands rowCount=0 bytes=0 detail=Response status code does not indicate success: 503 (Service Unavailable). Host response: {"error":"fake Host offline"}
recordedAt=2026-08-10T03:57:38.5279061+00:00 correlationId=22e5b1baff024907bca1b047718461ea component=Watch stage=HTTP_STATUS elapsedMs=21 endpoint=/api/poll-health rowCount=0 bytes=0 detail=Response status code does not indicate success: 503 (Service Unavailable).
recordedAt=2026-08-10T03:57:38.7842037+00:00 correlationId=72b3eda9935a4b75a0d4ddb256bddabb component=Watch stage=HTTP_OK elapsedMs=0 endpoint=/api/poll-health statusCode=200 rowCount=1 bytes=210
recordedAt=2026-08-10T03:57:38.7844158+00:00 correlationId=e6a39650d250467e8e106b196a5dd177 component=Watch stage=HTTP_OK elapsedMs=0 endpoint=/api/alerts statusCode=200 rowCount=0 bytes=46
recordedAt=2026-08-10T03:57:38.7844515+00:00 correlationId=fcb243047b6343ebbf42ee407ec280fb component=Watch stage=HTTP_OK elapsedMs=0 endpoint=/api/demands statusCode=200 rowCount=1 bytes=436
