recordedAt=2026-08-10T02:52:50.0855097+00:00 correlationId=45b7aad36e314c99bb3e723b0a25ebcf component=Watch stage=HTTP_OK elapsedMs=65 endpoint=/api/contract statusCode=200 rowCount=1 bytes=59
recordedAt=2026-08-10T02:52:50.1291811+00:00 correlationId=842b87a4e6064e92b9b23eedd5976e7b component=Watch stage=HTTP_OK elapsedMs=38 endpoint=/api/poll-health statusCode=200 rowCount=1 bytes=210
recordedAt=2026-08-10T02:52:50.1522795+00:00 correlationId=d82ef84a531b4ace830f581526dafe2d component=Watch stage=HTTP_OK elapsedMs=1 endpoint=/api/poll-health statusCode=200 rowCount=1 bytes=210
recordedAt=2026-08-10T02:52:50.1744576+00:00 correlationId=5e101a4501744dbf8c49374fdebb2f04 component=Watch stage=HTTP_OK elapsedMs=15 endpoint=/api/alerts statusCode=200 rowCount=0 bytes=46
recordedAt=2026-08-10T02:52:50.1757480+00:00 correlationId=98d91edd12bc4e359619042764561fe2 component=Watch stage=HTTP_OK elapsedMs=8 endpoint=/api/demands statusCode=200 rowCount=1 bytes=436
recordedAt=2026-08-10T02:52:55.7309642+00:00 correlationId=f9a7bc36124d4e76b17540537c0b56cb component=Watch stage=HTTP_STATUS elapsedMs=16 endpoint=/api/alerts statusCode=503 rowCount=0 bytes=29 detail={"error":"fake Host offline"}
recordedAt=2026-08-10T02:52:55.7310368+00:00 correlationId=68971881439440749c18dc9703aeb84a component=Watch stage=HTTP_STATUS elapsedMs=6 endpoint=/api/poll-health rowCount=0 bytes=0 detail=Response status code does not indicate success: 503 (Service Unavailable).
recordedAt=2026-08-10T02:52:55.7310299+00:00 correlationId=62ce4eb32a5546229d0fe9c4fcf2b95d component=Watch stage=HTTP_STATUS elapsedMs=17 endpoint=/api/demands rowCount=0 bytes=0 detail=Response status code does not indicate success: 503 (Service Unavailable). Host response: {"error":"fake Host offline"}
recordedAt=2026-08-10T02:52:55.9906266+00:00 correlationId=eee5c4e58ed447f0abd656a98b094bff component=Watch stage=HTTP_OK elapsedMs=1 endpoint=/api/poll-health statusCode=200 rowCount=1 bytes=210
recordedAt=2026-08-10T02:52:55.9906074+00:00 correlationId=2e9d90e8a6ae4beebeaa08708120e8e2 component=Watch stage=HTTP_OK elapsedMs=1 endpoint=/api/alerts statusCode=200 rowCount=0 bytes=46
recordedAt=2026-08-10T02:52:55.9906925+00:00 correlationId=f8f5c7bb5f19499f8a119c47765a6e70 component=Watch stage=HTTP_OK elapsedMs=0 endpoint=/api/demands statusCode=200 rowCount=1 bytes=436
recordedAt=2026-08-10T02:53:27.8299702+00:00 correlationId=78b33261fc2b4ecabdde107f6aee0036 component=Watch stage=HTTP_OK elapsedMs=62 endpoint=/api/contract statusCode=200 rowCount=1 bytes=59
recordedAt=2026-08-10T02:53:27.8799792+00:00 correlationId=3a03092ae1de4726841279ebd3433539 component=Watch stage=HTTP_OK elapsedMs=46 endpoint=/api/poll-health statusCode=200 rowCount=1 bytes=210
recordedAt=2026-08-10T02:53:27.9046618+00:00 correlationId=670b6de0d4384a1ba236b1668b467946 component=Watch stage=HTTP_OK elapsedMs=1 endpoint=/api/poll-health statusCode=200 rowCount=1 bytes=210
recordedAt=2026-08-10T02:53:27.9290582+00:00 correlationId=792588f141944c819138be46e1b37535 component=Watch stage=HTTP_OK elapsedMs=14 endpoint=/api/alerts statusCode=200 rowCount=0 bytes=46
recordedAt=2026-08-10T02:53:27.9315183+00:00 correlationId=739873e63f0b4977a3d0337805020c58 component=Watch stage=HTTP_OK elapsedMs=13 endpoint=/api/demands statusCode=200 rowCount=1 bytes=436
recordedAt=2026-08-10T02:53:28.9435058+00:00 correlationId=9eb8e658acba4bacb5d453d78f76951f component=Watch stage=HTTP_STATUS elapsedMs=3 endpoint=/api/alerts statusCode=503 rowCount=0 bytes=29 detail={"error":"fake Host offline"}
recordedAt=2026-08-10T02:53:28.9435143+00:00 correlationId=56b7b0dd0a824ee5b842bccd299355f2 component=Watch stage=HTTP_STATUS elapsedMs=10 endpoint=/api/demands rowCount=0 bytes=0 detail=Response status code does not indicate success: 503 (Service Unavailable). Host response: {"error":"fake Host offline"}
recordedAt=2026-08-10T02:53:28.9435253+00:00 correlationId=2459cbe87610429ba42a2f5c21063ca8 component=Watch stage=HTTP_STATUS elapsedMs=3 endpoint=/api/poll-health rowCount=0 bytes=0 detail=Response status code does not indicate success: 503 (Service Unavailable).
recordedAt=2026-08-10T02:53:29.2554757+00:00 correlationId=10407765ac9447c3b733de866ad81a46 component=Watch stage=HTTP_OK elapsedMs=1 endpoint=/api/poll-health statusCode=200 rowCount=1 bytes=210
recordedAt=2026-08-10T02:53:29.2557115+00:00 correlationId=46bc2a41d9d54476bdad4801cb7fa288 component=Watch stage=HTTP_OK elapsedMs=1 endpoint=/api/alerts statusCode=200 rowCount=0 bytes=46
recordedAt=2026-08-10T02:53:29.2559272+00:00 correlationId=e78bcfc0a8e54a9f8ef80b936b18c326 component=Watch stage=HTTP_OK elapsedMs=0 endpoint=/api/demands statusCode=200 rowCount=1 bytes=436
