recordedAt=2026-08-10T07:01:26.0433719+00:00 correlationId=599b7cc99efb495792e8973dcee7cdb6 component=Watch stage=HTTP_OK elapsedMs=68 endpoint=/api/contract statusCode=200 rowCount=1 bytes=59
recordedAt=2026-08-10T07:01:26.0778574+00:00 correlationId=4a54a2786e78439e9e1a505cf79213d9 component=Watch stage=HTTP_OK elapsedMs=29 endpoint=/api/poll-health statusCode=200 rowCount=1 bytes=210
recordedAt=2026-08-10T07:01:26.0954947+00:00 correlationId=88de963015524ac8805ef1731f66e23a component=Watch stage=HTTP_OK elapsedMs=1 endpoint=/api/poll-health statusCode=200 rowCount=1 bytes=210
recordedAt=2026-08-10T07:01:26.1096138+00:00 correlationId=4654c1f1bdc446d98bd32e47d6ec89b3 component=Watch stage=HTTP_OK elapsedMs=11 endpoint=/api/alerts statusCode=200 rowCount=1 bytes=519
recordedAt=2026-08-10T07:01:26.1096138+00:00 correlationId=97f2a48fd196408abc659de97c33b808 component=Watch stage=HTTP_OK elapsedMs=7 endpoint=/api/demands statusCode=200 rowCount=1 bytes=436
recordedAt=2026-08-10T07:01:31.2793421+00:00 correlationId=81285cc8f1414ac79f49b91099b2606d component=Watch stage=HTTP_OK elapsedMs=1 endpoint=/api/alerts statusCode=200 rowCount=1 bytes=519
recordedAt=2026-08-10T07:01:31.8038959+00:00 correlationId=a6dfc54eea3b49b79336282198472e76 component=Watch stage=HTTP_OK elapsedMs=2 endpoint=/api/demands/journey-visible-001 statusCode=200 rowCount=1 bytes=390
recordedAt=2026-08-10T07:01:32.0049710+00:00 correlationId=ff622d3413b04a57ac87e4771da7c831 component=Watch stage=HTTP_OK elapsedMs=1 endpoint=/api/demands/journey-visible-001 statusCode=200 rowCount=1 bytes=390
recordedAt=2026-08-10T07:01:32.1693811+00:00 correlationId=ab77df9713f045f3897941ac90f2df74 component=Watch stage=HTTP_OK elapsedMs=1 endpoint=/api/demands/journey-visible-001 statusCode=200 rowCount=1 bytes=390
recordedAt=2026-08-10T07:01:32.1732625+00:00 correlationId=7317a08754cb4a1d97e236177634971d component=Watch stage=HTTP_OK elapsedMs=0 endpoint=/api/demands statusCode=200 rowCount=1 bytes=436
recordedAt=2026-08-10T07:01:32.2083890+00:00 correlationId=97367c70d80d49f8a883c251c9f18a01 component=Watch stage=HTTP_OK elapsedMs=1 endpoint=/api/demands/journey-visible-001 statusCode=200 rowCount=1 bytes=390
recordedAt=2026-08-10T07:02:10.1452114+00:00 correlationId=7e105b1f5a3f4d97a5ef8a6c81714986 component=Watch stage=HTTP_OK elapsedMs=77 endpoint=/api/contract statusCode=200 rowCount=1 bytes=59
recordedAt=2026-08-10T07:02:10.1845724+00:00 correlationId=e6b3e9b6b9b7471daf2b90d7058a8c2a component=Watch stage=HTTP_OK elapsedMs=35 endpoint=/api/poll-health statusCode=200 rowCount=1 bytes=210
recordedAt=2026-08-10T07:02:10.2279770+00:00 correlationId=a0c9c98a297d4e01ba9fa8b64c6e77c5 component=Watch stage=HTTP_OK elapsedMs=13 endpoint=/api/poll-health statusCode=200 rowCount=1 bytes=210
recordedAt=2026-08-10T07:02:10.2608898+00:00 correlationId=337c90061d9048c8b88141a8d1ed7c89 component=Watch stage=HTTP_OK elapsedMs=33 endpoint=/api/alerts statusCode=200 rowCount=1 bytes=519
recordedAt=2026-08-10T07:02:10.2616184+00:00 correlationId=c1050a676b6e4cbba35891f75b8d3e8a component=Watch stage=HTTP_OK elapsedMs=23 endpoint=/api/demands statusCode=200 rowCount=1 bytes=436
recordedAt=2026-08-10T07:02:10.7098924+00:00 correlationId=d3d8363b786f4cd8be768ec71975fe06 component=Watch stage=HTTP_OK elapsedMs=1 endpoint=/api/alerts statusCode=200 rowCount=1 bytes=519
recordedAt=2026-08-10T07:02:11.3154018+00:00 correlationId=9d6223c175784cf799061465139c119d component=Watch stage=HTTP_OK elapsedMs=2 endpoint=/api/demands/journey-visible-001 statusCode=200 rowCount=1 bytes=390
recordedAt=2026-08-10T07:02:11.5536715+00:00 correlationId=2e671fa7f69348a1893f039829dcc9ec component=Watch stage=HTTP_OK elapsedMs=1 endpoint=/api/demands/journey-visible-001 statusCode=200 rowCount=1 bytes=390
recordedAt=2026-08-10T07:02:11.5606453+00:00 correlationId=9d9e7b1456aa4bcab4c3d03ae274c0c2 component=Watch stage=HTTP_OK elapsedMs=4 endpoint=/api/demands statusCode=200 rowCount=1 bytes=436
recordedAt=2026-08-10T07:02:11.6124733+00:00 correlationId=2832b31b8101403eb2db4585db89ec8f component=Watch stage=HTTP_OK elapsedMs=1 endpoint=/api/demands/journey-visible-001 statusCode=200 rowCount=1 bytes=390
recordedAt=2026-08-10T07:02:12.0776983+00:00 correlationId=cd6dc8d6c2cc483bb36745e3fa7539d7 component=Watch stage=HTTP_OK elapsedMs=1 endpoint=/api/demands/journey-visible-001 statusCode=200 rowCount=1 bytes=390
