recordedAt=2026-08-10T04:06:40.9905288+00:00 correlationId=cfce7f23e40c4e52810a23435a58277f component=Watch stage=HTTP_OK elapsedMs=68 endpoint=/api/contract statusCode=200 rowCount=1 bytes=59
recordedAt=2026-08-10T04:06:41.0298925+00:00 correlationId=a73cb53299fb43bfaf410e8e1af32da3 component=Watch stage=HTTP_OK elapsedMs=31 endpoint=/api/poll-health statusCode=200 rowCount=1 bytes=210
recordedAt=2026-08-10T04:06:41.0635380+00:00 correlationId=000c908b1bed4e19bfe056d56ff22af9 component=Watch stage=HTTP_OK elapsedMs=1 endpoint=/api/poll-health statusCode=200 rowCount=1 bytes=210
recordedAt=2026-08-10T04:06:41.0839104+00:00 correlationId=2b7be4a2659345a0bf7c3ff494196c97 component=Watch stage=HTTP_OK elapsedMs=10 endpoint=/api/alerts statusCode=200 rowCount=0 bytes=46
recordedAt=2026-08-10T04:06:41.0854895+00:00 correlationId=56b183f1dda243178d729357106251db component=Watch stage=HTTP_OK elapsedMs=7 endpoint=/api/demands statusCode=200 rowCount=1 bytes=436
recordedAt=2026-08-10T04:06:46.7225094+00:00 correlationId=8bdca1b1ab51435283947496eb9fe8c8 component=Watch stage=HTTP_STATUS elapsedMs=5 endpoint=/api/alerts statusCode=503 rowCount=0 bytes=29 detail={"error":"fake Host offline"}
recordedAt=2026-08-10T04:06:46.7224125+00:00 correlationId=be765bf8954042d58ac43fd1a39c767a component=Watch stage=HTTP_STATUS elapsedMs=4 endpoint=/api/poll-health rowCount=0 bytes=0 detail=Response status code does not indicate success: 503 (Service Unavailable).
recordedAt=2026-08-10T04:06:46.7227053+00:00 correlationId=c0a8aa58933746c79eb7a49a94e8558d component=Watch stage=HTTP_STATUS elapsedMs=8 endpoint=/api/demands rowCount=0 bytes=0 detail=Response status code does not indicate success: 503 (Service Unavailable). Host response: {"error":"fake Host offline"}
recordedAt=2026-08-10T04:06:46.9973707+00:00 correlationId=c4bad3f313914937b3034a89f4b1cbe4 component=Watch stage=HTTP_OK elapsedMs=2 endpoint=/api/poll-health statusCode=200 rowCount=1 bytes=210
recordedAt=2026-08-10T04:06:46.9979082+00:00 correlationId=531c7eb19dfe43ae9a9e996f457ace36 component=Watch stage=HTTP_OK elapsedMs=2 endpoint=/api/alerts statusCode=200 rowCount=0 bytes=46
recordedAt=2026-08-10T04:06:47.0107142+00:00 correlationId=be1a121ad1bc43bb9fc4ae00cdc226d2 component=Watch stage=HTTP_OK elapsedMs=15 endpoint=/api/demands statusCode=200 rowCount=1 bytes=436
recordedAt=2026-08-10T04:07:20.2919060+00:00 correlationId=f448d589ffd74facb3908de9f8881404 component=Watch stage=HTTP_OK elapsedMs=70 endpoint=/api/contract statusCode=200 rowCount=1 bytes=59
recordedAt=2026-08-10T04:07:20.3350333+00:00 correlationId=9da81407b39c4c3bb3e8a64512814c1d component=Watch stage=HTTP_OK elapsedMs=37 endpoint=/api/poll-health statusCode=200 rowCount=1 bytes=210
recordedAt=2026-08-10T04:07:20.3722659+00:00 correlationId=a7b69b2196fc4de0b3662050861fef64 component=Watch stage=HTTP_OK elapsedMs=1 endpoint=/api/poll-health statusCode=200 rowCount=1 bytes=210
recordedAt=2026-08-10T04:07:20.3893917+00:00 correlationId=25a78fc84d274ad5994dc428e44aaebd component=Watch stage=HTTP_OK elapsedMs=12 endpoint=/api/alerts statusCode=200 rowCount=0 bytes=46
recordedAt=2026-08-10T04:07:20.3911468+00:00 correlationId=b052be55e8b54f52ac76014694a24eea component=Watch stage=HTTP_OK elapsedMs=8 endpoint=/api/demands statusCode=200 rowCount=1 bytes=436
recordedAt=2026-08-10T04:07:21.4166803+00:00 correlationId=2f86c9ba26c7404b86911fdd12a78b31 component=Watch stage=HTTP_STATUS elapsedMs=4 endpoint=/api/alerts statusCode=503 rowCount=0 bytes=29 detail={"error":"fake Host offline"}
recordedAt=2026-08-10T04:07:21.4167076+00:00 correlationId=06f91c90a24c477faaa53a0a41035956 component=Watch stage=HTTP_STATUS elapsedMs=4 endpoint=/api/poll-health rowCount=0 bytes=0 detail=Response status code does not indicate success: 503 (Service Unavailable).
recordedAt=2026-08-10T04:07:21.4166847+00:00 correlationId=5e7c206a47a6483aa88a610ed27cbea5 component=Watch stage=HTTP_STATUS elapsedMs=4 endpoint=/api/demands rowCount=0 bytes=0 detail=Response status code does not indicate success: 503 (Service Unavailable). Host response: {"error":"fake Host offline"}
recordedAt=2026-08-10T04:07:21.8204858+00:00 correlationId=5941aa5633d34d0cbef74bd6c96d44a5 component=Watch stage=HTTP_OK elapsedMs=1 endpoint=/api/poll-health statusCode=200 rowCount=1 bytes=210
recordedAt=2026-08-10T04:07:21.8205186+00:00 correlationId=0f4319dfaf2d400d8a6eed7200aa128f component=Watch stage=HTTP_OK elapsedMs=0 endpoint=/api/alerts statusCode=200 rowCount=0 bytes=46
recordedAt=2026-08-10T04:07:21.8205622+00:00 correlationId=c2f5e2f8dad34fa08a5b2fc2e0b599de component=Watch stage=HTTP_OK elapsedMs=0 endpoint=/api/demands statusCode=200 rowCount=1 bytes=436
