C:\MesIngest\fluent-refinement-01\run-20260811-102545-watch-window-visual\Source\mes\ingest\csharp\MesIngest.Watch.UiTests\MesIngest.Watch.UiTests.csproj : warning NU1801: 鏃犳硶鍔犺浇婧?https://api.nuget.org/v3/index.json 鐨勬湇鍔＄储寮曘€?
C:\MesIngest\fluent-refinement-01\run-20260811-102545-watch-window-visual\Source\mes\ingest\csharp\MesIngest.Watch.UiTests\MesIngest.Watch.UiTests.csproj : warning NU1801: 鏃犳硶鍔犺浇婧?https://api.nuget.org/v3/index.json 鐨勬湇鍔＄储寮曘€?
C:\MesIngest\fluent-refinement-01\run-20260811-102545-watch-window-visual\Source\mes\ingest\csharp\MesIngest.Watch.UiTests\MesIngest.Watch.UiTests.csproj : warning NU1801: 鏃犳硶鍔犺浇婧?https://api.nuget.org/v3/index.json 鐨勬湇鍔＄储寮曘€?
C:\MesIngest\fluent-refinement-01\run-20260811-102545-watch-window-visual\Source\mes\ingest\csharp\MesIngest.Watch.UiTests\MesIngest.Watch.UiTests.csproj : warning NU1801: 鏃犳硶鍔犺浇婧?https://api.nuget.org/v3/index.json 鐨勬湇鍔＄储寮曘€?
C:\MesIngest\fluent-refinement-01\run-20260811-102545-watch-window-visual\Source\mes\ingest\csharp\MesIngest.Watch.UiTests\MesIngest.Watch.UiTests.csproj : warning NU1801: 鏃犳硶鍔犺浇婧?https://api.nuget.org/v3/index.json 鐨勬湇鍔＄储寮曘€?
C:\MesIngest\fluent-refinement-01\run-20260811-102545-watch-window-visual\Source\mes\ingest\csharp\MesIngest.Watch.UiTests\MesIngest.Watch.UiTests.csproj : warning NU1603: Verify.XunitV3 31.16.1 渚濊禆浜?DiffEngine (>= 19.1.2)锛屼絾鎵句笉鍒?DiffEngine 19.1.2銆?宸茶В鍐?DiffEngine 19.1.3 鐨勮繎浼兼渶浣冲尮閰嶃€?
C:\MesIngest\fluent-refinement-01\run-20260811-102545-watch-window-visual\Source\mes\ingest\csharp\MesIngest.Watch.UiTests\MesIngest.Watch.UiTests.csproj : warning NU1603: xunit.v3.common 3.2.2 渚濊禆浜?Microsoft.Bcl.AsyncInterfaces (>= 6.0.0)锛屼絾鎵句笉鍒?Microsoft.Bcl.AsyncInterfaces 6.0.0銆?宸茶В鍐?Microsoft.Bcl.AsyncInterfaces 10.0.6 鐨勮繎浼兼渶浣冲尮閰嶃€?
C:\MesIngest\fluent-refinement-01\run-20260811-102545-watch-window-visual\Source\mes\ingest\csharp\MesIngest.Watch.UiTests\MesIngest.Watch.UiTests.csproj : warning NU1603: Microsoft.ApplicationInsights 2.23.0 渚濊禆浜?System.Diagnostics.DiagnosticSource (>= 5.0.0)锛屼絾鎵句笉鍒?System.Diagnostics.DiagnosticSource 5.0.0銆?宸茶В鍐?System.Diagnostics.DiagnosticSource 6.0.1 鐨勮繎浼兼渶浣冲尮閰嶃€?
C:\MesIngest\fluent-refinement-01\run-20260811-102545-watch-window-visual\Source\mes\ingest\csharp\MesIngest.Watch.UiTests\MesIngest.Watch.UiTests.csproj : warning NU1603: Azure.Identity 1.11.4 渚濊禆浜?System.Memory (>= 4.5.4)锛屼絾鎵句笉鍒?System.Memory 4.5.4銆?宸茶В鍐?System.Memory 4.6.0 鐨勮繎浼兼渶浣冲尮閰嶃€?
C:\MesIngest\fluent-refinement-01\run-20260811-102545-watch-window-visual\Source\mes\ingest\csharp\MesIngest.Watch.UiTests\MesIngest.Watch.UiTests.csproj : warning NU1603: Azure.Identity 1.11.4 渚濊禆浜?System.Security.Cryptography.ProtectedData (>= 4.7.0)锛屼絾鎵句笉鍒?System.Security.Cryptography.ProtectedData 4.7.0銆?宸茶В鍐?System.Security.Cryptography.ProtectedData 8.0.0 鐨勮繎浼兼渶浣冲尮閰嶃€?
C:\MesIngest\fluent-refinement-01\run-20260811-102545-watch-window-visual\Source\mes\ingest\csharp\MesIngest.Core\MesIngest.Core.csproj : warning NU1801: 鏃犳硶鍔犺浇婧?https://api.nuget.org/v3/index.json 鐨勬湇鍔＄储寮曘€?
C:\MesIngest\fluent-refinement-01\run-20260811-102545-watch-window-visual\Source\mes\ingest\csharp\MesIngest.Core\MesIngest.Core.csproj : warning NU1801: 鏃犳硶鍔犺浇婧?https://api.nuget.org/v3/index.json 鐨勬湇鍔＄储寮曘€?
C:\MesIngest\fluent-refinement-01\run-20260811-102545-watch-window-visual\Source\mes\ingest\csharp\MesIngest.Core\MesIngest.Core.csproj : warning NU1603: Azure.Identity 1.11.4 渚濊禆浜?System.Memory (>= 4.5.4)锛屼絾鎵句笉鍒?System.Memory 4.5.4銆?宸茶В鍐?System.Memory 4.6.0 鐨勮繎浼兼渶浣冲尮閰嶃€?
C:\MesIngest\fluent-refinement-01\run-20260811-102545-watch-window-visual\Source\mes\ingest\csharp\MesIngest.Core\MesIngest.Core.csproj : warning NU1603: Azure.Identity 1.11.4 渚濊禆浜?System.Security.Cryptography.ProtectedData (>= 4.7.0)锛屼絾鎵句笉鍒?System.Security.Cryptography.ProtectedData 4.7.0銆?宸茶В鍐?System.Security.Cryptography.ProtectedData 8.0.0 鐨勮繎浼兼渶浣冲尮閰嶃€?
C:\MesIngest\fluent-refinement-01\run-20260811-102545-watch-window-visual\Source\mes\ingest\csharp\MesIngest.Watch\MesIngest.Watch.csproj : warning NU1801: 鏃犳硶鍔犺浇婧?https://api.nuget.org/v3/index.json 鐨勬湇鍔＄储寮曘€?
C:\MesIngest\fluent-refinement-01\run-20260811-102545-watch-window-visual\Source\mes\ingest\csharp\MesIngest.Watch\MesIngest.Watch.csproj : warning NU1801: 鏃犳硶鍔犺浇婧?https://api.nuget.org/v3/index.json 鐨勬湇鍔＄储寮曘€?
C:\MesIngest\fluent-refinement-01\run-20260811-102545-watch-window-visual\Source\mes\ingest\csharp\MesIngest.Watch\MesIngest.Watch.csproj : warning NU1603: Azure.Identity 1.11.4 渚濊禆浜?System.Memory (>= 4.5.4)锛屼絾鎵句笉鍒?System.Memory 4.5.4銆?宸茶В鍐?System.Memory 4.6.0 鐨勮繎浼兼渶浣冲尮閰嶃€?
C:\MesIngest\fluent-refinement-01\run-20260811-102545-watch-window-visual\Source\mes\ingest\csharp\MesIngest.Watch\MesIngest.Watch.csproj : warning NU1603: Azure.Identity 1.11.4 渚濊禆浜?System.Security.Cryptography.ProtectedData (>= 4.7.0)锛屼絾鎵句笉鍒?System.Security.Cryptography.ProtectedData 4.7.0銆?宸茶В鍐?System.Security.Cryptography.ProtectedData 8.0.0 鐨勮繎浼兼渶浣冲尮閰嶃€?
xUnit.net v3 In-Process Runner v3.2.2+728c1dce01 (64-bit .NET 8.0.29)
  Discovering: MesIngest.Watch.UiTests
  Discovered:  MesIngest.Watch.UiTests
  Starting:    MesIngest.Watch.UiTests
    MesIngest.Watch.UiTests.WatchWindowJourneyTests.Operator_completes_high_value_real_window_journey(journeyName: "cold-start-overview") [FAIL]
      Window baseline mismatch for cold-start-overview. See C:\MesIngest\fluent-refinement-01\run-20260811-102545-watch-window-visual\Source\mes\ingest\csharp\TestResults\watch-ui\20260811-102555-177\cold-start-overview.
      Stack Trace:
        MesIngest.Watch.UiTests\WatchWindowBaseline.cs(48,0): at MesIngest.Watch.UiTests.WatchWindowBaseline.Verify(String baselineName, Byte[] actual, WatchJourneyEvidence evidence)
        MesIngest.Watch.UiTests\WatchWindowJourneyTests.cs(153,0): at MesIngest.Watch.UiTests.WatchWindowJourneyTests.RunJourneyAsync(String journeyName)
        MesIngest.Watch.UiTests\WatchWindowJourneyTests.cs(223,0): at MesIngest.Watch.UiTests.WatchWindowJourneyTests.RunJourneyAsync(String journeyName)
        MesIngest.Watch.UiTests\WatchWindowJourneyTests.cs(223,0): at MesIngest.Watch.UiTests.WatchWindowJourneyTests.RunJourneyAsync(String journeyName)
        MesIngest.Watch.UiTests\WatchWindowJourneyTests.cs(29,0): at MesIngest.Watch.UiTests.WatchWindowJourneyTests.Operator_completes_high_value_real_window_journey(String journeyName)
        --- End of stack trace from previous location ---
    MesIngest.Watch.UiTests.WatchWindowJourneyTests.Operator_completes_high_value_real_window_journey(journeyName: "visible-gone-paging-details") [FAIL]
      Window baseline mismatch for visible-gone-paging-details. See C:\MesIngest\fluent-refinement-01\run-20260811-102545-watch-window-visual\Source\mes\ingest\csharp\TestResults\watch-ui\20260811-102555-177\visible-gone-paging-details.
      Stack Trace:
        MesIngest.Watch.UiTests\WatchWindowBaseline.cs(48,0): at MesIngest.Watch.UiTests.WatchWindowBaseline.Verify(String baselineName, Byte[] actual, WatchJourneyEvidence evidence)
        MesIngest.Watch.UiTests\WatchWindowJourneyTests.cs(153,0): at MesIngest.Watch.UiTests.WatchWindowJourneyTests.RunJourneyAsync(String journeyName)
        MesIngest.Watch.UiTests\WatchWindowJourneyTests.cs(223,0): at MesIngest.Watch.UiTests.WatchWindowJourneyTests.RunJourneyAsync(String journeyName)
        MesIngest.Watch.UiTests\WatchWindowJourneyTests.cs(223,0): at MesIngest.Watch.UiTests.WatchWindowJourneyTests.RunJourneyAsync(String journeyName)
        MesIngest.Watch.UiTests\WatchWindowJourneyTests.cs(29,0): at MesIngest.Watch.UiTests.WatchWindowJourneyTests.Operator_completes_high_value_real_window_journey(String journeyName)
        --- End of stack trace from previous location ---
    MesIngest.Watch.UiTests.WatchWindowJourneyTests.Operator_completes_high_value_real_window_journey(journeyName: "alert-to-demand") [FAIL]
      Window baseline mismatch for alert-to-demand. See C:\MesIngest\fluent-refinement-01\run-20260811-102545-watch-window-visual\Source\mes\ingest\csharp\TestResults\watch-ui\20260811-102555-177\alert-to-demand.
      Stack Trace:
        MesIngest.Watch.UiTests\WatchWindowBaseline.cs(48,0): at MesIngest.Watch.UiTests.WatchWindowBaseline.Verify(String baselineName, Byte[] actual, WatchJourneyEvidence evidence)
        MesIngest.Watch.UiTests\WatchWindowJourneyTests.cs(153,0): at MesIngest.Watch.UiTests.WatchWindowJourneyTests.RunJourneyAsync(String journeyName)
        MesIngest.Watch.UiTests\WatchWindowJourneyTests.cs(223,0): at MesIngest.Watch.UiTests.WatchWindowJourneyTests.RunJourneyAsync(String journeyName)
        MesIngest.Watch.UiTests\WatchWindowJourneyTests.cs(223,0): at MesIngest.Watch.UiTests.WatchWindowJourneyTests.RunJourneyAsync(String journeyName)
        MesIngest.Watch.UiTests\WatchWindowJourneyTests.cs(29,0): at MesIngest.Watch.UiTests.WatchWindowJourneyTests.Operator_completes_high_value_real_window_journey(String journeyName)
        --- End of stack trace from previous location ---
    MesIngest.Watch.UiTests.WatchWindowJourneyTests.Operator_completes_high_value_real_window_journey(journeyName: "slow-request-cancel") [FAIL]
      Window baseline mismatch for slow-request-cancel. See C:\MesIngest\fluent-refinement-01\run-20260811-102545-watch-window-visual\Source\mes\ingest\csharp\TestResults\watch-ui\20260811-102555-177\slow-request-cancel.
      Stack Trace:
        MesIngest.Watch.UiTests\WatchWindowBaseline.cs(48,0): at MesIngest.Watch.UiTests.WatchWindowBaseline.Verify(String baselineName, Byte[] actual, WatchJourneyEvidence evidence)
        MesIngest.Watch.UiTests\WatchWindowJourneyTests.cs(153,0): at MesIngest.Watch.UiTests.WatchWindowJourneyTests.RunJourneyAsync(String journeyName)
        MesIngest.Watch.UiTests\WatchWindowJourneyTests.cs(223,0): at MesIngest.Watch.UiTests.WatchWindowJourneyTests.RunJourneyAsync(String journeyName)
        MesIngest.Watch.UiTests\WatchWindowJourneyTests.cs(223,0): at MesIngest.Watch.UiTests.WatchWindowJourneyTests.RunJourneyAsync(String journeyName)
        MesIngest.Watch.UiTests\WatchWindowJourneyTests.cs(29,0): at MesIngest.Watch.UiTests.WatchWindowJourneyTests.Operator_completes_high_value_real_window_journey(String journeyName)
        --- End of stack trace from previous location ---
    MesIngest.Watch.UiTests.WatchWindowJourneyTests.Operator_completes_high_value_real_window_journey(journeyName: "offline-reconnect") [FAIL]
      Window baseline mismatch for offline-reconnect. See C:\MesIngest\fluent-refinement-01\run-20260811-102545-watch-window-visual\Source\mes\ingest\csharp\TestResults\watch-ui\20260811-102555-177\offline-reconnect.
      Stack Trace:
        MesIngest.Watch.UiTests\WatchWindowBaseline.cs(48,0): at MesIngest.Watch.UiTests.WatchWindowBaseline.Verify(String baselineName, Byte[] actual, WatchJourneyEvidence evidence)
        MesIngest.Watch.UiTests\WatchWindowJourneyTests.cs(153,0): at MesIngest.Watch.UiTests.WatchWindowJourneyTests.RunJourneyAsync(String journeyName)
        MesIngest.Watch.UiTests\WatchWindowJourneyTests.cs(223,0): at MesIngest.Watch.UiTests.WatchWindowJourneyTests.RunJourneyAsync(String journeyName)
        MesIngest.Watch.UiTests\WatchWindowJourneyTests.cs(223,0): at MesIngest.Watch.UiTests.WatchWindowJourneyTests.RunJourneyAsync(String journeyName)
        MesIngest.Watch.UiTests\WatchWindowJourneyTests.cs(29,0): at MesIngest.Watch.UiTests.WatchWindowJourneyTests.Operator_completes_high_value_real_window_journey(String journeyName)
        --- End of stack trace from previous location ---
  Finished:    MesIngest.Watch.UiTests (ID = 'e18b285d3c6afea9fa501e3ac00f0ef1a63d3a57a71da10cddfc225ee5fc75e0')
=== TEST EXECUTION SUMMARY ===
   MesIngest.Watch.UiTests  Total: 5, Errors: 0, Failed: 5, Skipped: 0, Not Run: 0, Time: 33.531s
