recordedAt=2026-08-10T02:17:39.3427486+00:00 correlationId=0ae4bfd392f54c0e9e461fa1c8c2821a component=Watch stage=HTTP_OK elapsedMs=65 endpoint=/api/contract statusCode=200 rowCount=1 bytes=59
recordedAt=2026-08-10T02:17:39.3877402+00:00 correlationId=0d68d7e6d95347ecb1acb7057a0fd17c component=Watch stage=HTTP_OK elapsedMs=30 endpoint=/api/poll-health statusCode=200 rowCount=1 bytes=210
recordedAt=2026-08-10T02:17:39.4223200+00:00 correlationId=2b171b6c17f6402787b4c9a845d18149 component=Watch stage=HTTP_OK elapsedMs=1 endpoint=/api/poll-health statusCode=200 rowCount=1 bytes=210
recordedAt=2026-08-10T02:17:39.4433582+00:00 correlationId=53d3edf0bbc347a995d1deaf305a05ff component=Watch stage=HTTP_OK elapsedMs=17 endpoint=/api/alerts statusCode=200 rowCount=0 bytes=46
recordedAt=2026-08-10T02:17:39.4443099+00:00 correlationId=20bc280a078949709a0672bfc29ee785 component=Watch stage=HTTP_OK elapsedMs=10 endpoint=/api/demands statusCode=200 rowCount=1 bytes=436
recordedAt=2026-08-10T02:17:44.9304455+00:00 correlationId=f50887a594e049469cfc290102b0cbba component=Watch stage=HTTP_STATUS elapsedMs=16 endpoint=/api/alerts statusCode=503 rowCount=0 bytes=29 detail={"error":"fake Host offline"}
recordedAt=2026-08-10T02:17:44.9304478+00:00 correlationId=1f7a2749ca1c4402a0b852e6415ee2a4 component=Watch stage=HTTP_STATUS elapsedMs=16 endpoint=/api/demands rowCount=0 bytes=0 detail=Response status code does not indicate success: 503 (Service Unavailable). Host response: {"error":"fake Host offline"}
recordedAt=2026-08-10T02:17:44.9304772+00:00 correlationId=731a186a0c5b4958927471e519bef8a3 component=Watch stage=HTTP_STATUS elapsedMs=3 endpoint=/api/poll-health rowCount=0 bytes=0 detail=Response status code does not indicate success: 503 (Service Unavailable).
recordedAt=2026-08-10T02:17:45.1889275+00:00 correlationId=0dcccd27327d410f90b1180d24ebd47e component=Watch stage=HTTP_OK elapsedMs=1 endpoint=/api/poll-health statusCode=200 rowCount=1 bytes=210
recordedAt=2026-08-10T02:17:45.1889592+00:00 correlationId=1fb42c8694b84b2f85c71721d6df248e component=Watch stage=HTTP_OK elapsedMs=0 endpoint=/api/demands statusCode=200 rowCount=1 bytes=436
recordedAt=2026-08-10T02:17:45.1891675+00:00 correlationId=26489a712dcf44ce942b860b4df6584c component=Watch stage=HTTP_OK elapsedMs=1 endpoint=/api/alerts statusCode=200 rowCount=0 bytes=46
recordedAt=2026-08-10T02:18:16.4888713+00:00 correlationId=cd5df92ce4324c4fa9e6458e28dfb822 component=Watch stage=HTTP_OK elapsedMs=68 endpoint=/api/contract statusCode=200 rowCount=1 bytes=59
recordedAt=2026-08-10T02:18:16.5332447+00:00 correlationId=ec79f85a526349aabd55ca3b1f1a6710 component=Watch stage=HTTP_OK elapsedMs=40 endpoint=/api/poll-health statusCode=200 rowCount=1 bytes=210
recordedAt=2026-08-10T02:18:16.5588550+00:00 correlationId=a39fd266a5f74bdd8a4e08e6797d054b component=Watch stage=HTTP_OK elapsedMs=2 endpoint=/api/poll-health statusCode=200 rowCount=1 bytes=210
recordedAt=2026-08-10T02:18:16.5779413+00:00 correlationId=75b005b5175d4bd99dee70bc8c9af45a component=Watch stage=HTTP_OK elapsedMs=11 endpoint=/api/alerts statusCode=200 rowCount=0 bytes=46
recordedAt=2026-08-10T02:18:16.5829070+00:00 correlationId=2acc76d930e149129d88800b7c16394d component=Watch stage=HTTP_OK elapsedMs=11 endpoint=/api/demands statusCode=200 rowCount=1 bytes=436
recordedAt=2026-08-10T02:18:17.5760386+00:00 correlationId=ce6b35ab6da34f98a14f422454d294ef component=Watch stage=HTTP_STATUS elapsedMs=3 endpoint=/api/alerts statusCode=503 rowCount=0 bytes=29 detail={"error":"fake Host offline"}
recordedAt=2026-08-10T02:18:17.5761077+00:00 correlationId=37c81bf3533b43e8b0d7756e43b869ba component=Watch stage=HTTP_STATUS elapsedMs=3 endpoint=/api/demands rowCount=0 bytes=0 detail=Response status code does not indicate success: 503 (Service Unavailable). Host response: {"error":"fake Host offline"}
recordedAt=2026-08-10T02:18:17.5760377+00:00 correlationId=6ad9a0a0a6ba4503938be964e94b853f component=Watch stage=HTTP_STATUS elapsedMs=3 endpoint=/api/poll-health rowCount=0 bytes=0 detail=Response status code does not indicate success: 503 (Service Unavailable).
recordedAt=2026-08-10T02:18:17.8936848+00:00 correlationId=91eccbc967cc44fbac22516a70340eaf component=Watch stage=HTTP_OK elapsedMs=0 endpoint=/api/poll-health statusCode=200 rowCount=1 bytes=210
recordedAt=2026-08-10T02:18:17.8937913+00:00 correlationId=ddf4c1dfb6384beda7e643711bdcedba component=Watch stage=HTTP_OK elapsedMs=0 endpoint=/api/alerts statusCode=200 rowCount=0 bytes=46
recordedAt=2026-08-10T02:18:17.8938317+00:00 correlationId=dfa83503bccf4cb4bb872723dcbe1488 component=Watch stage=HTTP_OK elapsedMs=0 endpoint=/api/demands statusCode=200 rowCount=1 bytes=436
