recordedAt=2026-08-10T02:55:42.4786749+00:00 correlationId=ca813137704a46c8bf6ad555a85ac683 component=Watch stage=HTTP_OK elapsedMs=76 endpoint=/api/contract statusCode=200 rowCount=1 bytes=59
recordedAt=2026-08-10T02:55:42.5240733+00:00 correlationId=ffae4da5cf58452f99cef0a05650d7a2 component=Watch stage=HTTP_OK elapsedMs=39 endpoint=/api/poll-health statusCode=200 rowCount=1 bytes=210
recordedAt=2026-08-10T02:55:42.5548777+00:00 correlationId=c0972b531dcd44d5bf947b3464c5593f component=Watch stage=HTTP_OK elapsedMs=1 endpoint=/api/poll-health statusCode=200 rowCount=1 bytes=210
recordedAt=2026-08-10T02:55:42.5827134+00:00 correlationId=86ea47ced76b44b2b87ef1a9ee999bfe component=Watch stage=HTTP_OK elapsedMs=18 endpoint=/api/demands statusCode=200 rowCount=1 bytes=436
recordedAt=2026-08-10T02:55:42.5853804+00:00 correlationId=e2107eecd57649d2bb70d5bb542d05e3 component=Watch stage=HTTP_OK elapsedMs=25 endpoint=/api/alerts statusCode=200 rowCount=1 bytes=519
recordedAt=2026-08-10T02:55:47.6705581+00:00 correlationId=574121ffcf8544e19cc3665c9da7a381 component=Watch stage=HTTP_OK elapsedMs=1 endpoint=/api/alerts statusCode=200 rowCount=1 bytes=519
recordedAt=2026-08-10T02:55:48.2709184+00:00 correlationId=4d927defa06040c88a6c222346d207aa component=Watch stage=HTTP_OK elapsedMs=2 endpoint=/api/demands/journey-visible-001 statusCode=200 rowCount=1 bytes=390
recordedAt=2026-08-10T02:55:48.4630056+00:00 correlationId=f1671ef228bb43c0815d37cda5400cfa component=Watch stage=HTTP_OK elapsedMs=3 endpoint=/api/demands/journey-visible-001 statusCode=200 rowCount=1 bytes=390
recordedAt=2026-08-10T02:55:48.6422700+00:00 correlationId=16047db4c5184885a2c55022b6216e80 component=Watch stage=HTTP_OK elapsedMs=1 endpoint=/api/demands/journey-visible-001 statusCode=200 rowCount=1 bytes=390
recordedAt=2026-08-10T02:55:48.6466390+00:00 correlationId=9e3ee53b7dd44b38b93aa4249732c6a6 component=Watch stage=HTTP_OK elapsedMs=1 endpoint=/api/demands statusCode=200 rowCount=1 bytes=436
recordedAt=2026-08-10T02:55:48.6838969+00:00 correlationId=4175b79cffca4c9387a065fa0ebb3d10 component=Watch stage=HTTP_OK elapsedMs=1 endpoint=/api/demands/journey-visible-001 statusCode=200 rowCount=1 bytes=390
recordedAt=2026-08-10T02:55:49.4861235+00:00 correlationId=72c73088d93a4c22bf71213419e80fa6 component=Watch stage=HTTP_OK elapsedMs=1 endpoint=/api/demands/journey-visible-001 statusCode=200 rowCount=1 bytes=390
recordedAt=2026-08-10T02:56:29.9481464+00:00 correlationId=e731f0286f784977934841a199395cf8 component=Watch stage=HTTP_OK elapsedMs=65 endpoint=/api/contract statusCode=200 rowCount=1 bytes=59
recordedAt=2026-08-10T02:56:29.9826717+00:00 correlationId=df08db80296945088b48d68850c6e61a component=Watch stage=HTTP_OK elapsedMs=30 endpoint=/api/poll-health statusCode=200 rowCount=1 bytes=210
recordedAt=2026-08-10T02:56:30.0008723+00:00 correlationId=c9db1ff9abe44200840277630ac504f9 component=Watch stage=HTTP_OK elapsedMs=1 endpoint=/api/poll-health statusCode=200 rowCount=1 bytes=210
recordedAt=2026-08-10T02:56:30.0182913+00:00 correlationId=b895a36960a14bea9505da0b4ea30461 component=Watch stage=HTTP_OK elapsedMs=13 endpoint=/api/alerts statusCode=200 rowCount=1 bytes=519
recordedAt=2026-08-10T02:56:30.0184071+00:00 correlationId=48b20488f2f44c9cb3b5ebc856c4e290 component=Watch stage=HTTP_OK elapsedMs=9 endpoint=/api/demands statusCode=200 rowCount=1 bytes=436
recordedAt=2026-08-10T02:56:30.6011261+00:00 correlationId=b976e536718842f7ac783253fafec788 component=Watch stage=HTTP_OK elapsedMs=1 endpoint=/api/alerts statusCode=200 rowCount=1 bytes=519
recordedAt=2026-08-10T02:56:31.2544799+00:00 correlationId=b1138bef86ca4977b8b46bd136dde063 component=Watch stage=HTTP_OK elapsedMs=2 endpoint=/api/demands/journey-visible-001 statusCode=200 rowCount=1 bytes=390
recordedAt=2026-08-10T02:56:31.5539917+00:00 correlationId=f59469f6b94f488f820309a0831e4f48 component=Watch stage=HTTP_OK elapsedMs=1 endpoint=/api/demands/journey-visible-001 statusCode=200 rowCount=1 bytes=390
recordedAt=2026-08-10T02:56:31.5614025+00:00 correlationId=b5702ceb5e4e430fb6ab75e84a3818c0 component=Watch stage=HTTP_OK elapsedMs=1 endpoint=/api/demands statusCode=200 rowCount=1 bytes=436
recordedAt=2026-08-10T02:56:31.6069527+00:00 correlationId=d80b86ba96e74e3da319ecd18b961e26 component=Watch stage=HTTP_OK elapsedMs=1 endpoint=/api/demands/journey-visible-001 statusCode=200 rowCount=1 bytes=390
recordedAt=2026-08-10T02:56:31.9058262+00:00 correlationId=f51b064b4f8a446cb10a00017708d33d component=Watch stage=HTTP_OK elapsedMs=1 endpoint=/api/demands/journey-visible-001 statusCode=200 rowCount=1 bytes=390
