recordedAt=2026-08-10T03:50:13.0057033+00:00 correlationId=b3ebbff323ca43179f8b50cbd6602e4b component=Watch stage=HTTP_OK elapsedMs=70 endpoint=/api/contract statusCode=200 rowCount=1 bytes=59
recordedAt=2026-08-10T03:50:13.0534025+00:00 correlationId=8d4295058e3b4c20b6dbdf809fb98ca6 component=Watch stage=HTTP_OK elapsedMs=42 endpoint=/api/poll-health statusCode=200 rowCount=1 bytes=210
recordedAt=2026-08-10T03:50:13.0902625+00:00 correlationId=c5cb6a98c2c34ea8857f0a79d0d56742 component=Watch stage=HTTP_OK elapsedMs=1 endpoint=/api/poll-health statusCode=200 rowCount=1 bytes=210
recordedAt=2026-08-10T03:50:13.1139412+00:00 correlationId=e8dd65a9d8cb4c1db6562d6e6bb61521 component=Watch stage=HTTP_OK elapsedMs=14 endpoint=/api/demands statusCode=200 rowCount=1 bytes=436
recordedAt=2026-08-10T03:50:13.1139412+00:00 correlationId=71d13db1d99846d487db1a0ce2fdee75 component=Watch stage=HTTP_OK elapsedMs=18 endpoint=/api/alerts statusCode=200 rowCount=1 bytes=519
recordedAt=2026-08-10T03:50:18.2623845+00:00 correlationId=027e5bf0e4014ffe9d6dd310eb9eccbf component=Watch stage=HTTP_OK elapsedMs=1 endpoint=/api/alerts statusCode=200 rowCount=1 bytes=519
recordedAt=2026-08-10T03:50:18.8874977+00:00 correlationId=25bf9a13dcc644e6be83cbaf08ff4619 component=Watch stage=HTTP_OK elapsedMs=3 endpoint=/api/demands/journey-visible-001 statusCode=200 rowCount=1 bytes=390
recordedAt=2026-08-10T03:50:19.0940993+00:00 correlationId=96d27b15c576452ea4be429ba78037d1 component=Watch stage=HTTP_OK elapsedMs=2 endpoint=/api/demands/journey-visible-001 statusCode=200 rowCount=1 bytes=390
recordedAt=2026-08-10T03:50:19.2873119+00:00 correlationId=816d570b2e64445495b92117dc72e5ee component=Watch stage=HTTP_OK elapsedMs=1 endpoint=/api/demands/journey-visible-001 statusCode=200 rowCount=1 bytes=390
recordedAt=2026-08-10T03:50:19.2926745+00:00 correlationId=7e2d2702ebb14716a72dc60525f1f25e component=Watch stage=HTTP_OK elapsedMs=1 endpoint=/api/demands statusCode=200 rowCount=1 bytes=436
recordedAt=2026-08-10T03:50:19.3288837+00:00 correlationId=a1c88d0d05044131b52d611d8553b3d7 component=Watch stage=HTTP_OK elapsedMs=1 endpoint=/api/demands/journey-visible-001 statusCode=200 rowCount=1 bytes=390
recordedAt=2026-08-10T03:50:20.1219558+00:00 correlationId=49187ca9a2fb42f78140610b47ebd911 component=Watch stage=HTTP_OK elapsedMs=1 endpoint=/api/demands/journey-visible-001 statusCode=200 rowCount=1 bytes=390
recordedAt=2026-08-10T03:51:01.0398802+00:00 correlationId=d608c650f9c749de844c7a7e2c2a89db component=Watch stage=HTTP_OK elapsedMs=67 endpoint=/api/contract statusCode=200 rowCount=1 bytes=59
recordedAt=2026-08-10T03:51:01.0920757+00:00 correlationId=7336e41952804a18ae5c64737622ac68 component=Watch stage=HTTP_OK elapsedMs=44 endpoint=/api/poll-health statusCode=200 rowCount=1 bytes=210
recordedAt=2026-08-10T03:51:01.1399882+00:00 correlationId=a1ca6b2a27064d9fa2f344c9801ce784 component=Watch stage=HTTP_OK elapsedMs=1 endpoint=/api/poll-health statusCode=200 rowCount=1 bytes=210
recordedAt=2026-08-10T03:51:01.1655499+00:00 correlationId=4ca7e5dd7cd241ccaf56bb552c3f28fc component=Watch stage=HTTP_OK elapsedMs=15 endpoint=/api/demands statusCode=200 rowCount=1 bytes=436
recordedAt=2026-08-10T03:51:01.1655546+00:00 correlationId=a8bb8664d56e41a780a3adce0624ef66 component=Watch stage=HTTP_OK elapsedMs=20 endpoint=/api/alerts statusCode=200 rowCount=1 bytes=519
recordedAt=2026-08-10T03:51:01.6727284+00:00 correlationId=7118fcf9550f4eebb46367090260b53b component=Watch stage=HTTP_OK elapsedMs=1 endpoint=/api/alerts statusCode=200 rowCount=1 bytes=519
recordedAt=2026-08-10T03:51:02.3420661+00:00 correlationId=256ab087729a44098230fdb4a36a1e71 component=Watch stage=HTTP_OK elapsedMs=3 endpoint=/api/demands/journey-visible-001 statusCode=200 rowCount=1 bytes=390
recordedAt=2026-08-10T03:51:02.6050443+00:00 correlationId=6b9e2c9087bc48238eeb1d2028b0976d component=Watch stage=HTTP_OK elapsedMs=1 endpoint=/api/demands/journey-visible-001 statusCode=200 rowCount=1 bytes=390
recordedAt=2026-08-10T03:51:02.6121402+00:00 correlationId=0ecd3155bfbc4a5fad248a1b75e1bebe component=Watch stage=HTTP_OK elapsedMs=2 endpoint=/api/demands statusCode=200 rowCount=1 bytes=436
recordedAt=2026-08-10T03:51:02.6617468+00:00 correlationId=19f12f58b16a4cd095de9f29a257d64d component=Watch stage=HTTP_OK elapsedMs=4 endpoint=/api/demands/journey-visible-001 statusCode=200 rowCount=1 bytes=390
recordedAt=2026-08-10T03:51:02.9968366+00:00 correlationId=f6b13941f33a4fcb95656065d7a7b454 component=Watch stage=HTTP_OK elapsedMs=1 endpoint=/api/demands/journey-visible-001 statusCode=200 rowCount=1 bytes=390
