recordedAt=2026-08-10T02:43:14.6130875+00:00 correlationId=0b4dbb7071fb4aac96f416e7be015685 component=Watch stage=HTTP_OK elapsedMs=90 endpoint=/api/contract statusCode=200 rowCount=1 bytes=59
recordedAt=2026-08-10T02:43:14.6742159+00:00 correlationId=6b99947e45a24307bf454a6fd5fb6854 component=Watch stage=HTTP_OK elapsedMs=53 endpoint=/api/poll-health statusCode=200 rowCount=1 bytes=210
recordedAt=2026-08-10T02:43:14.7180675+00:00 correlationId=fa489a262aae46d499aca06756ebdff3 component=Watch stage=HTTP_OK elapsedMs=4 endpoint=/api/poll-health statusCode=200 rowCount=1 bytes=210
recordedAt=2026-08-10T02:43:14.7390315+00:00 correlationId=1ae2f627ce25488ea09a22ad513cbb62 component=Watch stage=HTTP_OK elapsedMs=16 endpoint=/api/alerts statusCode=200 rowCount=0 bytes=46
recordedAt=2026-08-10T02:43:14.7409107+00:00 correlationId=e881202af02d446e992732597b88b5ce component=Watch stage=HTTP_OK elapsedMs=11 endpoint=/api/demands statusCode=200 rowCount=1 bytes=436
recordedAt=2026-08-10T02:43:20.1362603+00:00 correlationId=895b90d3139140e0acc4a901e115deb6 component=Watch stage=HTTP_STATUS elapsedMs=3 endpoint=/api/alerts statusCode=503 rowCount=0 bytes=29 detail={"error":"fake Host offline"}
recordedAt=2026-08-10T02:43:20.1362640+00:00 correlationId=e61e4c7e0938463bac17cbff05ef2c31 component=Watch stage=HTTP_STATUS elapsedMs=3 endpoint=/api/demands rowCount=0 bytes=0 detail=Response status code does not indicate success: 503 (Service Unavailable). Host response: {"error":"fake Host offline"}
recordedAt=2026-08-10T02:43:20.1362878+00:00 correlationId=017425f323bb4322a744bf0175529bbc component=Watch stage=HTTP_STATUS elapsedMs=3 endpoint=/api/poll-health rowCount=0 bytes=0 detail=Response status code does not indicate success: 503 (Service Unavailable).
recordedAt=2026-08-10T02:43:20.4698880+00:00 correlationId=8a93359c345a48f6833bb57b5035d7e1 component=Watch stage=HTTP_OK elapsedMs=1 endpoint=/api/poll-health statusCode=200 rowCount=1 bytes=210
recordedAt=2026-08-10T02:43:20.4701362+00:00 correlationId=226769e7d2364f2baa022bbd900ed90d component=Watch stage=HTTP_OK elapsedMs=0 endpoint=/api/demands statusCode=200 rowCount=1 bytes=436
recordedAt=2026-08-10T02:43:20.4701679+00:00 correlationId=a0b9682a14c14b07b5c57d31be9a5ed3 component=Watch stage=HTTP_OK elapsedMs=1 endpoint=/api/alerts statusCode=200 rowCount=0 bytes=46
recordedAt=2026-08-10T02:43:56.7941427+00:00 correlationId=66cd24c0a2484bef9b956d355b9bf941 component=Watch stage=HTTP_OK elapsedMs=71 endpoint=/api/contract statusCode=200 rowCount=1 bytes=59
recordedAt=2026-08-10T02:43:56.8347941+00:00 correlationId=e9d25e9985bb485eb590a576c2e82cbd component=Watch stage=HTTP_OK elapsedMs=32 endpoint=/api/poll-health statusCode=200 rowCount=1 bytes=210
recordedAt=2026-08-10T02:43:56.8712084+00:00 correlationId=456274cf7bce42cc8b49b5996b212b31 component=Watch stage=HTTP_OK elapsedMs=1 endpoint=/api/poll-health statusCode=200 rowCount=1 bytes=210
recordedAt=2026-08-10T02:43:56.8987969+00:00 correlationId=3fca67862daa4165a75e2bc79c05b18c component=Watch stage=HTTP_OK elapsedMs=22 endpoint=/api/alerts statusCode=200 rowCount=0 bytes=46
recordedAt=2026-08-10T02:43:56.9016250+00:00 correlationId=55604d76a7ea4bd8884c4bd878dfd2e4 component=Watch stage=HTTP_OK elapsedMs=13 endpoint=/api/demands statusCode=200 rowCount=1 bytes=436
recordedAt=2026-08-10T02:43:57.9542423+00:00 correlationId=dc27b8c87f6f4346b899ea02a3abe56d component=Watch stage=HTTP_STATUS elapsedMs=18 endpoint=/api/poll-health rowCount=0 bytes=0 detail=Response status code does not indicate success: 503 (Service Unavailable).
recordedAt=2026-08-10T02:43:57.9542340+00:00 correlationId=1595f8ee14a14069beeab3a3fe52f2e1 component=Watch stage=HTTP_STATUS elapsedMs=18 endpoint=/api/demands rowCount=0 bytes=0 detail=Response status code does not indicate success: 503 (Service Unavailable). Host response: {"error":"fake Host offline"}
recordedAt=2026-08-10T02:43:57.9542340+00:00 correlationId=bc500c17f24d442abe521335fba67a24 component=Watch stage=HTTP_STATUS elapsedMs=14 endpoint=/api/alerts statusCode=503 rowCount=0 bytes=29 detail={"error":"fake Host offline"}
recordedAt=2026-08-10T02:43:58.2967208+00:00 correlationId=fdee9d56b1584ba088bc3c40d9d26b36 component=Watch stage=HTTP_OK elapsedMs=1 endpoint=/api/poll-health statusCode=200 rowCount=1 bytes=210
recordedAt=2026-08-10T02:43:58.2968046+00:00 correlationId=b9f0d1a843384407a364822f10afa645 component=Watch stage=HTTP_OK elapsedMs=0 endpoint=/api/alerts statusCode=200 rowCount=0 bytes=46
recordedAt=2026-08-10T02:43:58.2969095+00:00 correlationId=e32df75837d04bd9b939ac5adb955507 component=Watch stage=HTTP_OK elapsedMs=0 endpoint=/api/demands statusCode=200 rowCount=1 bytes=436
