recordedAt=2026-08-10T04:03:25.9384396+00:00 correlationId=bc1ef4c2794e4530bfb1ddd3acd544c1 component=Watch stage=HTTP_OK elapsedMs=79 endpoint=/api/contract statusCode=200 rowCount=1 bytes=59
recordedAt=2026-08-10T04:03:25.9723215+00:00 correlationId=c51ceebc93da4e8a936b1996a1321ef7 component=Watch stage=HTTP_OK elapsedMs=29 endpoint=/api/poll-health statusCode=200 rowCount=1 bytes=210
recordedAt=2026-08-10T04:03:26.0111866+00:00 correlationId=a9d5f3f9c2d84e7787bce8f515e812f2 component=Watch stage=HTTP_OK elapsedMs=1 endpoint=/api/poll-health statusCode=200 rowCount=1 bytes=210
recordedAt=2026-08-10T04:03:26.0310631+00:00 correlationId=a20f450492e347bdb11fdd97526fa747 component=Watch stage=HTTP_OK elapsedMs=16 endpoint=/api/alerts statusCode=200 rowCount=0 bytes=46
recordedAt=2026-08-10T04:03:26.0322699+00:00 correlationId=920938d0895d445bbca743031eaccd2e component=Watch stage=HTTP_OK elapsedMs=13 endpoint=/api/demands statusCode=200 rowCount=1 bytes=436
recordedAt=2026-08-10T04:03:31.5346952+00:00 correlationId=77c4d48c39e343e4ad6b7ac8104a0937 component=Watch stage=HTTP_STATUS elapsedMs=2 endpoint=/api/alerts statusCode=503 rowCount=0 bytes=29 detail={"error":"fake Host offline"}
recordedAt=2026-08-10T04:03:31.5346927+00:00 correlationId=81f4825143f142078f1cd0673c1d11f3 component=Watch stage=HTTP_STATUS elapsedMs=2 endpoint=/api/demands rowCount=0 bytes=0 detail=Response status code does not indicate success: 503 (Service Unavailable). Host response: {"error":"fake Host offline"}
recordedAt=2026-08-10T04:03:31.5346928+00:00 correlationId=58c9e0af8e074d2cba113e75a14158c9 component=Watch stage=HTTP_STATUS elapsedMs=3 endpoint=/api/poll-health rowCount=0 bytes=0 detail=Response status code does not indicate success: 503 (Service Unavailable).
recordedAt=2026-08-10T04:03:31.8140031+00:00 correlationId=01034383b124494092f754bddc754cfd component=Watch stage=HTTP_OK elapsedMs=0 endpoint=/api/poll-health statusCode=200 rowCount=1 bytes=210
recordedAt=2026-08-10T04:03:31.8142154+00:00 correlationId=00041a4c08c94938bc3100503251f3d7 component=Watch stage=HTTP_OK elapsedMs=0 endpoint=/api/alerts statusCode=200 rowCount=0 bytes=46
recordedAt=2026-08-10T04:03:31.8143087+00:00 correlationId=19dc848ff8b64c73aab9de82a70a71ca component=Watch stage=HTTP_OK elapsedMs=0 endpoint=/api/demands statusCode=200 rowCount=1 bytes=436
recordedAt=2026-08-10T04:04:05.1012944+00:00 correlationId=08359df6c783437db45f902c2b0e75b2 component=Watch stage=HTTP_OK elapsedMs=74 endpoint=/api/contract statusCode=200 rowCount=1 bytes=59
recordedAt=2026-08-10T04:04:05.1360401+00:00 correlationId=fcab8db9506a4738baef8d794bf2eb44 component=Watch stage=HTTP_OK elapsedMs=30 endpoint=/api/poll-health statusCode=200 rowCount=1 bytes=210
recordedAt=2026-08-10T04:04:05.1820516+00:00 correlationId=e3400df6e68d4d23ac7e432fe9337c2c component=Watch stage=HTTP_OK elapsedMs=1 endpoint=/api/poll-health statusCode=200 rowCount=1 bytes=210
recordedAt=2026-08-10T04:04:05.2020753+00:00 correlationId=bb603241bec24010801e19a4cba54071 component=Watch stage=HTTP_OK elapsedMs=15 endpoint=/api/alerts statusCode=200 rowCount=0 bytes=46
recordedAt=2026-08-10T04:04:05.2038713+00:00 correlationId=7fb7cf04d72043e3b14308a6bb54e5fc component=Watch stage=HTTP_OK elapsedMs=7 endpoint=/api/demands statusCode=200 rowCount=1 bytes=436
recordedAt=2026-08-10T04:04:06.3447357+00:00 correlationId=db59125b005444a7b41f9eae356eef60 component=Watch stage=HTTP_STATUS elapsedMs=4 endpoint=/api/alerts statusCode=503 rowCount=0 bytes=29 detail={"error":"fake Host offline"}
recordedAt=2026-08-10T04:04:06.3447440+00:00 correlationId=b39cab9f4b88443a840b20d2f908449a component=Watch stage=HTTP_STATUS elapsedMs=4 endpoint=/api/demands rowCount=0 bytes=0 detail=Response status code does not indicate success: 503 (Service Unavailable). Host response: {"error":"fake Host offline"}
recordedAt=2026-08-10T04:04:06.3447389+00:00 correlationId=57f2ca75c010459ba594c476728276be component=Watch stage=HTTP_STATUS elapsedMs=4 endpoint=/api/poll-health rowCount=0 bytes=0 detail=Response status code does not indicate success: 503 (Service Unavailable).
recordedAt=2026-08-10T04:04:06.6508523+00:00 correlationId=4db53186e4f74dbb835c1171e8ccc60c component=Watch stage=HTTP_OK elapsedMs=1 endpoint=/api/poll-health statusCode=200 rowCount=1 bytes=210
recordedAt=2026-08-10T04:04:06.6509666+00:00 correlationId=74a38c9f92a14500ab346a3878522af3 component=Watch stage=HTTP_OK elapsedMs=0 endpoint=/api/alerts statusCode=200 rowCount=0 bytes=46
recordedAt=2026-08-10T04:04:06.6510063+00:00 correlationId=82e463ac7d1a4edebb43a1a6a7a57777 component=Watch stage=HTTP_OK elapsedMs=0 endpoint=/api/demands statusCode=200 rowCount=1 bytes=436
