recordedAt=2026-08-10T04:22:34.5614995+00:00 correlationId=011bb6f9fde54049b62a45a8a4f9c21f component=Watch stage=HTTP_OK elapsedMs=91 endpoint=/api/contract statusCode=200 rowCount=1 bytes=59
recordedAt=2026-08-10T04:22:34.6307804+00:00 correlationId=2c88915ea66a4a4a88377714c601d6f7 component=Watch stage=HTTP_OK elapsedMs=52 endpoint=/api/poll-health statusCode=200 rowCount=1 bytes=210
recordedAt=2026-08-10T04:22:34.6896302+00:00 correlationId=b8743d9d121a4d9e83f43eb5bffb4da9 component=Watch stage=HTTP_OK elapsedMs=6 endpoint=/api/poll-health statusCode=200 rowCount=1 bytes=210
recordedAt=2026-08-10T04:22:34.7410830+00:00 correlationId=faaed2d418cc4de3a0442b912ef8c558 component=Watch stage=HTTP_OK elapsedMs=31 endpoint=/api/demands statusCode=200 rowCount=1 bytes=436
recordedAt=2026-08-10T04:22:34.7438505+00:00 correlationId=a9881f355dab496a9e75b63336fc0fec component=Watch stage=HTTP_OK elapsedMs=49 endpoint=/api/alerts statusCode=200 rowCount=1 bytes=519
recordedAt=2026-08-10T04:22:39.8087184+00:00 correlationId=75a4f2eed14842d98375596d9b641f97 component=Watch stage=HTTP_OK elapsedMs=1 endpoint=/api/alerts statusCode=200 rowCount=1 bytes=519
recordedAt=2026-08-10T04:22:40.4406541+00:00 correlationId=089319810e9e47e18277deba1afde58c component=Watch stage=HTTP_OK elapsedMs=2 endpoint=/api/demands/journey-visible-001 statusCode=200 rowCount=1 bytes=390
recordedAt=2026-08-10T04:22:40.6823234+00:00 correlationId=b40c17c7c5874a3dbb220181bb02eccd component=Watch stage=HTTP_OK elapsedMs=1 endpoint=/api/demands/journey-visible-001 statusCode=200 rowCount=1 bytes=390
recordedAt=2026-08-10T04:22:40.8742676+00:00 correlationId=6fe4bfb0dcab40f6912cc699f53ca514 component=Watch stage=HTTP_OK elapsedMs=1 endpoint=/api/demands/journey-visible-001 statusCode=200 rowCount=1 bytes=390
recordedAt=2026-08-10T04:22:40.8795828+00:00 correlationId=bc5334506b4e4c0880beb9dd1e396b68 component=Watch stage=HTTP_OK elapsedMs=1 endpoint=/api/demands statusCode=200 rowCount=1 bytes=436
recordedAt=2026-08-10T04:22:40.9290325+00:00 correlationId=5dce91c072ce4467aba9a05248ebef56 component=Watch stage=HTTP_OK elapsedMs=3 endpoint=/api/demands/journey-visible-001 statusCode=200 rowCount=1 bytes=390
recordedAt=2026-08-10T04:22:41.6885322+00:00 correlationId=2208a4111a55490e937a5fb6934609d3 component=Watch stage=HTTP_OK elapsedMs=1 endpoint=/api/demands/journey-visible-001 statusCode=200 rowCount=1 bytes=390
recordedAt=2026-08-10T04:23:22.0673159+00:00 correlationId=f512052fc3284cb38bc85341cabdce57 component=Watch stage=HTTP_OK elapsedMs=76 endpoint=/api/contract statusCode=200 rowCount=1 bytes=59
recordedAt=2026-08-10T04:23:22.1122074+00:00 correlationId=b2f20e92f8c54cdebbc305ff70964367 component=Watch stage=HTTP_OK elapsedMs=40 endpoint=/api/poll-health statusCode=200 rowCount=1 bytes=210
recordedAt=2026-08-10T04:23:22.1416014+00:00 correlationId=f46b4be953ea4bf3b492eb2984a10d44 component=Watch stage=HTTP_OK elapsedMs=1 endpoint=/api/poll-health statusCode=200 rowCount=1 bytes=210
recordedAt=2026-08-10T04:23:22.1716301+00:00 correlationId=d22f6b7752794563bc42c2066e6983ee component=Watch stage=HTTP_OK elapsedMs=13 endpoint=/api/demands statusCode=200 rowCount=1 bytes=436
recordedAt=2026-08-10T04:23:22.1716301+00:00 correlationId=fd0100a25ec941d7b9305ca361444e6c component=Watch stage=HTTP_OK elapsedMs=18 endpoint=/api/alerts statusCode=200 rowCount=1 bytes=519
recordedAt=2026-08-10T04:23:22.7113940+00:00 correlationId=d6d1470eb2684222baecf476bb73624b component=Watch stage=HTTP_OK elapsedMs=1 endpoint=/api/alerts statusCode=200 rowCount=1 bytes=519
recordedAt=2026-08-10T04:23:23.4211315+00:00 correlationId=41999063d8d04d4f9ccafd8202b9cc6e component=Watch stage=HTTP_OK elapsedMs=2 endpoint=/api/demands/journey-visible-001 statusCode=200 rowCount=1 bytes=390
recordedAt=2026-08-10T04:23:23.7229197+00:00 correlationId=0b4301fcdf81412c82ed855eff13a5e0 component=Watch stage=HTTP_OK elapsedMs=1 endpoint=/api/demands/journey-visible-001 statusCode=200 rowCount=1 bytes=390
recordedAt=2026-08-10T04:23:23.7289080+00:00 correlationId=6d1e8a9d0e0441e4996ba2d03483aa07 component=Watch stage=HTTP_OK elapsedMs=1 endpoint=/api/demands statusCode=200 rowCount=1 bytes=436
recordedAt=2026-08-10T04:23:23.7851900+00:00 correlationId=c615f0ec8f8940ca91e120af46462fe2 component=Watch stage=HTTP_OK elapsedMs=1 endpoint=/api/demands/journey-visible-001 statusCode=200 rowCount=1 bytes=390
recordedAt=2026-08-10T04:23:24.0210031+00:00 correlationId=e91df13b6b74499fbbe7a16842f906f2 component=Watch stage=HTTP_OK elapsedMs=1 endpoint=/api/demands/journey-visible-001 statusCode=200 rowCount=1 bytes=390
