recordedAt=2026-08-10T02:33:19.5126365+00:00 correlationId=eb4df6670c404bacb75e894d68307ed4 component=Watch stage=HTTP_OK elapsedMs=68 endpoint=/api/contract statusCode=200 rowCount=1 bytes=59
recordedAt=2026-08-10T02:33:19.5550533+00:00 correlationId=347d9cadade7416c8979bc72874558fc component=Watch stage=HTTP_OK elapsedMs=35 endpoint=/api/poll-health statusCode=200 rowCount=1 bytes=210
recordedAt=2026-08-10T02:33:19.5867921+00:00 correlationId=f30cd80dd7a04410bf53dc1e73e38617 component=Watch stage=HTTP_OK elapsedMs=1 endpoint=/api/poll-health statusCode=200 rowCount=1 bytes=210
recordedAt=2026-08-10T02:33:19.6094590+00:00 correlationId=90ab7ccc659346e591cba03c19752299 component=Watch stage=HTTP_OK elapsedMs=19 endpoint=/api/alerts statusCode=200 rowCount=1 bytes=519
recordedAt=2026-08-10T02:33:19.6094591+00:00 correlationId=96393a086de641c7971ecc70f446aa12 component=Watch stage=HTTP_OK elapsedMs=15 endpoint=/api/demands statusCode=200 rowCount=1 bytes=436
recordedAt=2026-08-10T02:33:24.7666226+00:00 correlationId=148f6e0fba5d4e26a563caffc70d7f8e component=Watch stage=HTTP_OK elapsedMs=1 endpoint=/api/alerts statusCode=200 rowCount=1 bytes=519
recordedAt=2026-08-10T02:33:25.4093591+00:00 correlationId=eb42f06bd320475faeeb2f7103790c05 component=Watch stage=HTTP_OK elapsedMs=5 endpoint=/api/demands/journey-visible-001 statusCode=200 rowCount=1 bytes=390
recordedAt=2026-08-10T02:33:25.6529514+00:00 correlationId=e6a08898214646858a336eafe3a6ef85 component=Watch stage=HTTP_OK elapsedMs=1 endpoint=/api/demands/journey-visible-001 statusCode=200 rowCount=1 bytes=390
recordedAt=2026-08-10T02:33:25.8274278+00:00 correlationId=02b3b81815404d38a8d02a4ffe931cbd component=Watch stage=HTTP_OK elapsedMs=1 endpoint=/api/demands/journey-visible-001 statusCode=200 rowCount=1 bytes=390
recordedAt=2026-08-10T02:33:25.8317204+00:00 correlationId=32788d52d7674a908eeca3973611e095 component=Watch stage=HTTP_OK elapsedMs=0 endpoint=/api/demands statusCode=200 rowCount=1 bytes=436
recordedAt=2026-08-10T02:33:25.8725506+00:00 correlationId=2d1a5e4efd954224b1243c0ddca7c7de component=Watch stage=HTTP_OK elapsedMs=1 endpoint=/api/demands/journey-visible-001 statusCode=200 rowCount=1 bytes=390
recordedAt=2026-08-10T02:33:26.6823530+00:00 correlationId=cc9594fc8ec449319a436ffafa8e9c90 component=Watch stage=HTTP_OK elapsedMs=1 endpoint=/api/demands/journey-visible-001 statusCode=200 rowCount=1 bytes=390
recordedAt=2026-08-10T02:34:08.0438422+00:00 correlationId=0cfc46d788c64150baa9b83019419a78 component=Watch stage=HTTP_OK elapsedMs=67 endpoint=/api/contract statusCode=200 rowCount=1 bytes=59
recordedAt=2026-08-10T02:34:08.0878211+00:00 correlationId=3d5bda2b4b9f48a890b801f9c9371927 component=Watch stage=HTTP_OK elapsedMs=38 endpoint=/api/poll-health statusCode=200 rowCount=1 bytes=210
recordedAt=2026-08-10T02:34:08.1094033+00:00 correlationId=378d02c0dced471a9dcdee8e1e82f80c component=Watch stage=HTTP_OK elapsedMs=1 endpoint=/api/poll-health statusCode=200 rowCount=1 bytes=210
recordedAt=2026-08-10T02:34:08.1341640+00:00 correlationId=c2cba63a041749639a8bbd3074f1e112 component=Watch stage=HTTP_OK elapsedMs=15 endpoint=/api/demands statusCode=200 rowCount=1 bytes=436
recordedAt=2026-08-10T02:34:08.1341641+00:00 correlationId=cf6df3bd19294c0eabbf76176f89c272 component=Watch stage=HTTP_OK elapsedMs=20 endpoint=/api/alerts statusCode=200 rowCount=1 bytes=519
recordedAt=2026-08-10T02:34:08.6968313+00:00 correlationId=22891492aed0406f813cbe0f78100b0e component=Watch stage=HTTP_OK elapsedMs=1 endpoint=/api/alerts statusCode=200 rowCount=1 bytes=519
recordedAt=2026-08-10T02:34:09.3470802+00:00 correlationId=e8c7fa9b5a46497abf4910a807f7a84f component=Watch stage=HTTP_OK elapsedMs=3 endpoint=/api/demands/journey-visible-001 statusCode=200 rowCount=1 bytes=390
recordedAt=2026-08-10T02:34:09.6820607+00:00 correlationId=6b6f7d056fb148c48670f0f3447c26f3 component=Watch stage=HTTP_OK elapsedMs=1 endpoint=/api/demands/journey-visible-001 statusCode=200 rowCount=1 bytes=390
recordedAt=2026-08-10T02:34:09.6883182+00:00 correlationId=3afe2cf5cf734c1799802f1264df1bac component=Watch stage=HTTP_OK elapsedMs=2 endpoint=/api/demands statusCode=200 rowCount=1 bytes=436
recordedAt=2026-08-10T02:34:09.7264140+00:00 correlationId=dd3bd6ac159f46d090c186c4affcd14b component=Watch stage=HTTP_OK elapsedMs=1 endpoint=/api/demands/journey-visible-001 statusCode=200 rowCount=1 bytes=390
recordedAt=2026-08-10T02:34:09.9731705+00:00 correlationId=6394486b19034834aa767411973e1c42 component=Watch stage=HTTP_OK elapsedMs=1 endpoint=/api/demands/journey-visible-001 statusCode=200 rowCount=1 bytes=390
