recordedAt=2026-08-10T02:36:52.7865701+00:00 correlationId=4d416987606a437c82975e91c25e5a49 component=Watch stage=HTTP_OK elapsedMs=73 endpoint=/api/contract statusCode=200 rowCount=1 bytes=59
recordedAt=2026-08-10T02:36:52.8280933+00:00 correlationId=729f929346a944088af8150c112c0d34 component=Watch stage=HTTP_OK elapsedMs=36 endpoint=/api/poll-health statusCode=200 rowCount=1 bytes=210
recordedAt=2026-08-10T02:36:52.8643573+00:00 correlationId=f602600648aa457c993f5643f85b4c91 component=Watch stage=HTTP_OK elapsedMs=11 endpoint=/api/poll-health statusCode=200 rowCount=1 bytes=210
recordedAt=2026-08-10T02:36:52.8952773+00:00 correlationId=d94d9c92e7c24c3e80d0ba7bebb6bb37 component=Watch stage=HTTP_OK elapsedMs=35 endpoint=/api/alerts statusCode=200 rowCount=0 bytes=46
recordedAt=2026-08-10T02:36:52.8967259+00:00 correlationId=94665412d0cb4fa4a10e25e691e91b5f component=Watch stage=HTTP_OK elapsedMs=26 endpoint=/api/demands statusCode=200 rowCount=1 bytes=436
recordedAt=2026-08-10T02:36:58.4420620+00:00 correlationId=fc135898c191414892d4781b19bdc6ef component=Watch stage=HTTP_STATUS elapsedMs=3 endpoint=/api/alerts statusCode=503 rowCount=0 bytes=29 detail={"error":"fake Host offline"}
recordedAt=2026-08-10T02:36:58.4420624+00:00 correlationId=f9d04f4497514da3a82731e2f48f088a component=Watch stage=HTTP_STATUS elapsedMs=4 endpoint=/api/poll-health rowCount=0 bytes=0 detail=Response status code does not indicate success: 503 (Service Unavailable).
recordedAt=2026-08-10T02:36:58.4420927+00:00 correlationId=ba500670256c4c0ba1f438f5605f698d component=Watch stage=HTTP_STATUS elapsedMs=3 endpoint=/api/demands rowCount=0 bytes=0 detail=Response status code does not indicate success: 503 (Service Unavailable). Host response: {"error":"fake Host offline"}
recordedAt=2026-08-10T02:36:58.7302860+00:00 correlationId=c740c5b81072473abfadfed5bac41f36 component=Watch stage=HTTP_OK elapsedMs=1 endpoint=/api/poll-health statusCode=200 rowCount=1 bytes=210
recordedAt=2026-08-10T02:36:58.7304181+00:00 correlationId=6933171dab8a419d944b0c639f7b393d component=Watch stage=HTTP_OK elapsedMs=0 endpoint=/api/alerts statusCode=200 rowCount=0 bytes=46
recordedAt=2026-08-10T02:36:58.7304856+00:00 correlationId=78d7074edb31455d9b58c3fad724c797 component=Watch stage=HTTP_OK elapsedMs=0 endpoint=/api/demands statusCode=200 rowCount=1 bytes=436
recordedAt=2026-08-10T02:37:30.8774726+00:00 correlationId=e7fbab7b83e744269008f2e53db682c5 component=Watch stage=HTTP_OK elapsedMs=98 endpoint=/api/contract statusCode=200 rowCount=1 bytes=59
recordedAt=2026-08-10T02:37:30.9289586+00:00 correlationId=75c32879b3d24a87b04115c31aadd703 component=Watch stage=HTTP_OK elapsedMs=43 endpoint=/api/poll-health statusCode=200 rowCount=1 bytes=210
recordedAt=2026-08-10T02:37:30.9727836+00:00 correlationId=84ecf75a0c324a69aaa05608e371855e component=Watch stage=HTTP_OK elapsedMs=1 endpoint=/api/poll-health statusCode=200 rowCount=1 bytes=210
recordedAt=2026-08-10T02:37:30.9881536+00:00 correlationId=b0f5ba8b5f1f4a89a57ad3a865819485 component=Watch stage=HTTP_OK elapsedMs=12 endpoint=/api/alerts statusCode=200 rowCount=0 bytes=46
recordedAt=2026-08-10T02:37:30.9914789+00:00 correlationId=42db955cb16b4231925ad7d221c9c9ab component=Watch stage=HTTP_OK elapsedMs=10 endpoint=/api/demands statusCode=200 rowCount=1 bytes=436
recordedAt=2026-08-10T02:37:31.9435985+00:00 correlationId=760e8be6a24b4e72987143095823b901 component=Watch stage=HTTP_STATUS elapsedMs=3 endpoint=/api/poll-health rowCount=0 bytes=0 detail=Response status code does not indicate success: 503 (Service Unavailable).
recordedAt=2026-08-10T02:37:31.9436117+00:00 correlationId=73fb3037597d4cc696f08b14831bc4f6 component=Watch stage=HTTP_STATUS elapsedMs=3 endpoint=/api/alerts statusCode=503 rowCount=0 bytes=29 detail={"error":"fake Host offline"}
recordedAt=2026-08-10T02:37:31.9436080+00:00 correlationId=6a21c571e93a4d3ebdd969c6b81f25d1 component=Watch stage=HTTP_STATUS elapsedMs=3 endpoint=/api/demands rowCount=0 bytes=0 detail=Response status code does not indicate success: 503 (Service Unavailable). Host response: {"error":"fake Host offline"}
recordedAt=2026-08-10T02:37:32.2909774+00:00 correlationId=e0272200d22a40a1809fc4f004b53a68 component=Watch stage=HTTP_OK elapsedMs=1 endpoint=/api/poll-health statusCode=200 rowCount=1 bytes=210
recordedAt=2026-08-10T02:37:32.2910053+00:00 correlationId=027fe2f8778445289b70ea36413b79d2 component=Watch stage=HTTP_OK elapsedMs=1 endpoint=/api/alerts statusCode=200 rowCount=0 bytes=46
recordedAt=2026-08-10T02:37:32.2910263+00:00 correlationId=4a07c0638ac3451fba2bcda653a2daaf component=Watch stage=HTTP_OK elapsedMs=0 endpoint=/api/demands statusCode=200 rowCount=1 bytes=436
