recordedAt=2026-08-10T03:27:59.5612154+00:00 correlationId=bae89ac591d94d10abc59aa2e8bd5b2b component=Watch stage=HTTP_OK elapsedMs=70 endpoint=/api/contract statusCode=200 rowCount=1 bytes=59
recordedAt=2026-08-10T03:27:59.6100321+00:00 correlationId=4e0ae08c37a544a09b64e27141429245 component=Watch stage=HTTP_OK elapsedMs=36 endpoint=/api/poll-health statusCode=200 rowCount=1 bytes=210
recordedAt=2026-08-10T03:27:59.6313283+00:00 correlationId=7f4aa5ea10da4b869825f084f9103f0d component=Watch stage=HTTP_OK elapsedMs=1 endpoint=/api/poll-health statusCode=200 rowCount=1 bytes=210
recordedAt=2026-08-10T03:27:59.6559875+00:00 correlationId=806928250f4640ebbeb7cdac0d3803c2 component=Watch stage=HTTP_OK elapsedMs=13 endpoint=/api/alerts statusCode=200 rowCount=0 bytes=46
recordedAt=2026-08-10T03:27:59.6596872+00:00 correlationId=c01f8519472c48118bcbefc8a534a68f component=Watch stage=HTTP_OK elapsedMs=10 endpoint=/api/demands statusCode=200 rowCount=1 bytes=436
recordedAt=2026-08-10T03:28:05.2380262+00:00 correlationId=a0ac5f31754f49fea76a2504bc7eef30 component=Watch stage=HTTP_STATUS elapsedMs=14 endpoint=/api/demands rowCount=0 bytes=0 detail=Response status code does not indicate success: 503 (Service Unavailable). Host response: {"error":"fake Host offline"}
recordedAt=2026-08-10T03:28:05.2380125+00:00 correlationId=959c163531fb4d0ca40977420708bbb7 component=Watch stage=HTTP_STATUS elapsedMs=3 endpoint=/api/poll-health rowCount=0 bytes=0 detail=Response status code does not indicate success: 503 (Service Unavailable).
recordedAt=2026-08-10T03:28:05.2381231+00:00 correlationId=cafc3f9184c4446299d3d0b59408fd44 component=Watch stage=HTTP_STATUS elapsedMs=12 endpoint=/api/alerts statusCode=503 rowCount=0 bytes=29 detail={"error":"fake Host offline"}
recordedAt=2026-08-10T03:28:05.4787315+00:00 correlationId=de92c739d1f6415dbca7a00f7ef82e82 component=Watch stage=HTTP_OK elapsedMs=0 endpoint=/api/alerts statusCode=200 rowCount=0 bytes=46
recordedAt=2026-08-10T03:28:05.4787253+00:00 correlationId=9b18e56cb34a45118906574429ffacb5 component=Watch stage=HTTP_OK elapsedMs=1 endpoint=/api/poll-health statusCode=200 rowCount=1 bytes=210
recordedAt=2026-08-10T03:28:05.4787752+00:00 correlationId=164c69c45acd413eab5e89cec7ae11e3 component=Watch stage=HTTP_OK elapsedMs=0 endpoint=/api/demands statusCode=200 rowCount=1 bytes=436
recordedAt=2026-08-10T03:28:38.6087200+00:00 correlationId=67ec9f2627a443b0abb02ee6c5277e24 component=Watch stage=HTTP_OK elapsedMs=80 endpoint=/api/contract statusCode=200 rowCount=1 bytes=59
recordedAt=2026-08-10T03:28:38.6894399+00:00 correlationId=aaf7dbd0f63140cfae4cd2fc4e7e513a component=Watch stage=HTTP_OK elapsedMs=71 endpoint=/api/poll-health statusCode=200 rowCount=1 bytes=210
recordedAt=2026-08-10T03:28:38.7305376+00:00 correlationId=0ce4a7f3f33f44a5be464748e5aef3d3 component=Watch stage=HTTP_OK elapsedMs=0 endpoint=/api/poll-health statusCode=200 rowCount=1 bytes=210
recordedAt=2026-08-10T03:28:38.7608853+00:00 correlationId=fe0b5dad0fe54f628b863369c3ae85c2 component=Watch stage=HTTP_OK elapsedMs=19 endpoint=/api/alerts statusCode=200 rowCount=0 bytes=46
recordedAt=2026-08-10T03:28:38.7708383+00:00 correlationId=dbbf9453f83a41649a868d77b49ed9e2 component=Watch stage=HTTP_OK elapsedMs=24 endpoint=/api/demands statusCode=200 rowCount=1 bytes=436
recordedAt=2026-08-10T03:28:39.7331471+00:00 correlationId=a7514ece8de544c4b885c1ae1b8f8ce9 component=Watch stage=HTTP_STATUS elapsedMs=2 endpoint=/api/demands rowCount=0 bytes=0 detail=Response status code does not indicate success: 503 (Service Unavailable). Host response: {"error":"fake Host offline"}
recordedAt=2026-08-10T03:28:39.7336141+00:00 correlationId=274335b69b3f407b8bcdc320dff216ec component=Watch stage=HTTP_STATUS elapsedMs=2 endpoint=/api/poll-health rowCount=0 bytes=0 detail=Response status code does not indicate success: 503 (Service Unavailable).
recordedAt=2026-08-10T03:28:39.7337499+00:00 correlationId=3608c2fd80dd4d8ba1035de6b8e14944 component=Watch stage=HTTP_STATUS elapsedMs=2 endpoint=/api/alerts statusCode=503 rowCount=0 bytes=29 detail={"error":"fake Host offline"}
recordedAt=2026-08-10T03:28:40.0764789+00:00 correlationId=08dc3d55b71c41329492f51e5c885648 component=Watch stage=HTTP_OK elapsedMs=1 endpoint=/api/poll-health statusCode=200 rowCount=1 bytes=210
recordedAt=2026-08-10T03:28:40.0767952+00:00 correlationId=f41d5faabe7c4cbea198623744b590c3 component=Watch stage=HTTP_OK elapsedMs=1 endpoint=/api/alerts statusCode=200 rowCount=0 bytes=46
recordedAt=2026-08-10T03:28:40.0771850+00:00 correlationId=872fe1f236cb485abfa1b4392903ca0d component=Watch stage=HTTP_OK elapsedMs=1 endpoint=/api/demands statusCode=200 rowCount=1 bytes=436
