[16:29:52 INF] Executed DbCommand (12ms) [Parameters=[], CommandType='Text', CommandTimeout='30']
SELECT COUNT(*) FROM "sqlite_master" WHERE "name" = '__EFMigrationsHistory' AND "type" = 'table';
[16:29:52 INF] Executed DbCommand (0ms) [Parameters=[], CommandType='Text', CommandTimeout='30']
SELECT COUNT(*) FROM "sqlite_master" WHERE "name" = '__EFMigrationsHistory' AND "type" = 'table';
[16:29:52 INF] Executed DbCommand (1ms) [Parameters=[], CommandType='Text', CommandTimeout='30']
SELECT "MigrationId", "ProductVersion"
FROM "__EFMigrationsHistory"
ORDER BY "MigrationId";
[16:29:52 INF] No migrations were applied. The database is already up to date.
[16:29:53 INF] Onboard NDJSON listener started on 127.0.0.1:58105; TLS=False
[16:29:53 INF] Now listening on: http://127.0.0.1:58107
[16:29:53 INF] Application started. Press Ctrl+C to shut down.
[16:29:53 INF] Hosting environment: Production
[16:29:53 INF] Content root path: C:\Users\szy\AppData\Local\Temp\8005-staged-g3-20260826-162902\control
[16:29:53 INF] Executed DbCommand (0ms) [Parameters=[], CommandType='Text', CommandTimeout='30']
SELECT "s"."AgvId", "s"."SessionGeneration", "s"."Readiness", "s"."ReasonCode", "s"."UpdatedAt"
FROM "SessionRecoveries" AS "s"
ORDER BY "s"."AgvId"
[16:29:53 INF] Executed DbCommand (5ms) [Parameters=[@__messageId_0='?' (Size = 36)], CommandType='Text', CommandTimeout='30']
SELECT "p"."MessageId", "p"."ContentHash", "p"."FirstResponseJson", "p"."MessageType", "p"."ReceivedAt", "p"."RequestJson"
FROM "ProtocolInbox" AS "p"
WHERE "p"."MessageId" = @__messageId_0
LIMIT 2
[16:29:53 INF] HTTP GET /api/runtime/sessions responded 200 in 259.0672 ms
[16:29:53 INF] Executed DbCommand (0ms) [Parameters=[@__agvId_0='?' (Size = 21)], CommandType='Text', CommandTimeout='30']
SELECT "s"."SessionGeneration"
FROM "SessionRecoveries" AS "s"
WHERE "s"."AgvId" = @__agvId_0
LIMIT 2
[16:29:53 INF] Executed DbCommand (0ms) [Parameters=[@__identity_AgvId_0='?' (Size = 21)], CommandType='Text', CommandTimeout='30']
SELECT "s"."AgvId", "s"."CapabilityHash", "s"."CapabilityRevision", "s"."DepartureSafe", "s"."ForcedRecoveryGeneration", "s"."ManifestSha256", "s"."PendingAttemptIdsJson", "s"."PendingResultIdsJson", "s"."ProfileId", "s"."ProtocolCommit", "s"."ProtocolVersion", "s"."Readiness", "s"."ReasonCode", "s"."RecoveryReportId", "s"."SafetyHash", "s"."SafetyRevision", "s"."SessionGeneration", "s"."UpdatedAt"
FROM "SessionRecoveries" AS "s"
WHERE "s"."AgvId" = @__identity_AgvId_0
LIMIT 2
[16:29:53 INF] Executed DbCommand (3ms) [Parameters=[@p9='?' (Size = 21), @p0='?', @p1='?' (DbType = Int64), @p2='?' (DbType = Boolean), @p3='?' (Size = 20), @p4='?', @p5='?', @p6='?' (DbType = Int64), @p7='?' (DbType = Int64), @p8='?' (DbType = DateTimeOffset)], CommandType='Text', CommandTimeout='30']
UPDATE "SessionRecoveries" SET "CapabilityHash" = @p0, "CapabilityRevision" = @p1, "DepartureSafe" = @p2, "ReasonCode" = @p3, "RecoveryReportId" = @p4, "SafetyHash" = @p5, "SafetyRevision" = @p6, "SessionGeneration" = @p7, "UpdatedAt" = @p8
WHERE "AgvId" = @p9
RETURNING 1;
[16:29:53 INF] Executed DbCommand (0ms) [Parameters=[@p0='?' (Size = 36), @p1='?' (Size = 64), @p2='?' (Size = 1075), @p3='?' (Size = 12), @p4='?' (DbType = DateTimeOffset), @p5='?' (Size = 1086)], CommandType='Text', CommandTimeout='30']
INSERT INTO "ProtocolInbox" ("MessageId", "ContentHash", "FirstResponseJson", "MessageType", "ReceivedAt", "RequestJson")
VALUES (@p0, @p1, @p2, @p3, @p4, @p5);
[16:29:53 INF] Executed DbCommand (0ms) [Parameters=[@__messageId_0='?' (Size = 36)], CommandType='Text', CommandTimeout='30']
SELECT "p"."MessageId", "p"."ContentHash", "p"."FirstResponseJson", "p"."MessageType", "p"."ReceivedAt", "p"."RequestJson"
FROM "ProtocolInbox" AS "p"
WHERE "p"."MessageId" = @__messageId_0
LIMIT 2
[16:29:53 INF] Executed DbCommand (0ms) [Parameters=[@__agvId_0='?' (Size = 21)], CommandType='Text', CommandTimeout='30']
SELECT "s"."AgvId", "s"."CapabilityHash", "s"."CapabilityRevision", "s"."DepartureSafe", "s"."ForcedRecoveryGeneration", "s"."ManifestSha256", "s"."PendingAttemptIdsJson", "s"."PendingResultIdsJson", "s"."ProfileId", "s"."ProtocolCommit", "s"."ProtocolVersion", "s"."Readiness", "s"."ReasonCode", "s"."RecoveryReportId", "s"."SafetyHash", "s"."SafetyRevision", "s"."SessionGeneration", "s"."UpdatedAt"
FROM "SessionRecoveries" AS "s"
WHERE "s"."AgvId" = @__agvId_0
LIMIT 2
[16:29:53 INF] Executed DbCommand (0ms) [Parameters=[@p3='?' (Size = 21), @p0='?' (Size = 64), @p1='?' (DbType = Int64), @p2='?' (DbType = DateTimeOffset)], CommandType='Text', CommandTimeout='30']
UPDATE "SessionRecoveries" SET "CapabilityHash" = @p0, "CapabilityRevision" = @p1, "UpdatedAt" = @p2
WHERE "AgvId" = @p3
RETURNING 1;
[16:29:53 INF] Executed DbCommand (0ms) [Parameters=[@p0='?' (Size = 36), @p1='?' (Size = 64), @p2='?' (Size = 633), @p3='?' (Size = 18), @p4='?' (DbType = DateTimeOffset), @p5='?' (Size = 1980)], CommandType='Text', CommandTimeout='30']
INSERT INTO "ProtocolInbox" ("MessageId", "ContentHash", "FirstResponseJson", "MessageType", "ReceivedAt", "RequestJson")
VALUES (@p0, @p1, @p2, @p3, @p4, @p5);
[16:29:53 INF] Executed DbCommand (0ms) [Parameters=[@__messageId_0='?' (Size = 36)], CommandType='Text', CommandTimeout='30']
SELECT "p"."MessageId", "p"."ContentHash", "p"."FirstResponseJson", "p"."MessageType", "p"."ReceivedAt", "p"."RequestJson"
FROM "ProtocolInbox" AS "p"
WHERE "p"."MessageId" = @__messageId_0
LIMIT 2
[16:29:53 INF] Executed DbCommand (0ms) [Parameters=[@__agvId_0='?' (Size = 21)], CommandType='Text', CommandTimeout='30']
SELECT "s"."AgvId", "s"."CapabilityHash", "s"."CapabilityRevision", "s"."DepartureSafe", "s"."ForcedRecoveryGeneration", "s"."ManifestSha256", "s"."PendingAttemptIdsJson", "s"."PendingResultIdsJson", "s"."ProfileId", "s"."ProtocolCommit", "s"."ProtocolVersion", "s"."Readiness", "s"."ReasonCode", "s"."RecoveryReportId", "s"."SafetyHash", "s"."SafetyRevision", "s"."SessionGeneration", "s"."UpdatedAt"
FROM "SessionRecoveries" AS "s"
WHERE "s"."AgvId" = @__agvId_0
LIMIT 2
[16:29:53 INF] Executed DbCommand (0ms) [Parameters=[@p4='?' (Size = 21), @p0='?' (DbType = Boolean), @p1='?' (Size = 64), @p2='?' (DbType = Int64), @p3='?' (DbType = DateTimeOffset)], CommandType='Text', CommandTimeout='30']
UPDATE "SessionRecoveries" SET "DepartureSafe" = @p0, "SafetyHash" = @p1, "SafetyRevision" = @p2, "UpdatedAt" = @p3
WHERE "AgvId" = @p4
RETURNING 1;
[16:29:53 INF] Executed DbCommand (0ms) [Parameters=[@p0='?' (Size = 36), @p1='?' (Size = 64), @p2='?' (Size = 635), @p3='?' (Size = 19), @p4='?' (DbType = DateTimeOffset), @p5='?' (Size = 2013)], CommandType='Text', CommandTimeout='30']
INSERT INTO "ProtocolInbox" ("MessageId", "ContentHash", "FirstResponseJson", "MessageType", "ReceivedAt", "RequestJson")
VALUES (@p0, @p1, @p2, @p3, @p4, @p5);
[16:29:53 INF] Executed DbCommand (0ms) [Parameters=[@__messageId_0='?' (Size = 36)], CommandType='Text', CommandTimeout='30']
SELECT "p"."MessageId", "p"."ContentHash", "p"."FirstResponseJson", "p"."MessageType", "p"."ReceivedAt", "p"."RequestJson"
FROM "ProtocolInbox" AS "p"
WHERE "p"."MessageId" = @__messageId_0
LIMIT 2
[16:29:53 INF] Executed DbCommand (0ms) [Parameters=[@__agvId_0='?' (Size = 21)], CommandType='Text', CommandTimeout='30']
SELECT "s"."AgvId", "s"."CapabilityHash", "s"."CapabilityRevision", "s"."DepartureSafe", "s"."ForcedRecoveryGeneration", "s"."ManifestSha256", "s"."PendingAttemptIdsJson", "s"."PendingResultIdsJson", "s"."ProfileId", "s"."ProtocolCommit", "s"."ProtocolVersion", "s"."Readiness", "s"."ReasonCode", "s"."RecoveryReportId", "s"."SafetyHash", "s"."SafetyRevision", "s"."SessionGeneration", "s"."UpdatedAt"
FROM "SessionRecoveries" AS "s"
WHERE "s"."AgvId" = @__agvId_0
LIMIT 2
[16:29:53 INF] Executed DbCommand (0ms) [Parameters=[@p3='?' (Size = 21), @p0='?' (Size = 31), @p1='?' (Size = 36), @p2='?' (DbType = DateTimeOffset)], CommandType='Text', CommandTimeout='30']
UPDATE "SessionRecoveries" SET "ReasonCode" = @p0, "RecoveryReportId" = @p1, "UpdatedAt" = @p2
WHERE "AgvId" = @p3
RETURNING 1;
[16:29:53 INF] Executed DbCommand (0ms) [Parameters=[@__agvId_0='?' (Size = 21)], CommandType='Text', CommandTimeout='30']
SELECT "s"."AgvId", "s"."CapabilityHash", "s"."CapabilityRevision", "s"."DepartureSafe", "s"."ForcedRecoveryGeneration", "s"."ManifestSha256", "s"."PendingAttemptIdsJson", "s"."PendingResultIdsJson", "s"."ProfileId", "s"."ProtocolCommit", "s"."ProtocolVersion", "s"."Readiness", "s"."ReasonCode", "s"."RecoveryReportId", "s"."SafetyHash", "s"."SafetyRevision", "s"."SessionGeneration", "s"."UpdatedAt"
FROM "SessionRecoveries" AS "s"
WHERE "s"."AgvId" = @__agvId_0
LIMIT 2
[16:29:53 INF] Executed DbCommand (0ms) [Parameters=[@p2='?' (Size = 21), @p0='?' (Size = 26), @p1='?' (DbType = DateTimeOffset)], CommandType='Text', CommandTimeout='30']
UPDATE "SessionRecoveries" SET "ReasonCode" = @p0, "UpdatedAt" = @p1
WHERE "AgvId" = @p2
RETURNING 1;
[16:29:53 INF] Executed DbCommand (0ms) [Parameters=[@p0='?' (Size = 36), @p1='?' (Size = 64), @p2='?' (Size = 1298), @p3='?' (Size = 19), @p4='?' (DbType = DateTimeOffset), @p5='?' (Size = 742)], CommandType='Text', CommandTimeout='30']
INSERT INTO "ProtocolInbox" ("MessageId", "ContentHash", "FirstResponseJson", "MessageType", "ReceivedAt", "RequestJson")
VALUES (@p0, @p1, @p2, @p3, @p4, @p5);
[16:29:53 INF] Executed DbCommand (0ms) [Parameters=[], CommandType='Text', CommandTimeout='30']
SELECT "s"."AgvId", "s"."SessionGeneration", "s"."Readiness", "s"."ReasonCode", "s"."UpdatedAt"
FROM "SessionRecoveries" AS "s"
ORDER BY "s"."AgvId"
[16:29:53 INF] HTTP GET /api/runtime/sessions responded 200 in 4.8017 ms
[16:29:58 INF] Executed DbCommand (0ms) [Parameters=[@__messageId_0='?' (Size = 36)], CommandType='Text', CommandTimeout='30']
SELECT "p"."MessageId", "p"."ContentHash", "p"."FirstResponseJson", "p"."MessageType", "p"."ReceivedAt", "p"."RequestJson"
FROM "ProtocolInbox" AS "p"
WHERE "p"."MessageId" = @__messageId_0
LIMIT 2
[16:29:58 INF] Executed DbCommand (0ms) [Parameters=[@p0='?' (Size = 36), @p1='?' (Size = 64), @p2='?' (Size = 546), @p3='?' (Size = 9), @p4='?' (DbType = DateTimeOffset), @p5='?' (Size = 438)], CommandType='Text', CommandTimeout='30']
INSERT INTO "ProtocolInbox" ("MessageId", "ContentHash", "FirstResponseJson", "MessageType", "ReceivedAt", "RequestJson")
VALUES (@p0, @p1, @p2, @p3, @p4, @p5);
[16:30:03 INF] Executed DbCommand (0ms) [Parameters=[@__messageId_0='?' (Size = 36)], CommandType='Text', CommandTimeout='30']
SELECT "p"."MessageId", "p"."ContentHash", "p"."FirstResponseJson", "p"."MessageType", "p"."ReceivedAt", "p"."RequestJson"
FROM "ProtocolInbox" AS "p"
WHERE "p"."MessageId" = @__messageId_0
LIMIT 2
[16:30:03 INF] Executed DbCommand (0ms) [Parameters=[@p0='?' (Size = 36), @p1='?' (Size = 64), @p2='?' (Size = 547), @p3='?' (Size = 9), @p4='?' (DbType = DateTimeOffset), @p5='?' (Size = 438)], CommandType='Text', CommandTimeout='30']
INSERT INTO "ProtocolInbox" ("MessageId", "ContentHash", "FirstResponseJson", "MessageType", "ReceivedAt", "RequestJson")
VALUES (@p0, @p1, @p2, @p3, @p4, @p5);
[16:30:05 INF] Executed DbCommand (0ms) [Parameters=[], CommandType='Text', CommandTimeout='30']
SELECT "s"."AgvId", "s"."SessionGeneration", "s"."Readiness", "s"."ReasonCode", "s"."UpdatedAt"
FROM "SessionRecoveries" AS "s"
ORDER BY "s"."AgvId"
[16:30:05 INF] HTTP GET /api/runtime/sessions responded 200 in 5.3063 ms
[16:30:05 INF] Executed DbCommand (0ms) [Parameters=[], CommandType='Text', CommandTimeout='30']
SELECT EXISTS (
    SELECT 1
    FROM "SessionRecoveries" AS "s"
    WHERE "s"."Readiness" = 'Ready')
[16:30:05 ERR] HTTP GET /health/ready responded 503 in 21.1778 ms
[16:30:06 WRN] Onboard connection ended with a protocol or transport error.
System.IO.IOException: Unable to read data from the transport connection: An existing connection was forcibly closed by the remote host..
 ---> System.Net.Sockets.SocketException (10054): An existing connection was forcibly closed by the remote host.
   --- End of inner exception stack trace ---
   at System.Net.Sockets.Socket.AwaitableSocketAsyncEventArgs.ThrowException(SocketError error, CancellationToken cancellationToken)
   at System.Net.Sockets.Socket.AwaitableSocketAsyncEventArgs.System.Threading.Tasks.Sources.IValueTaskSource<System.Int32>.GetResult(Int16 token)
   at System.IO.StreamReader.ReadBufferAsync(CancellationToken cancellationToken)
   at System.IO.StreamReader.ReadLineAsyncInternal(CancellationToken cancellationToken)
   at ControlServer.Host.Transport.OnboardTcpServer.HandleClientAsync(TcpClient client, CancellationToken cancellationToken) in C:\Users\szy\Desktop\8005-agv-control-server\src\ControlServer.Host\Transport\OnboardTcpServer.cs:line 72
   at ControlServer.Host.Transport.OnboardTcpServer.HandleClientAsync(TcpClient client, CancellationToken cancellationToken) in C:\Users\szy\Desktop\8005-agv-control-server\src\ControlServer.Host\Transport\OnboardTcpServer.cs:line 104
   at ControlServer.Host.Transport.OnboardTcpServer.HandleClientAsync(TcpClient client, CancellationToken cancellationToken) in C:\Users\szy\Desktop\8005-agv-control-server\src\ControlServer.Host\Transport\OnboardTcpServer.cs:line 104
   at ControlServer.Host.Transport.OnboardTcpServer.HandleClientAsync(TcpClient client, CancellationToken cancellationToken) in C:\Users\szy\Desktop\8005-agv-control-server\src\ControlServer.Host\Transport\OnboardTcpServer.cs:line 104
   at ControlServer.Host.Transport.OnboardTcpServer.ExecuteAsync(CancellationToken stoppingToken) in C:\Users\szy\Desktop\8005-agv-control-server\src\ControlServer.Host\Transport\OnboardTcpServer.cs:line 41
