recordedAt=2026-08-10T03:31:11.3254018+00:00 correlationId=e943c530da7a4b62981b7698f8b45da4 component=Watch stage=HTTP_OK elapsedMs=72 endpoint=/api/contract statusCode=200 rowCount=1 bytes=59
recordedAt=2026-08-10T03:31:11.3864178+00:00 correlationId=34cacd06cfc74e86842d441a6ddc9818 component=Watch stage=HTTP_OK elapsedMs=51 endpoint=/api/poll-health statusCode=200 rowCount=1 bytes=210
recordedAt=2026-08-10T03:31:11.4199743+00:00 correlationId=353543667e02451face0203a0d41c904 component=Watch stage=HTTP_OK elapsedMs=1 endpoint=/api/poll-health statusCode=200 rowCount=1 bytes=210
recordedAt=2026-08-10T03:31:11.4356183+00:00 correlationId=f8f5e0cf1c794bb19c44f09fc2a5ab0b component=Watch stage=HTTP_OK elapsedMs=12 endpoint=/api/alerts statusCode=200 rowCount=0 bytes=46
recordedAt=2026-08-10T03:31:11.4373282+00:00 correlationId=747cf8f13a764489bce5112cb3c79ba1 component=Watch stage=HTTP_OK elapsedMs=9 endpoint=/api/demands statusCode=200 rowCount=1 bytes=436
recordedAt=2026-08-10T03:31:16.8832114+00:00 correlationId=67dae7c91f39472093883f88696ccccc component=Watch stage=HTTP_STATUS elapsedMs=3 endpoint=/api/alerts statusCode=503 rowCount=0 bytes=29 detail={"error":"fake Host offline"}
recordedAt=2026-08-10T03:31:16.8832194+00:00 correlationId=5f4bbf4341cc428f92acb4a21ed0f628 component=Watch stage=HTTP_STATUS elapsedMs=9 endpoint=/api/demands rowCount=0 bytes=0 detail=Response status code does not indicate success: 503 (Service Unavailable). Host response: {"error":"fake Host offline"}
recordedAt=2026-08-10T03:31:16.8832355+00:00 correlationId=a6e7486e145c4b81974886fc17ce07bd component=Watch stage=HTTP_STATUS elapsedMs=3 endpoint=/api/poll-health rowCount=0 bytes=0 detail=Response status code does not indicate success: 503 (Service Unavailable).
recordedAt=2026-08-10T03:31:17.1785237+00:00 correlationId=a4ef8e2d05454f73a48db2841200fb82 component=Watch stage=HTTP_OK elapsedMs=3 endpoint=/api/poll-health statusCode=200 rowCount=1 bytes=210
recordedAt=2026-08-10T03:31:17.1785179+00:00 correlationId=84dfbf49588a44ecaf431108fceedeb8 component=Watch stage=HTTP_OK elapsedMs=2 endpoint=/api/alerts statusCode=200 rowCount=0 bytes=46
recordedAt=2026-08-10T03:31:17.1785656+00:00 correlationId=32a1e4166b044cc4a3183e5b6428b9b4 component=Watch stage=HTTP_OK elapsedMs=2 endpoint=/api/demands statusCode=200 rowCount=1 bytes=436
recordedAt=2026-08-10T03:31:50.9468465+00:00 correlationId=da0fe69bb6b743d3a26e2fcd9d89854d component=Watch stage=HTTP_OK elapsedMs=74 endpoint=/api/contract statusCode=200 rowCount=1 bytes=59
recordedAt=2026-08-10T03:31:50.9955667+00:00 correlationId=e0fb2ae89c0440cd94490740b233c7d8 component=Watch stage=HTTP_OK elapsedMs=43 endpoint=/api/poll-health statusCode=200 rowCount=1 bytes=210
recordedAt=2026-08-10T03:31:51.0251620+00:00 correlationId=2c99fac373c64bb3958313b95ad342ba component=Watch stage=HTTP_OK elapsedMs=1 endpoint=/api/poll-health statusCode=200 rowCount=1 bytes=210
recordedAt=2026-08-10T03:31:51.0456641+00:00 correlationId=ad1b11ada79a4e228ea0d155769f2265 component=Watch stage=HTTP_OK elapsedMs=16 endpoint=/api/alerts statusCode=200 rowCount=0 bytes=46
recordedAt=2026-08-10T03:31:51.0466999+00:00 correlationId=c3334df434434268b5cb2115fdb1fb48 component=Watch stage=HTTP_OK elapsedMs=13 endpoint=/api/demands statusCode=200 rowCount=1 bytes=436
recordedAt=2026-08-10T03:31:52.0722495+00:00 correlationId=4e18c284322d4be09c2bb6029974aedf component=Watch stage=HTTP_STATUS elapsedMs=3 endpoint=/api/poll-health rowCount=0 bytes=0 detail=Response status code does not indicate success: 503 (Service Unavailable).
recordedAt=2026-08-10T03:31:52.0722495+00:00 correlationId=ca1e7f76e12344c990c87db3deef4123 component=Watch stage=HTTP_STATUS elapsedMs=3 endpoint=/api/alerts statusCode=503 rowCount=0 bytes=29 detail={"error":"fake Host offline"}
recordedAt=2026-08-10T03:31:52.0722495+00:00 correlationId=5a37b4b87fa144edb8595cb97a524df4 component=Watch stage=HTTP_STATUS elapsedMs=3 endpoint=/api/demands rowCount=0 bytes=0 detail=Response status code does not indicate success: 503 (Service Unavailable). Host response: {"error":"fake Host offline"}
recordedAt=2026-08-10T03:31:52.4055542+00:00 correlationId=cdcd6733c375404c9e0cf75c65eb6a34 component=Watch stage=HTTP_OK elapsedMs=0 endpoint=/api/alerts statusCode=200 rowCount=0 bytes=46
recordedAt=2026-08-10T03:31:52.4055579+00:00 correlationId=6ff87736839f4893abbdd4779dec806a component=Watch stage=HTTP_OK elapsedMs=1 endpoint=/api/poll-health statusCode=200 rowCount=1 bytes=210
recordedAt=2026-08-10T03:31:52.4058545+00:00 correlationId=514e61fbba0146e296540736d2e02636 component=Watch stage=HTTP_OK elapsedMs=0 endpoint=/api/demands statusCode=200 rowCount=1 bytes=436
